Archive member included to satisfy reference by file (symbol)

c:/program files (x86)/atollic/truestudio for stm32 9.1.0/armtools/bin/../lib/gcc/arm-atollic-eabi/6.3.1/../../../../arm-atollic-eabi/lib/armv7-m\libc_nano.a(lib_a-init.o)
                              startup\startup_stm32f103xb.o (__libc_init_array)
c:/program files (x86)/atollic/truestudio for stm32 9.1.0/armtools/bin/../lib/gcc/arm-atollic-eabi/6.3.1/../../../../arm-atollic-eabi/lib/armv7-m\libc_nano.a(lib_a-memset.o)
                              Drivers\STM32F1xx_HAL_Driver\Src\stm32f1xx_hal_rcc.o (memset)
c:/program files (x86)/atollic/truestudio for stm32 9.1.0/armtools/bin/../lib/gcc/arm-atollic-eabi/6.3.1/armv7-m\libgcc.a(_lshrdi3.o)
                              Drivers\STM32F1xx_HAL_Driver\Src\stm32f1xx_hal_flash.o (__aeabi_llsr)
c:/program files (x86)/atollic/truestudio for stm32 9.1.0/armtools/bin/../lib/gcc/arm-atollic-eabi/6.3.1/armv7-m\libgcc.a(_arm_addsubdf3.o)
                              Src\main.o (__aeabi_i2d)
c:/program files (x86)/atollic/truestudio for stm32 9.1.0/armtools/bin/../lib/gcc/arm-atollic-eabi/6.3.1/armv7-m\libgcc.a(_arm_muldivdf3.o)
                              Src\wheel_speed.o (__aeabi_dmul)
c:/program files (x86)/atollic/truestudio for stm32 9.1.0/armtools/bin/../lib/gcc/arm-atollic-eabi/6.3.1/armv7-m\libgcc.a(_arm_truncdfsf2.o)
                              Src\main.o (__aeabi_d2f)
c:/program files (x86)/atollic/truestudio for stm32 9.1.0/armtools/bin/../lib/gcc/arm-atollic-eabi/6.3.1/armv7-m\libgcc.a(_arm_addsubsf3.o)
                              Src\wheel_speed.o (__aeabi_fadd)
c:/program files (x86)/atollic/truestudio for stm32 9.1.0/armtools/bin/../lib/gcc/arm-atollic-eabi/6.3.1/armv7-m\libgcc.a(_arm_muldivsf3.o)
                              Src\wheel_speed.o (__aeabi_fmul)
c:/program files (x86)/atollic/truestudio for stm32 9.1.0/armtools/bin/../lib/gcc/arm-atollic-eabi/6.3.1/armv7-m\libgcc.a(_arm_fixunssfsi.o)
                              Src\wheel_speed.o (__aeabi_f2uiz)

Allocating common symbols
Common symbol       size              file

measured_distance   0x10              Src\main.o
hi2c2               0x54              Src\i2c.o
adc_reading         0x8               Src\main.o
steering_final_reading
                    0x4               Src\main.o
hcan                0x44              Src\can.o
uwTick              0x4               Drivers\STM32F1xx_HAL_Driver\Src\stm32f1xx_hal.o
pFlash              0x20              Drivers\STM32F1xx_HAL_Driver\Src\stm32f1xx_hal_flash.o
steering_decimal_reading
                    0x4               Src\main.o
htim3               0x40              Src\tim.o
TxMessage1          0x1c              Src\main.o
hadc1               0x30              Src\adc.o
hdma_adc1           0x44              Src\adc.o
htim1               0x40              Src\tim.o
htim2               0x40              Src\tim.o
steering_graycode_reading
                    0x4               Src\main.o
mpu1                0x14              Src\main.o

Discarded input sections

 .text          0x00000000        0x0 c:/program files (x86)/atollic/truestudio for stm32 9.1.0/armtools/bin/../lib/gcc/arm-atollic-eabi/6.3.1/armv7-m/crti.o
 .data          0x00000000        0x0 c:/program files (x86)/atollic/truestudio for stm32 9.1.0/armtools/bin/../lib/gcc/arm-atollic-eabi/6.3.1/armv7-m/crti.o
 .bss           0x00000000        0x0 c:/program files (x86)/atollic/truestudio for stm32 9.1.0/armtools/bin/../lib/gcc/arm-atollic-eabi/6.3.1/armv7-m/crti.o
 .data          0x00000000        0x4 c:/program files (x86)/atollic/truestudio for stm32 9.1.0/armtools/bin/../lib/gcc/arm-atollic-eabi/6.3.1/armv7-m/crtbegin.o
 .text          0x00000000        0x0 Drivers\STM32F1xx_HAL_Driver\Src\stm32f1xx_hal.o
 .data          0x00000000        0x0 Drivers\STM32F1xx_HAL_Driver\Src\stm32f1xx_hal.o
 .bss           0x00000000        0x0 Drivers\STM32F1xx_HAL_Driver\Src\stm32f1xx_hal.o
 .text.HAL_MspInit
                0x00000000        0x2 Drivers\STM32F1xx_HAL_Driver\Src\stm32f1xx_hal.o
 .text.HAL_MspDeInit
                0x00000000        0x2 Drivers\STM32F1xx_HAL_Driver\Src\stm32f1xx_hal.o
 .text.HAL_DeInit
                0x00000000       0x20 Drivers\STM32F1xx_HAL_Driver\Src\stm32f1xx_hal.o
 .text.HAL_GetTickPrio
                0x00000000        0xc Drivers\STM32F1xx_HAL_Driver\Src\stm32f1xx_hal.o
 .text.HAL_SetTickFreq
                0x00000000       0x24 Drivers\STM32F1xx_HAL_Driver\Src\stm32f1xx_hal.o
 .text.HAL_GetTickFreq
                0x00000000        0xc Drivers\STM32F1xx_HAL_Driver\Src\stm32f1xx_hal.o
 .text.HAL_SuspendTick
                0x00000000       0x10 Drivers\STM32F1xx_HAL_Driver\Src\stm32f1xx_hal.o
 .text.HAL_ResumeTick
                0x00000000       0x10 Drivers\STM32F1xx_HAL_Driver\Src\stm32f1xx_hal.o
 .text.HAL_GetHalVersion
                0x00000000        0x8 Drivers\STM32F1xx_HAL_Driver\Src\stm32f1xx_hal.o
 .text.HAL_GetREVID
[...]
Memory Configuration

Name             Origin             Length             Attributes
RAM              0x20000000         0x00005000         xrw
FLASH            0x08000000         0x00010000         xr
*default*        0x00000000         0xffffffff

Linker script and memory map

LOAD c:/program files (x86)/atollic/truestudio for stm32 9.1.0/armtools/bin/../lib/gcc/arm-atollic-eabi/6.3.1/armv7-m/crti.o
LOAD c:/program files (x86)/atollic/truestudio for stm32 9.1.0/armtools/bin/../lib/gcc/arm-atollic-eabi/6.3.1/armv7-m/crtbegin.o
LOAD Drivers\STM32F1xx_HAL_Driver\Src\stm32f1xx_hal.o
LOAD Drivers\STM32F1xx_HAL_Driver\Src\stm32f1xx_hal_adc.o
LOAD Drivers\STM32F1xx_HAL_Driver\Src\stm32f1xx_hal_adc_ex.o
LOAD Drivers\STM32F1xx_HAL_Driver\Src\stm32f1xx_hal_can.o
LOAD Drivers\STM32F1xx_HAL_Driver\Src\stm32f1xx_hal_cortex.o
LOAD Drivers\STM32F1xx_HAL_Driver\Src\stm32f1xx_hal_dma.o
LOAD Drivers\STM32F1xx_HAL_Driver\Src\stm32f1xx_hal_flash.o
LOAD Drivers\STM32F1xx_HAL_Driver\Src\stm32f1xx_hal_flash_ex.o
LOAD Drivers\STM32F1xx_HAL_Driver\Src\stm32f1xx_hal_gpio.o
LOAD Drivers\STM32F1xx_HAL_Driver\Src\stm32f1xx_hal_gpio_ex.o
LOAD Drivers\STM32F1xx_HAL_Driver\Src\stm32f1xx_hal_i2c.o
LOAD Drivers\STM32F1xx_HAL_Driver\Src\stm32f1xx_hal_pwr.o
LOAD Drivers\STM32F1xx_HAL_Driver\Src\stm32f1xx_hal_rcc.o
LOAD Drivers\STM32F1xx_HAL_Driver\Src\stm32f1xx_hal_rcc_ex.o
LOAD Drivers\STM32F1xx_HAL_Driver\Src\stm32f1xx_hal_tim.o
LOAD Drivers\STM32F1xx_HAL_Driver\Src\stm32f1xx_hal_tim_ex.o
LOAD Src\adc.o
LOAD Src\can.o
LOAD Src\dma.o
LOAD Src\gpio.o
LOAD Src\i2c.o
LOAD Src\main.o
LOAD Src\mpu6050.o
LOAD Src\steering.o
LOAD Src\stm32f1xx_hal_msp.o
LOAD Src\stm32f1xx_it.o
LOAD Src\system_stm32f1xx.o
LOAD Src\tim.o
LOAD Src\wheel_speed.o
LOAD startup\startup_stm32f103xb.o
                0x00000080                malloc_getpagesize_P = 0x80
START GROUP
LOAD c:/program files (x86)/atollic/truestudio for stm32 9.1.0/armtools/bin/../lib/gcc/arm-atollic-eabi/6.3.1/../../../../arm-atollic-eabi/lib/armv7-m\libc_nano.a
LOAD c:/program files (x86)/atollic/truestudio for stm32 9.1.0/armtools/bin/../lib/gcc/arm-atollic-eabi/6.3.1/../../../../arm-atollic-eabi/lib/armv7-m\libm.a
END GROUP
START GROUP
LOAD c:/program files (x86)/atollic/truestudio for stm32 9.1.0/armtools/bin/../lib/gcc/arm-atollic-eabi/6.3.1/armv7-m\libgcc.a
LOAD c:/program files (x86)/atollic/truestudio for stm32 9.1.0/armtools/bin/../lib/gcc/arm-atollic-eabi/6.3.1/../../../../arm-atollic-eabi/lib/armv7-m\libc_nano.a
END GROUP
START GROUP
LOAD c:/program files (x86)/atollic/truestudio for stm32 9.1.0/armtools/bin/../lib/gcc/arm-atollic-eabi/6.3.1/armv7-m\libgcc.a
LOAD c:/program files (x86)/atollic/truestudio for stm32 9.1.0/armtools/bin/../lib/gcc/arm-atollic-eabi/6.3.1/../../../../arm-atollic-eabi/lib/armv7-m\libc_nano.a
LOAD c:/program files (x86)/atollic/truestudio for stm32 9.1.0/armtools/bin/../lib/gcc/arm-atollic-eabi/6.3.1/../../../../arm-atollic-eabi/lib/armv7-m\libnosys.a
END GROUP
START GROUP
LOAD c:/program files (x86)/atollic/truestudio for stm32 9.1.0/armtools/bin/../lib/gcc/arm-atollic-eabi/6.3.1/armv7-m\libgcc.a
LOAD c:/program files (x86)/atollic/truestudio for stm32 9.1.0/armtools/bin/../lib/gcc/arm-atollic-eabi/6.3.1/../../../../arm-atollic-eabi/lib/armv7-m\libc_nano.a
LOAD c:/program files (x86)/atollic/truestudio for stm32 9.1.0/armtools/bin/../lib/gcc/arm-atollic-eabi/6.3.1/../../../../arm-atollic-eabi/lib/armv7-m\libnosys.a
END GROUP
LOAD c:/program files (x86)/atollic/truestudio for stm32 9.1.0/armtools/bin/../lib/gcc/arm-atollic-eabi/6.3.1/armv7-m/crtend.o
LOAD c:/program files (x86)/atollic/truestudio for stm32 9.1.0/armtools/bin/../lib/gcc/arm-atollic-eabi/6.3.1/armv7-m/crtn.o
                0x20005000                _estack = 0x20005000
                0x00000200                _Min_Heap_Size = 0x200
                0x00000400                _Min_Stack_Size = 0x400

.isr_vector     0x08000000      0x10c
                0x08000000                . = ALIGN (0x4)
 *(.isr_vector)
 .isr_vector    0x08000000      0x10c startup\startup_stm32f103xb.o
                0x08000000                g_pfnVectors
                0x0800010c                . = ALIGN (0x4)

.text           0x08000110     0x3684
                0x08000110                . = ALIGN (0x4)
 *(.text)
 .text          0x08000110       0x40 c:/program files (x86)/atollic/truestudio for stm32 9.1.0/armtools/bin/../lib/gcc/arm-atollic-eabi/6.3.1/armv7-m/crtbegin.o
 .text          0x08000150      0x370 c:/program files (x86)/atollic/truestudio for stm32 9.1.0/armtools/bin/../lib/gcc/arm-atollic-eabi/6.3.1/armv7-m\libgcc.a(_arm_addsubdf3.o)
                0x08000150                __aeabi_drsub
                0x08000158                __aeabi_dsub
                0x08000158                __subdf3
                0x0800015c                __aeabi_dadd
                0x0800015c                __adddf3
                0x080003d4                __floatunsidf
                0x080003d4                __aeabi_ui2d
                0x080003f4                __floatsidf
                0x080003f4                __aeabi_i2d
                0x08000418                __aeabi_f2d
                0x08000418                __extendsfdf2
                0x08000454                __floatundidf
                0x08000454                __aeabi_ul2d
                0x08000464                __floatdidf
                0x08000464                __aeabi_l2d
 .text          0x080004c0      0x424 c:/program files (x86)/atollic/truestudio for stm32 9.1.0/armtools/bin/../lib/gcc/arm-atollic-eabi/6.3.1/armv7-m\libgcc.a(_arm_muldivdf3.o)
                0x080004c0                __aeabi_dmul
                0x080004c0                __muldf3
                0x08000714                __divdf3
                0x08000714                __aeabi_ddiv
 .text          0x080008e4       0xa0 c:/program files (x86)/atollic/truestudio for stm32 9.1.0/armtools/bin/../lib/gcc/arm-atollic-eabi/6.3.1/armv7-m\libgcc.a(_arm_truncdfsf2.o)
                0x080008e4                __truncdfsf2
                0x080008e4                __aeabi_d2f
 *(.text*)
 .text.HAL_InitTick
                0x08000984       0x48 Drivers\STM32F1xx_HAL_Driver\Src\stm32f1xx_hal.o
                0x08000984                HAL_InitTick
 .text.HAL_Init
                0x080009cc       0x24 Drivers\STM32F1xx_HAL_Driver\Src\stm32f1xx_hal.o
                0x080009cc                HAL_Init
 .text.HAL_IncTick
                0x080009f0       0x18 Drivers\STM32F1xx_HAL_Driver\Src\stm32f1xx_hal.o
                0x080009f0                HAL_IncTick
 .text.HAL_GetTick
                0x08000a08        0xc Drivers\STM32F1xx_HAL_Driver\Src\stm32f1xx_hal.o
                0x08000a08                HAL_GetTick
 .text.HAL_Delay
                0x08000a14       0x24 Drivers\STM32F1xx_HAL_Driver\Src\stm32f1xx_hal.o
                0x08000a14                HAL_Delay
 .text.HAL_ADC_ConvCpltCallback
                0x08000a38        0x2 Drivers\STM32F1xx_HAL_Driver\Src\stm32f1xx_hal_adc.o
                0x08000a38                HAL_ADC_ConvCpltCallback
 .text.ADC_DMAConvCplt
                0x08000a3a       0x4e Drivers\STM32F1xx_HAL_Driver\Src\stm32f1xx_hal_adc.o
                0x08000a3a                ADC_DMAConvCplt
 .text.HAL_ADC_ConvHalfCpltCallback
                0x08000a88        0x2 Drivers\STM32F1xx_HAL_Driver\Src\stm32f1xx_hal_adc.o
                0x08000a88                HAL_ADC_ConvHalfCpltCallback
 .text.ADC_DMAHalfConvCplt
                0x08000a8a        0xa Drivers\STM32F1xx_HAL_Driver\Src\stm32f1xx_hal_adc.o
                0x08000a8a                ADC_DMAHalfConvCplt
 .text.HAL_ADC_ErrorCallback
                0x08000a94        0x2 Drivers\STM32F1xx_HAL_Driver\Src\stm32f1xx_hal_adc.o
                0x08000a94                HAL_ADC_ErrorCallback
 .text.ADC_DMAError
                0x08000a96       0x1a Drivers\STM32F1xx_HAL_Driver\Src\stm32f1xx_hal_adc.o
                0x08000a96                ADC_DMAError
 .text.HAL_ADC_ConfigChannel
                0x08000ab0      0x108 Drivers\STM32F1xx_HAL_Driver\Src\stm32f1xx_hal_adc.o
                0x08000ab0                HAL_ADC_ConfigChannel
 .text.ADC_Enable
                0x08000bb8       0x70 Drivers\STM32F1xx_HAL_Driver\Src\stm32f1xx_hal_adc.o
                0x08000bb8                ADC_Enable
 .text.HAL_ADC_Start_DMA
                0x08000c28      0x11c Drivers\STM32F1xx_HAL_Driver\Src\stm32f1xx_hal_adc.o
                0x08000c28                HAL_ADC_Start_DMA
 .text.ADC_ConversionStop_Disable
                0x08000d44       0x44 Drivers\STM32F1xx_HAL_Driver\Src\stm32f1xx_hal_adc.o
                0x08000d44                ADC_ConversionStop_Disable
 .text.HAL_ADC_Init
                0x08000d88      0x100 Drivers\STM32F1xx_HAL_Driver\Src\stm32f1xx_hal_adc.o
                0x08000d88                HAL_ADC_Init
 .text.HAL_CAN_Init
                0x08000e88      0x118 Drivers\STM32F1xx_HAL_Driver\Src\stm32f1xx_hal_can.o
                0x08000e88                HAL_CAN_Init
 .text.HAL_CAN_Transmit
                0x08000fa0      0x1a0 Drivers\STM32F1xx_HAL_Driver\Src\stm32f1xx_hal_can.o
                0x08000fa0                HAL_CAN_Transmit
 .text.HAL_NVIC_SetPriorityGrouping
                0x08001140       0x24 Drivers\STM32F1xx_HAL_Driver\Src\stm32f1xx_hal_cortex.o
                0x08001140                HAL_NVIC_SetPriorityGrouping
 .text.HAL_NVIC_SetPriority
                0x08001164       0x68 Drivers\STM32F1xx_HAL_Driver\Src\stm32f1xx_hal_cortex.o
                0x08001164                HAL_NVIC_SetPriority
 .text.HAL_NVIC_EnableIRQ
                0x080011cc       0x18 Drivers\STM32F1xx_HAL_Driver\Src\stm32f1xx_hal_cortex.o
                0x080011cc                HAL_NVIC_EnableIRQ
 .text.HAL_SYSTICK_Config
                0x080011e4       0x2c Drivers\STM32F1xx_HAL_Driver\Src\stm32f1xx_hal_cortex.o
                0x080011e4                HAL_SYSTICK_Config
 .text.HAL_SYSTICK_CLKSourceConfig
                0x08001210       0x18 Drivers\STM32F1xx_HAL_Driver\Src\stm32f1xx_hal_cortex.o
                0x08001210                HAL_SYSTICK_CLKSourceConfig
 .text.HAL_SYSTICK_Callback
                0x08001228        0x2 Drivers\STM32F1xx_HAL_Driver\Src\stm32f1xx_hal_cortex.o
                0x08001228                HAL_SYSTICK_Callback
 .text.HAL_SYSTICK_IRQHandler
                0x0800122a        0x8 Drivers\STM32F1xx_HAL_Driver\Src\stm32f1xx_hal_cortex.o
                0x0800122a                HAL_SYSTICK_IRQHandler
 *fill*         0x08001232        0x2 
 .text.HAL_DMA_Init
                0x08001234       0x68 Drivers\STM32F1xx_HAL_Driver\Src\stm32f1xx_hal_dma.o
                0x08001234                HAL_DMA_Init
 .text.HAL_DMA_Start_IT
                0x0800129c       0x7a Drivers\STM32F1xx_HAL_Driver\Src\stm32f1xx_hal_dma.o
                0x0800129c                HAL_DMA_Start_IT
 *fill*         0x08001316        0x2 
 .text.HAL_DMA_IRQHandler
                0x08001318      0x128 Drivers\STM32F1xx_HAL_Driver\Src\stm32f1xx_hal_dma.o
                0x08001318                HAL_DMA_IRQHandler
 .text.HAL_GPIO_Init
                0x08001440      0x1c0 Drivers\STM32F1xx_HAL_Driver\Src\stm32f1xx_hal_gpio.o
                0x08001440                HAL_GPIO_Init
 .text.HAL_GPIO_ReadPin
                0x08001600        0xc Drivers\STM32F1xx_HAL_Driver\Src\stm32f1xx_hal_gpio.o
                0x08001600                HAL_GPIO_ReadPin
 .text.HAL_GPIO_WritePin
                0x0800160c        0xa Drivers\STM32F1xx_HAL_Driver\Src\stm32f1xx_hal_gpio.o
                0x0800160c                HAL_GPIO_WritePin
 .text.HAL_GPIO_TogglePin
                0x08001616        0x8 Drivers\STM32F1xx_HAL_Driver\Src\stm32f1xx_hal_gpio.o
                0x08001616                HAL_GPIO_TogglePin
 .text.I2C_IsAcknowledgeFailed
                0x0800161e       0x2a Drivers\STM32F1xx_HAL_Driver\Src\stm32f1xx_hal_i2c.o
 .text.I2C_WaitOnMasterAddressFlagUntilTimeout
                0x08001648       0x80 Drivers\STM32F1xx_HAL_Driver\Src\stm32f1xx_hal_i2c.o
 .text.I2C_WaitOnFlagUntilTimeout
                0x080016c8       0x5c Drivers\STM32F1xx_HAL_Driver\Src\stm32f1xx_hal_i2c.o
 .text.I2C_WaitOnTXEFlagUntilTimeout
                0x08001724       0x4c Drivers\STM32F1xx_HAL_Driver\Src\stm32f1xx_hal_i2c.o
 .text.I2C_WaitOnRXNEFlagUntilTimeout
                0x08001770       0x5a Drivers\STM32F1xx_HAL_Driver\Src\stm32f1xx_hal_i2c.o
 .text.I2C_WaitOnBTFFlagUntilTimeout
                0x080017ca       0x4c Drivers\STM32F1xx_HAL_Driver\Src\stm32f1xx_hal_i2c.o
 *fill*         0x08001816        0x2 
 .text.HAL_I2C_Init
                0x08001818      0x100 Drivers\STM32F1xx_HAL_Driver\Src\stm32f1xx_hal_i2c.o
                0x08001818                HAL_I2C_Init
 .text.HAL_I2C_Master_Transmit
                0x08001918      0x1ac Drivers\STM32F1xx_HAL_Driver\Src\stm32f1xx_hal_i2c.o
                0x08001918                HAL_I2C_Master_Transmit
 .text.HAL_I2C_Master_Receive
                0x08001ac4      0x304 Drivers\STM32F1xx_HAL_Driver\Src\stm32f1xx_hal_i2c.o
                0x08001ac4                HAL_I2C_Master_Receive
 .text.HAL_RCC_OscConfig
                0x08001dc8      0x318 Drivers\STM32F1xx_HAL_Driver\Src\stm32f1xx_hal_rcc.o
                0x08001dc8                HAL_RCC_OscConfig
 .text.HAL_RCC_GetSysClockFreq
                0x080020e0       0x78 Drivers\STM32F1xx_HAL_Driver\Src\stm32f1xx_hal_rcc.o
                0x080020e0                HAL_RCC_GetSysClockFreq
 .text.HAL_RCC_ClockConfig
                0x08002158      0x148 Drivers\STM32F1xx_HAL_Driver\Src\stm32f1xx_hal_rcc.o
                0x08002158                HAL_RCC_ClockConfig
 .text.HAL_RCC_GetHCLKFreq
                0x080022a0        0xc Drivers\STM32F1xx_HAL_Driver\Src\stm32f1xx_hal_rcc.o
                0x080022a0                HAL_RCC_GetHCLKFreq
 .text.HAL_RCC_GetPCLK1Freq
                0x080022ac       0x20 Drivers\STM32F1xx_HAL_Driver\Src\stm32f1xx_hal_rcc.o
                0x080022ac                HAL_RCC_GetPCLK1Freq
 .text.HAL_RCCEx_PeriphCLKConfig
                0x080022cc       0xf0 Drivers\STM32F1xx_HAL_Driver\Src\stm32f1xx_hal_rcc_ex.o
                0x080022cc                HAL_RCCEx_PeriphCLKConfig
 .text.HAL_TIM_Base_Start_IT
                0x080023bc       0x16 Drivers\STM32F1xx_HAL_Driver\Src\stm32f1xx_hal_tim.o
                0x080023bc                HAL_TIM_Base_Start_IT
 .text.HAL_TIM_IC_MspInit
                0x080023d2        0x2 Drivers\STM32F1xx_HAL_Driver\Src\stm32f1xx_hal_tim.o
                0x080023d2                HAL_TIM_IC_MspInit
 .text.HAL_TIM_ConfigClockSource
                0x080023d4      0x172 Drivers\STM32F1xx_HAL_Driver\Src\stm32f1xx_hal_tim.o
                0x080023d4                HAL_TIM_ConfigClockSource
 .text.HAL_TIM_OC_DelayElapsedCallback
                0x08002546        0x2 Drivers\STM32F1xx_HAL_Driver\Src\stm32f1xx_hal_tim.o
                0x08002546                HAL_TIM_OC_DelayElapsedCallback
 .text.HAL_TIM_PWM_PulseFinishedCallback
                0x08002548        0x2 Drivers\STM32F1xx_HAL_Driver\Src\stm32f1xx_hal_tim.o
                0x08002548                HAL_TIM_PWM_PulseFinishedCallback
 .text.HAL_TIM_TriggerCallback
                0x0800254a        0x2 Drivers\STM32F1xx_HAL_Driver\Src\stm32f1xx_hal_tim.o
                0x0800254a                HAL_TIM_TriggerCallback
 .text.HAL_TIM_IRQHandler
                0x0800254c      0x144 Drivers\STM32F1xx_HAL_Driver\Src\stm32f1xx_hal_tim.o
                0x0800254c                HAL_TIM_IRQHandler
 .text.TIM_Base_SetConfig
                0x08002690       0x70 Drivers\STM32F1xx_HAL_Driver\Src\stm32f1xx_hal_tim.o
                0x08002690                TIM_Base_SetConfig
 .text.HAL_TIM_Base_Init
                0x08002700       0x34 Drivers\STM32F1xx_HAL_Driver\Src\stm32f1xx_hal_tim.o
                0x08002700                HAL_TIM_Base_Init
 .text.HAL_TIM_IC_Init
                0x08002734       0x34 Drivers\STM32F1xx_HAL_Driver\Src\stm32f1xx_hal_tim.o
                0x08002734                HAL_TIM_IC_Init
 .text.TIM_TI1_SetConfig
                0x08002768       0x54 Drivers\STM32F1xx_HAL_Driver\Src\stm32f1xx_hal_tim.o
                0x08002768                TIM_TI1_SetConfig
 .text.HAL_TIM_IC_ConfigChannel
                0x080027bc      0x110 Drivers\STM32F1xx_HAL_Driver\Src\stm32f1xx_hal_tim.o
                0x080027bc                HAL_TIM_IC_ConfigChannel
 .text.TIM_CCxChannelCmd
                0x080028cc       0x18 Drivers\STM32F1xx_HAL_Driver\Src\stm32f1xx_hal_tim.o
                0x080028cc                TIM_CCxChannelCmd
 .text.HAL_TIM_IC_Start_IT
                0x080028e4       0x58 Drivers\STM32F1xx_HAL_Driver\Src\stm32f1xx_hal_tim.o
                0x080028e4                HAL_TIM_IC_Start_IT
 .text.HAL_TIMEx_MasterConfigSynchronization
                0x0800293c       0x44 Drivers\STM32F1xx_HAL_Driver\Src\stm32f1xx_hal_tim_ex.o
                0x0800293c                HAL_TIMEx_MasterConfigSynchronization
 .text.HAL_TIMEx_CommutationCallback
                0x08002980        0x2 Drivers\STM32F1xx_HAL_Driver\Src\stm32f1xx_hal_tim_ex.o
                0x08002980                HAL_TIMEx_CommutationCallback
 .text.HAL_TIMEx_BreakCallback
                0x08002982        0x2 Drivers\STM32F1xx_HAL_Driver\Src\stm32f1xx_hal_tim_ex.o
                0x08002982                HAL_TIMEx_BreakCallback
 .text.MX_ADC1_Init
                0x08002984       0xa4 Src\adc.o
                0x08002984                MX_ADC1_Init
 .text.HAL_ADC_MspInit
                0x08002a28       0x88 Src\adc.o
                0x08002a28                HAL_ADC_MspInit
 .text.MX_CAN_Init
                0x08002ab0       0x4c Src\can.o
                0x08002ab0                MX_CAN_Init
 .text.HAL_CAN_MspInit
                0x08002afc       0x70 Src\can.o
                0x08002afc                HAL_CAN_MspInit
 .text.MX_DMA_Init
                0x08002b6c       0x30 Src\dma.o
                0x08002b6c                MX_DMA_Init
 .text.MX_GPIO_Init
                0x08002b9c       0x98 Src\gpio.o
                0x08002b9c                MX_GPIO_Init
 .text.MX_I2C2_Init
                0x08002c34       0x48 Src\i2c.o
                0x08002c34                MX_I2C2_Init
 .text.HAL_I2C_MspInit
                0x08002c7c       0x48 Src\i2c.o
                0x08002c7c                HAL_I2C_MspInit
 .text.SystemClock_Config
                0x08002cc4       0x80 Src\main.o
                0x08002cc4                SystemClock_Config
 .text.startup.main
                0x08002d44      0x13c Src\main.o
                0x08002d44                main
 .text.HAL_TIM_PeriodElapsedCallback
                0x08002e80       0x9c Src\main.o
                0x08002e80                HAL_TIM_PeriodElapsedCallback
 .text.HAL_TIM_IC_CaptureCallback
                0x08002f1c      0x148 Src\main.o
                0x08002f1c                HAL_TIM_IC_CaptureCallback
 .text._Error_Handler
                0x08003064        0x2 Src\main.o
                0x08003064                _Error_Handler
 *fill*         0x08003066        0x2 
 .text.MPU6050_Init
                0x08003068       0xe4 Src\mpu6050.o
                0x08003068                MPU6050_Init
 .text.MPU6050_ReadRawData
                0x0800314c       0xba Src\mpu6050.o
                0x0800314c                MPU6050_ReadRawData
 *fill*         0x08003206        0x2 
 .text.Steering_InputReading
                0x08003208       0x38 Src\steering.o
                0x08003208                Steering_InputReading
 .text.Steering_GrayToDecimalConversion
                0x08003240       0x90 Src\steering.o
                0x08003240                Steering_GrayToDecimalConversion
 .text.Steering_ActualReading
                0x080032d0       0x14 Src\steering.o
                0x080032d0                Steering_ActualReading
 .text.HAL_MspInit
                0x080032e4       0xa0 Src\stm32f1xx_hal_msp.o
                0x080032e4                HAL_MspInit
 .text.NMI_Handler
                0x08003384        0x2 Src\stm32f1xx_it.o
                0x08003384                NMI_Handler
 .text.HardFault_Handler
                0x08003386        0x2 Src\stm32f1xx_it.o
                0x08003386                HardFault_Handler
 .text.MemManage_Handler
                0x08003388        0x2 Src\stm32f1xx_it.o
                0x08003388                MemManage_Handler
 .text.BusFault_Handler
                0x0800338a        0x2 Src\stm32f1xx_it.o
                0x0800338a                BusFault_Handler
 .text.UsageFault_Handler
                0x0800338c        0x2 Src\stm32f1xx_it.o
                0x0800338c                UsageFault_Handler
 .text.SVC_Handler
                0x0800338e        0x2 Src\stm32f1xx_it.o
                0x0800338e                SVC_Handler
 .text.DebugMon_Handler
                0x08003390        0x2 Src\stm32f1xx_it.o
                0x08003390                DebugMon_Handler
 .text.PendSV_Handler
                0x08003392        0x2 Src\stm32f1xx_it.o
                0x08003392                PendSV_Handler
 .text.SysTick_Handler
                0x08003394        0xe Src\stm32f1xx_it.o
                0x08003394                SysTick_Handler
 *fill*         0x080033a2        0x2 
 .text.DMA1_Channel1_IRQHandler
                0x080033a4        0xc Src\stm32f1xx_it.o
                0x080033a4                DMA1_Channel1_IRQHandler
 .text.TIM1_CC_IRQHandler
                0x080033b0        0xc Src\stm32f1xx_it.o
                0x080033b0                TIM1_CC_IRQHandler
 .text.TIM1_UP_IRQHandler
                0x080033bc        0x4 Src\stm32f1xx_it.o
                0x080033bc                TIM1_UP_IRQHandler
 .text.TIM2_IRQHandler
                0x080033c0        0xc Src\stm32f1xx_it.o
                0x080033c0                TIM2_IRQHandler
 .text.TIM3_IRQHandler
                0x080033cc        0xc Src\stm32f1xx_it.o
                0x080033cc                TIM3_IRQHandler
 .text.SystemInit
                0x080033d8       0x4c Src\system_stm32f1xx.o
                0x080033d8                SystemInit
 .text.MX_TIM1_Init
                0x08003424       0xd8 Src\tim.o
                0x08003424                MX_TIM1_Init
 .text.MX_TIM2_Init
                0x080034fc       0x98 Src\tim.o
                0x080034fc                MX_TIM2_Init
 .text.MX_TIM3_Init
                0x08003594       0x70 Src\tim.o
                0x08003594                MX_TIM3_Init
 .text.HAL_TIM_Base_MspInit
                0x08003604       0xe4 Src\tim.o
                0x08003604                HAL_TIM_Base_MspInit
 .text.Reset_Handler
                0x080036e8       0x48 startup\startup_stm32f103xb.o
                0x080036e8                Reset_Handler
 .text.Default_Handler
                0x08003730        0x2 startup\startup_stm32f103xb.o
                0x08003730                RTC_Alarm_IRQHandler
                0x08003730                EXTI2_IRQHandler
                0x08003730                PVD_IRQHandler
                0x08003730                EXTI3_IRQHandler
                0x08003730                EXTI0_IRQHandler
                0x08003730                I2C2_EV_IRQHandler
                0x08003730                ADC1_2_IRQHandler
                0x08003730                SPI1_IRQHandler
                0x08003730                TAMPER_IRQHandler
                0x08003730                DMA1_Channel4_IRQHandler
                0x08003730                USART3_IRQHandler
                0x08003730                RTC_IRQHandler
                0x08003730                DMA1_Channel7_IRQHandler
                0x08003730                CAN1_RX1_IRQHandler
                0x08003730                TIM4_IRQHandler
                0x08003730                I2C1_EV_IRQHandler
                0x08003730                DMA1_Channel6_IRQHandler
                0x08003730                RCC_IRQHandler
                0x08003730                TIM1_TRG_COM_IRQHandler
                0x08003730                Default_Handler
                0x08003730                EXTI15_10_IRQHandler
                0x08003730                EXTI9_5_IRQHandler
                0x08003730                SPI2_IRQHandler
                0x08003730                DMA1_Channel5_IRQHandler
                0x08003730                EXTI4_IRQHandler
                0x08003730                USB_LP_CAN1_RX0_IRQHandler
                0x08003730                USB_HP_CAN1_TX_IRQHandler
                0x08003730                DMA1_Channel3_IRQHandler
                0x08003730                WWDG_IRQHandler
                0x08003730                TIM1_BRK_IRQHandler
                0x08003730                EXTI1_IRQHandler
                0x08003730                USART2_IRQHandler
                0x08003730                I2C2_ER_IRQHandler
                0x08003730                DMA1_Channel2_IRQHandler
                0x08003730                CAN1_SCE_IRQHandler
                0x08003730                FLASH_IRQHandler
                0x08003730                USART1_IRQHandler
                0x08003730                I2C1_ER_IRQHandler
                0x08003730                USBWakeUp_IRQHandler
 *fill*         0x08003732        0x2 
 .text.__libc_init_array
                0x08003734       0x48 c:/program files (x86)/atollic/truestudio for stm32 9.1.0/armtools/bin/../lib/gcc/arm-atollic-eabi/6.3.1/../../../../arm-atollic-eabi/lib/armv7-m\libc_nano.a(lib_a-init.o)
                0x08003734                __libc_init_array
 *(.glue_7)
 .glue_7        0x0800377c        0x0 linker stubs
 *(.glue_7t)
 .glue_7t       0x0800377c        0x0 linker stubs
 *(.eh_frame)
 .eh_frame      0x0800377c        0x0 c:/program files (x86)/atollic/truestudio for stm32 9.1.0/armtools/bin/../lib/gcc/arm-atollic-eabi/6.3.1/armv7-m/crtbegin.o
 *(.init)
 .init          0x0800377c        0x4 c:/program files (x86)/atollic/truestudio for stm32 9.1.0/armtools/bin/../lib/gcc/arm-atollic-eabi/6.3.1/armv7-m/crti.o
                0x0800377c                _init
 .init          0x08003780        0x8 c:/program files (x86)/atollic/truestudio for stm32 9.1.0/armtools/bin/../lib/gcc/arm-atollic-eabi/6.3.1/armv7-m/crtn.o
 *(.fini)
 .fini          0x08003788        0x4 c:/program files (x86)/atollic/truestudio for stm32 9.1.0/armtools/bin/../lib/gcc/arm-atollic-eabi/6.3.1/armv7-m/crti.o
                0x08003788                _fini
 .fini          0x0800378c        0x8 c:/program files (x86)/atollic/truestudio for stm32 9.1.0/armtools/bin/../lib/gcc/arm-atollic-eabi/6.3.1/armv7-m/crtn.o
                0x08003794                . = ALIGN (0x4)
                0x08003794                _etext = .

.vfp11_veneer   0x08003794        0x0
 .vfp11_veneer  0x08003794        0x0 linker stubs

.v4_bx          0x08003794        0x0
 .v4_bx         0x08003794        0x0 linker stubs

.iplt           0x08003794        0x0
 .iplt          0x08003794        0x0 c:/program files (x86)/atollic/truestudio for stm32 9.1.0/armtools/bin/../lib/gcc/arm-atollic-eabi/6.3.1/armv7-m/crtbegin.o

.rodata         0x08003794       0x5c
                0x08003794                . = ALIGN (0x4)
 *(.rodata)
 .rodata        0x08003794       0x10 Drivers\STM32F1xx_HAL_Driver\Src\stm32f1xx_hal_rcc.o
 *(.rodata*)
 .rodata.MX_ADC1_Init.str1.1
                0x080037a4        0xd Src\adc.o
 .rodata.MX_CAN_Init.str1.1
                0x080037b1        0xd Src\can.o
 .rodata.MX_I2C2_Init.str1.1
                0x080037be        0xd Src\i2c.o
 .rodata.AHBPrescTable
                0x080037cb       0x10 Src\system_stm32f1xx.o
                0x080037cb                AHBPrescTable
 .rodata.APBPrescTable
                0x080037db        0x8 Src\system_stm32f1xx.o
                0x080037db                APBPrescTable
 .rodata.MX_TIM1_Init.str1.1
                0x080037e3        0xd Src\tim.o
                0x080037f0                . = ALIGN (0x4)

.rel.dyn        0x080037f0        0x0
 .rel.iplt      0x080037f0        0x0 c:/program files (x86)/atollic/truestudio for stm32 9.1.0/armtools/bin/../lib/gcc/arm-atollic-eabi/6.3.1/armv7-m/crtbegin.o

.ARM.extab
 *(.ARM.extab* .gnu.linkonce.armextab.*)

.ARM            0x080037f0        0x0
                0x080037f0                __exidx_start = .
 *(.ARM.exidx*)
                0x080037f0                __exidx_end = .

.preinit_array  0x080037f0        0x0
                0x080037f0                PROVIDE (__preinit_array_start, .)
 *(.preinit_array*)
                0x080037f0                PROVIDE (__preinit_array_end, .)

.init_array     0x080037f0        0x4
                0x080037f0                PROVIDE (__init_array_start, .)
 *(SORT(.init_array.*))
 *(.init_array*)
 .init_array    0x080037f0        0x4 c:/program files (x86)/atollic/truestudio for stm32 9.1.0/armtools/bin/../lib/gcc/arm-atollic-eabi/6.3.1/armv7-m/crtbegin.o
                0x080037f4                PROVIDE (__init_array_end, .)

.fini_array     0x080037f4        0x4
                [!provide]                PROVIDE (__fini_array_start, .)
 *(SORT(.fini_array.*))
 *(.fini_array*)
 .fini_array    0x080037f4        0x4 c:/program files (x86)/atollic/truestudio for stm32 9.1.0/armtools/bin/../lib/gcc/arm-atollic-eabi/6.3.1/armv7-m/crtbegin.o
                [!provide]                PROVIDE (__fini_array_end, .)
                0x080037f8                _sidata = LOADADDR (.data)

.data           0x20000000        0xc load address 0x080037f8
                0x20000000                . = ALIGN (0x4)
                0x20000000                _sdata = .
 *(.data)
 *(.data*)
 .data.uwTickFreq
                0x20000000        0x1 Drivers\STM32F1xx_HAL_Driver\Src\stm32f1xx_hal.o
                0x20000000                uwTickFreq
 *fill*         0x20000001        0x3 
 .data.uwTickPrio
                0x20000004        0x4 Drivers\STM32F1xx_HAL_Driver\Src\stm32f1xx_hal.o
                0x20000004                uwTickPrio
 .data.SystemCoreClock
                0x20000008        0x4 Src\system_stm32f1xx.o
                0x20000008                SystemCoreClock
                0x2000000c                . = ALIGN (0x4)
                0x2000000c                _edata = .

.igot.plt       0x2000000c        0x0 load address 0x08003804
 .igot.plt      0x2000000c        0x0 c:/program files (x86)/atollic/truestudio for stm32 9.1.0/armtools/bin/../lib/gcc/arm-atollic-eabi/6.3.1/armv7-m/crtbegin.o
                0x2000000c                . = ALIGN (0x4)

.bss            0x2000000c      0x284 load address 0x08003804
                0x2000000c                _sbss = .
                0x2000000c                __bss_start__ = _sbss
 *(.bss)
 .bss           0x2000000c       0x1c c:/program files (x86)/atollic/truestudio for stm32 9.1.0/armtools/bin/../lib/gcc/arm-atollic-eabi/6.3.1/armv7-m/crtbegin.o
 *(.bss*)
 .bss.Number_of_over_flows
                0x20000028        0x5 Src\main.o
                0x20000028                Number_of_over_flows
 .bss.flag      0x2000002d        0x5 Src\main.o
                0x2000002d                flag
 *fill*         0x20000032        0x2 
 .bss.g_capture_val
                0x20000034       0x14 Src\main.o
                0x20000034                g_capture_val
 .bss.g_old_capture_val
                0x20000048       0x14 Src\main.o
                0x20000048                g_old_capture_val
 .bss.updateCounter
                0x2000005c        0x5 Src\main.o
                0x2000005c                updateCounter
 *fill*         0x20000061        0x3 
 .bss.Number    0x20000064        0x4 Src\steering.o
                0x20000064                Number
 .bss.input     0x20000068        0x4 Src\steering.o
                0x20000068                input
 *(COMMON)
 COMMON         0x2000006c        0x4 Drivers\STM32F1xx_HAL_Driver\Src\stm32f1xx_hal.o
                0x2000006c                uwTick
 COMMON         0x20000070       0x74 Src\adc.o
                0x20000070                hadc1
                0x200000a0                hdma_adc1
 COMMON         0x200000e4       0x44 Src\can.o
                0x200000e4                hcan
 COMMON         0x20000128       0x54 Src\i2c.o
                0x20000128                hi2c2
 COMMON         0x2000017c       0x54 Src\main.o
                0x2000017c                measured_distance
                0x2000018c                adc_reading
                0x20000194                steering_final_reading
                0x20000198                steering_decimal_reading
                0x2000019c                TxMessage1
                0x200001b8                steering_graycode_reading
                0x200001bc                mpu1
 COMMON         0x200001d0       0xc0 Src\tim.o
                0x200001d0                htim3
                0x20000210                htim1
                0x20000250                htim2
                0x20000290                . = ALIGN (0x4)
                0x20000290                _ebss = .
                0x20000290                __bss_end__ = _ebss

._user_heap_stack
                0x20000290      0x600 load address 0x08003804
                0x20000290                . = ALIGN (0x4)
                [!provide]                PROVIDE (end, .)
                [!provide]                PROVIDE (_end, .)
                0x20000490                . = (. + _Min_Heap_Size)
 *fill*         0x20000290      0x200 
                0x20000890                . = (. + _Min_Stack_Size)
 *fill*         0x20000490      0x400 
                0x20000890                . = ALIGN (0x4)

/DISCARD/
 libc.a(*)
 libm.a(*)
 libgcc.a(*)

.ARM.attributes
                0x00000000       0x29
 *(.ARM.attributes)
 .ARM.attributes
                0x00000000       0x1d c:/program files (x86)/atollic/truestudio for stm32 9.1.0/armtools/bin/../lib/gcc/arm-atollic-eabi/6.3.1/armv7-m/crti.o
 .ARM.attributes
                0x0000001d       0x2d c:/program files (x86)/atollic/truestudio for stm32 9.1.0/armtools/bin/../lib/gcc/arm-atollic-eabi/6.3.1/armv7-m/crtbegin.o
 .ARM.attributes
                0x0000004a       0x33 Drivers\STM32F1xx_HAL_Driver\Src\stm32f1xx_hal.o
 .ARM.attributes
                0x0000007d       0x33 Drivers\STM32F1xx_HAL_Driver\Src\stm32f1xx_hal_adc.o
 .ARM.attributes
                0x000000b0       0x33 Drivers\STM32F1xx_HAL_Driver\Src\stm32f1xx_hal_can.o
 .ARM.attributes
                0x000000e3       0x33 Drivers\STM32F1xx_HAL_Driver\Src\stm32f1xx_hal_cortex.o
 .ARM.attributes
                0x00000116       0x33 Drivers\STM32F1xx_HAL_Driver\Src\stm32f1xx_hal_dma.o
 .ARM.attributes
                0x00000149       0x33 Drivers\STM32F1xx_HAL_Driver\Src\stm32f1xx_hal_gpio.o
 .ARM.attributes
                0x0000017c       0x33 Drivers\STM32F1xx_HAL_Driver\Src\stm32f1xx_hal_i2c.o
 .ARM.attributes
                0x000001af       0x33 Drivers\STM32F1xx_HAL_Driver\Src\stm32f1xx_hal_rcc.o
 .ARM.attributes
                0x000001e2       0x33 Drivers\STM32F1xx_HAL_Driver\Src\stm32f1xx_hal_rcc_ex.o
 .ARM.attributes
                0x00000215       0x33 Drivers\STM32F1xx_HAL_Driver\Src\stm32f1xx_hal_tim.o
 .ARM.attributes
                0x00000248       0x33 Drivers\STM32F1xx_HAL_Driver\Src\stm32f1xx_hal_tim_ex.o
 .ARM.attributes
                0x0000027b       0x33 Src\adc.o
 .ARM.attributes
                0x000002ae       0x33 Src\can.o
 .ARM.attributes
                0x000002e1       0x33 Src\dma.o
 .ARM.attributes
                0x00000314       0x33 Src\gpio.o
 .ARM.attributes
                0x00000347       0x33 Src\i2c.o
 .ARM.attributes
                0x0000037a       0x33 Src\main.o
 .ARM.attributes
                0x000003ad       0x33 Src\mpu6050.o
 .ARM.attributes
                0x000003e0       0x33 Src\steering.o
 .ARM.attributes
                0x00000413       0x33 Src\stm32f1xx_hal_msp.o
 .ARM.attributes
                0x00000446       0x33 Src\stm32f1xx_it.o
 .ARM.attributes
                0x00000479       0x33 Src\system_stm32f1xx.o
 .ARM.attributes
                0x000004ac       0x33 Src\tim.o
 .ARM.attributes
                0x000004df       0x21 startup\startup_stm32f103xb.o
 .ARM.attributes
                0x00000500       0x2d c:/program files (x86)/atollic/truestudio for stm32 9.1.0/armtools/bin/../lib/gcc/arm-atollic-eabi/6.3.1/../../../../arm-atollic-eabi/lib/armv7-m\libc_nano.a(lib_a-init.o)
 .ARM.attributes
                0x0000052d       0x1d c:/program files (x86)/atollic/truestudio for stm32 9.1.0/armtools/bin/../lib/gcc/arm-atollic-eabi/6.3.1/armv7-m\libgcc.a(_arm_addsubdf3.o)
 .ARM.attributes
                0x0000054a       0x1d c:/program files (x86)/atollic/truestudio for stm32 9.1.0/armtools/bin/../lib/gcc/arm-atollic-eabi/6.3.1/armv7-m\libgcc.a(_arm_muldivdf3.o)
 .ARM.attributes
                0x00000567       0x1d c:/program files (x86)/atollic/truestudio for stm32 9.1.0/armtools/bin/../lib/gcc/arm-atollic-eabi/6.3.1/armv7-m\libgcc.a(_arm_truncdfsf2.o)
 .ARM.attributes
                0x00000584       0x1d c:/program files (x86)/atollic/truestudio for stm32 9.1.0/armtools/bin/../lib/gcc/arm-atollic-eabi/6.3.1/armv7-m/crtn.o
OUTPUT(DAQ.elf elf32-littlearm)

.debug_info     0x00000000    0x1e2d6
 .debug_info    0x00000000      0xfba Drivers\STM32F1xx_HAL_Driver\Src\stm32f1xx_hal.o
 .debug_info    0x00000fba     0x165b Drivers\STM32F1xx_HAL_Driver\Src\stm32f1xx_hal_adc.o
 .debug_info    0x00002615     0x1474 Drivers\STM32F1xx_HAL_Driver\Src\stm32f1xx_hal_can.o
 .debug_info    0x00003a89     0x1463 Drivers\STM32F1xx_HAL_Driver\Src\stm32f1xx_hal_cortex.o
 .debug_info    0x00004eec     0x1001 Drivers\STM32F1xx_HAL_Driver\Src\stm32f1xx_hal_dma.o
 .debug_info    0x00005eed      0xe7c Drivers\STM32F1xx_HAL_Driver\Src\stm32f1xx_hal_gpio.o
 .debug_info    0x00006d69     0x38a4 Drivers\STM32F1xx_HAL_Driver\Src\stm32f1xx_hal_i2c.o
 .debug_info    0x0000a60d     0x11f7 Drivers\STM32F1xx_HAL_Driver\Src\stm32f1xx_hal_rcc.o
 .debug_info    0x0000b804      0xc57 Drivers\STM32F1xx_HAL_Driver\Src\stm32f1xx_hal_rcc_ex.o
 .debug_info    0x0000c45b     0x3b73 Drivers\STM32F1xx_HAL_Driver\Src\stm32f1xx_hal_tim.o
 .debug_info    0x0000ffce     0x1943 Drivers\STM32F1xx_HAL_Driver\Src\stm32f1xx_hal_tim_ex.o
 .debug_info    0x00011911     0x117a Src\adc.o
 .debug_info    0x00012a8b     0x118a Src\can.o
 .debug_info    0x00013c15      0xb82 Src\dma.o
 .debug_info    0x00014797      0xb9d Src\gpio.o
 .debug_info    0x00015334     0x107d Src\i2c.o
 .debug_info    0x000163b1     0x210a Src\main.o
 .debug_info    0x000184bb     0x11d9 Src\mpu6050.o
 .debug_info    0x00019694      0xb4e Src\steering.o
 .debug_info    0x0001a1e2      0xcda Src\stm32f1xx_hal_msp.o
 .debug_info    0x0001aebc      0xf23 Src\stm32f1xx_it.o
 .debug_info    0x0001bddf      0xc07 Src\system_stm32f1xx.o
 .debug_info    0x0001c9e6     0x1885 Src\tim.o
 .debug_info    0x0001e26b       0x6b startup\startup_stm32f103xb.o

.debug_abbrev   0x00000000     0x3d11
 .debug_abbrev  0x00000000      0x308 Drivers\STM32F1xx_HAL_Driver\Src\stm32f1xx_hal.o
 .debug_abbrev  0x00000308      0x2fb Drivers\STM32F1xx_HAL_Driver\Src\stm32f1xx_hal_adc.o
 .debug_abbrev  0x00000603      0x30d Drivers\STM32F1xx_HAL_Driver\Src\stm32f1xx_hal_can.o
 .debug_abbrev  0x00000910      0x399 Drivers\STM32F1xx_HAL_Driver\Src\stm32f1xx_hal_cortex.o
 .debug_abbrev  0x00000ca9      0x29e Drivers\STM32F1xx_HAL_Driver\Src\stm32f1xx_hal_dma.o
 .debug_abbrev  0x00000f47      0x268 Drivers\STM32F1xx_HAL_Driver\Src\stm32f1xx_hal_gpio.o
 .debug_abbrev  0x000011af      0x3c1 Drivers\STM32F1xx_HAL_Driver\Src\stm32f1xx_hal_i2c.o
 .debug_abbrev  0x00001570      0x367 Drivers\STM32F1xx_HAL_Driver\Src\stm32f1xx_hal_rcc.o
 .debug_abbrev  0x000018d7      0x277 Drivers\STM32F1xx_HAL_Driver\Src\stm32f1xx_hal_rcc_ex.o
 .debug_abbrev  0x00001b4e      0x3bb Drivers\STM32F1xx_HAL_Driver\Src\stm32f1xx_hal_tim.o
 .debug_abbrev  0x00001f09      0x30d Drivers\STM32F1xx_HAL_Driver\Src\stm32f1xx_hal_tim_ex.o
 .debug_abbrev  0x00002216      0x238 Src\adc.o
 .debug_abbrev  0x0000244e      0x26c Src\can.o
 .debug_abbrev  0x000026ba      0x1f5 Src\dma.o
 .debug_abbrev  0x000028af      0x1ec Src\gpio.o
 .debug_abbrev  0x00002a9b      0x229 Src\i2c.o
 .debug_abbrev  0x00002cc4      0x31f Src\main.o
 .debug_abbrev  0x00002fe3      0x201 Src\mpu6050.o
 .debug_abbrev  0x000031e4      0x265 Src\steering.o
 .debug_abbrev  0x00003449      0x200 Src\stm32f1xx_hal_msp.o
 .debug_abbrev  0x00003649      0x23a Src\stm32f1xx_it.o
 .debug_abbrev  0x00003883      0x1eb Src\system_stm32f1xx.o
 .debug_abbrev  0x00003a6e      0x291 Src\tim.o
 .debug_abbrev  0x00003cff       0x12 startup\startup_stm32f103xb.o

.debug_loc      0x00000000     0x91c7
 .debug_loc     0x00000000      0x11b Drivers\STM32F1xx_HAL_Driver\Src\stm32f1xx_hal.o
 .debug_loc     0x0000011b      0x873 Drivers\STM32F1xx_HAL_Driver\Src\stm32f1xx_hal_adc.o
 .debug_loc     0x0000098e      0x973 Drivers\STM32F1xx_HAL_Driver\Src\stm32f1xx_hal_can.o
 .debug_loc     0x00001301      0x46b Drivers\STM32F1xx_HAL_Driver\Src\stm32f1xx_hal_cortex.o
 .debug_loc     0x0000176c      0x5d1 Drivers\STM32F1xx_HAL_Driver\Src\stm32f1xx_hal_dma.o
 .debug_loc     0x00001d3d      0x36a Drivers\STM32F1xx_HAL_Driver\Src\stm32f1xx_hal_gpio.o
 .debug_loc     0x000020a7     0x2bdf Drivers\STM32F1xx_HAL_Driver\Src\stm32f1xx_hal_i2c.o
 .debug_loc     0x00004c86      0x4c3 Drivers\STM32F1xx_HAL_Driver\Src\stm32f1xx_hal_rcc.o
 .debug_loc     0x00005149      0x29d Drivers\STM32F1xx_HAL_Driver\Src\stm32f1xx_hal_rcc_ex.o
 .debug_loc     0x000053e6     0x300c Drivers\STM32F1xx_HAL_Driver\Src\stm32f1xx_hal_tim.o
 .debug_loc     0x000083f2      0x822 Drivers\STM32F1xx_HAL_Driver\Src\stm32f1xx_hal_tim_ex.o
 .debug_loc     0x00008c14       0x63 Src\adc.o
 .debug_loc     0x00008c77       0x7c Src\can.o
 .debug_loc     0x00008cf3       0x4d Src\i2c.o
 .debug_loc     0x00008d40       0x41 Src\main.o
 .debug_loc     0x00008d81      0x11e Src\mpu6050.o
 .debug_loc     0x00008e9f      0x17b Src\steering.o
 .debug_loc     0x0000901a       0xcd Src\system_stm32f1xx.o
 .debug_loc     0x000090e7       0xe0 Src\tim.o

.debug_aranges  0x00000000      0xb78
 .debug_aranges
                0x00000000       0xc8 Drivers\STM32F1xx_HAL_Driver\Src\stm32f1xx_hal.o
 .debug_aranges
                0x000000c8       0xc8 Drivers\STM32F1xx_HAL_Driver\Src\stm32f1xx_hal_adc.o
 .debug_aranges
                0x00000190       0x88 Drivers\STM32F1xx_HAL_Driver\Src\stm32f1xx_hal_can.o
 .debug_aranges
                0x00000218       0x90 Drivers\STM32F1xx_HAL_Driver\Src\stm32f1xx_hal_cortex.o
 .debug_aranges
                0x000002a8       0x78 Drivers\STM32F1xx_HAL_Driver\Src\stm32f1xx_hal_dma.o
 .debug_aranges
                0x00000320       0x58 Drivers\STM32F1xx_HAL_Driver\Src\stm32f1xx_hal_gpio.o
 .debug_aranges
                0x00000378      0x190 Drivers\STM32F1xx_HAL_Driver\Src\stm32f1xx_hal_i2c.o
 .debug_aranges
                0x00000508       0x88 Drivers\STM32F1xx_HAL_Driver\Src\stm32f1xx_hal_rcc.o
 .debug_aranges
                0x00000590       0x30 Drivers\STM32F1xx_HAL_Driver\Src\stm32f1xx_hal_rcc_ex.o
 .debug_aranges
                0x000005c0      0x250 Drivers\STM32F1xx_HAL_Driver\Src\stm32f1xx_hal_tim.o
 .debug_aranges
                0x00000810       0xe8 Drivers\STM32F1xx_HAL_Driver\Src\stm32f1xx_hal_tim_ex.o
 .debug_aranges
                0x000008f8       0x30 Src\adc.o
 .debug_aranges
                0x00000928       0x30 Src\can.o
 .debug_aranges
                0x00000958       0x20 Src\dma.o
 .debug_aranges
                0x00000978       0x20 Src\gpio.o
 .debug_aranges
                0x00000998       0x30 Src\i2c.o
 .debug_aranges
                0x000009c8       0x40 Src\main.o
 .debug_aranges
                0x00000a08       0x28 Src\mpu6050.o
 .debug_aranges
                0x00000a30       0x30 Src\steering.o
 .debug_aranges
                0x00000a60       0x20 Src\stm32f1xx_hal_msp.o
 .debug_aranges
                0x00000a80       0x68 Src\stm32f1xx_it.o
 .debug_aranges
                0x00000ae8       0x28 Src\system_stm32f1xx.o
 .debug_aranges
                0x00000b10       0x40 Src\tim.o
 .debug_aranges
                0x00000b50       0x28 startup\startup_stm32f103xb.o

.debug_ranges   0x00000000     0x1128
 .debug_ranges  0x00000000       0xb8 Drivers\STM32F1xx_HAL_Driver\Src\stm32f1xx_hal.o
 .debug_ranges  0x000000b8       0xb8 Drivers\STM32F1xx_HAL_Driver\Src\stm32f1xx_hal_adc.o
 .debug_ranges  0x00000170       0x90 Drivers\STM32F1xx_HAL_Driver\Src\stm32f1xx_hal_can.o
 .debug_ranges  0x00000200      0x128 Drivers\STM32F1xx_HAL_Driver\Src\stm32f1xx_hal_cortex.o
 .debug_ranges  0x00000328       0xa8 Drivers\STM32F1xx_HAL_Driver\Src\stm32f1xx_hal_dma.o
 .debug_ranges  0x000003d0       0x60 Drivers\STM32F1xx_HAL_Driver\Src\stm32f1xx_hal_gpio.o
 .debug_ranges  0x00000430      0x438 Drivers\STM32F1xx_HAL_Driver\Src\stm32f1xx_hal_i2c.o
 .debug_ranges  0x00000868       0xa0 Drivers\STM32F1xx_HAL_Driver\Src\stm32f1xx_hal_rcc.o
 .debug_ranges  0x00000908       0x40 Drivers\STM32F1xx_HAL_Driver\Src\stm32f1xx_hal_rcc_ex.o
 .debug_ranges  0x00000948      0x340 Drivers\STM32F1xx_HAL_Driver\Src\stm32f1xx_hal_tim.o
 .debug_ranges  0x00000c88       0xd8 Drivers\STM32F1xx_HAL_Driver\Src\stm32f1xx_hal_tim_ex.o
 .debug_ranges  0x00000d60       0x40 Src\adc.o
 .debug_ranges  0x00000da0       0x40 Src\can.o
 .debug_ranges  0x00000de0       0x40 Src\dma.o
 .debug_ranges  0x00000e20       0x88 Src\gpio.o
 .debug_ranges  0x00000ea8       0x20 Src\i2c.o
 .debug_ranges  0x00000ec8       0x48 Src\main.o
 .debug_ranges  0x00000f10       0x18 Src\mpu6050.o
 .debug_ranges  0x00000f28       0x80 Src\steering.o
 .debug_ranges  0x00000fa8       0x30 Src\stm32f1xx_hal_msp.o
 .debug_ranges  0x00000fd8       0x58 Src\stm32f1xx_it.o
 .debug_ranges  0x00001030       0x18 Src\system_stm32f1xx.o
 .debug_ranges  0x00001048       0xc0 Src\tim.o
 .debug_ranges  0x00001108       0x20 startup\startup_stm32f103xb.o

.debug_line     0x00000000     0x87d9
 .debug_line    0x00000000      0x45f Drivers\STM32F1xx_HAL_Driver\Src\stm32f1xx_hal.o
 .debug_line    0x0000045f      0x86c Drivers\STM32F1xx_HAL_Driver\Src\stm32f1xx_hal_adc.o
 .debug_line    0x00000ccb      0x8a3 Drivers\STM32F1xx_HAL_Driver\Src\stm32f1xx_hal_can.o
 .debug_line    0x0000156e      0x432 Drivers\STM32F1xx_HAL_Driver\Src\stm32f1xx_hal_cortex.o
 .debug_line    0x000019a0      0x699 Drivers\STM32F1xx_HAL_Driver\Src\stm32f1xx_hal_dma.o
 .debug_line    0x00002039      0x44b Drivers\STM32F1xx_HAL_Driver\Src\stm32f1xx_hal_gpio.o
 .debug_line    0x00002484     0x1a8b Drivers\STM32F1xx_HAL_Driver\Src\stm32f1xx_hal_i2c.o
 .debug_line    0x00003f0f      0x633 Drivers\STM32F1xx_HAL_Driver\Src\stm32f1xx_hal_rcc.o
 .debug_line    0x00004542      0x3cc Drivers\STM32F1xx_HAL_Driver\Src\stm32f1xx_hal_rcc_ex.o
 .debug_line    0x0000490e     0x114c Drivers\STM32F1xx_HAL_Driver\Src\stm32f1xx_hal_tim.o
 .debug_line    0x00005a5a      0x6ee Drivers\STM32F1xx_HAL_Driver\Src\stm32f1xx_hal_tim_ex.o
 .debug_line    0x00006148      0x360 Src\adc.o
 .debug_line    0x000064a8      0x315 Src\can.o
 .debug_line    0x000067bd      0x27d Src\dma.o
 .debug_line    0x00006a3a      0x297 Src\gpio.o
 .debug_line    0x00006cd1      0x309 Src\i2c.o
 .debug_line    0x00006fda      0x4c8 Src\main.o
 .debug_line    0x000074a2      0x341 Src\mpu6050.o
 .debug_line    0x000077e3      0x2f9 Src\steering.o
 .debug_line    0x00007adc      0x28f Src\stm32f1xx_hal_msp.o
 .debug_line    0x00007d6b      0x36b Src\stm32f1xx_it.o
 .debug_line    0x000080d6      0x288 Src\system_stm32f1xx.o
 .debug_line    0x0000835e      0x3fe Src\tim.o
 .debug_line    0x0000875c       0x7d startup\startup_stm32f103xb.o

.debug_str      0x00000000     0x46d6
 .debug_str     0x00000000      0xbc0 Drivers\STM32F1xx_HAL_Driver\Src\stm32f1xx_hal.o
                                0xc61 (size before relaxing)
 .debug_str     0x00000bc0      0x65e Drivers\STM32F1xx_HAL_Driver\Src\stm32f1xx_hal_adc.o
                                0xd03 (size before relaxing)
 .debug_str     0x0000121e      0x50b Drivers\STM32F1xx_HAL_Driver\Src\stm32f1xx_hal_can.o
                                0xbf5 (size before relaxing)
 .debug_str     0x00001729      0x2af Drivers\STM32F1xx_HAL_Driver\Src\stm32f1xx_hal_cortex.o
                                0xd0f (size before relaxing)
 .debug_str     0x000019d8      0x220 Drivers\STM32F1xx_HAL_Driver\Src\stm32f1xx_hal_dma.o
                                0xa73 (size before relaxing)
 .debug_str     0x00001bf8      0x1cb Drivers\STM32F1xx_HAL_Driver\Src\stm32f1xx_hal_gpio.o
                                0x87c (size before relaxing)
 .debug_str     0x00001dc3      0xa6e Drivers\STM32F1xx_HAL_Driver\Src\stm32f1xx_hal_i2c.o
                               0x1312 (size before relaxing)
 .debug_str     0x00002831      0x2f7 Drivers\STM32F1xx_HAL_Driver\Src\stm32f1xx_hal_rcc.o
                                0xa5a (size before relaxing)
 .debug_str     0x00002b28      0x110 Drivers\STM32F1xx_HAL_Driver\Src\stm32f1xx_hal_rcc_ex.o
                                0x837 (size before relaxing)
 .debug_str     0x00002c38      0xf05 Drivers\STM32F1xx_HAL_Driver\Src\stm32f1xx_hal_tim.o
                               0x17ab (size before relaxing)
 .debug_str     0x00003b3d      0x4f1 Drivers\STM32F1xx_HAL_Driver\Src\stm32f1xx_hal_tim_ex.o
                               0x104d (size before relaxing)
 .debug_str     0x0000402e       0x53 Src\adc.o
                                0xa93 (size before relaxing)
 .debug_str     0x00004081       0x23 Src\can.o
                                0xa7c (size before relaxing)
 .debug_str     0x000040a4       0x19 Src\dma.o
                                0x951 (size before relaxing)
 .debug_str     0x000040bd       0x1b Src\gpio.o
                                0x6ee (size before relaxing)
 .debug_str     0x000040d8       0x2a Src\i2c.o
                                0xb94 (size before relaxing)
 .debug_str     0x00004102      0x370 Src\main.o
                               0x19a0 (size before relaxing)
 .debug_str     0x00004472       0x83 Src\mpu6050.o
                                0xd34 (size before relaxing)
 .debug_str     0x000044f5       0x4e Src\steering.o
                                0x6df (size before relaxing)
 .debug_str     0x00004543       0x1b Src\stm32f1xx_hal_msp.o
                                0x997 (size before relaxing)
 .debug_str     0x0000455e      0x105 Src\stm32f1xx_it.o
                                0xb11 (size before relaxing)
 .debug_str     0x00004663       0x4d Src\system_stm32f1xx.o
                                0x6e5 (size before relaxing)
 .debug_str     0x000046b0       0x26 Src\tim.o
                                0xfc4 (size before relaxing)

.comment        0x00000000       0x7c
 .comment       0x00000000       0x7c Drivers\STM32F1xx_HAL_Driver\Src\stm32f1xx_hal.o
                                 0x7d (size before relaxing)
 .comment       0x0000007c       0x7d Drivers\STM32F1xx_HAL_Driver\Src\stm32f1xx_hal_adc.o
 .comment       0x0000007c       0x7d Drivers\STM32F1xx_HAL_Driver\Src\stm32f1xx_hal_can.o
 .comment       0x0000007c       0x7d Drivers\STM32F1xx_HAL_Driver\Src\stm32f1xx_hal_cortex.o
 .comment       0x0000007c       0x7d Drivers\STM32F1xx_HAL_Driver\Src\stm32f1xx_hal_dma.o
 .comment       0x0000007c       0x7d Drivers\STM32F1xx_HAL_Driver\Src\stm32f1xx_hal_gpio.o
 .comment       0x0000007c       0x7d Drivers\STM32F1xx_HAL_Driver\Src\stm32f1xx_hal_i2c.o
 .comment       0x0000007c       0x7d Drivers\STM32F1xx_HAL_Driver\Src\stm32f1xx_hal_rcc.o
 .comment       0x0000007c       0x7d Drivers\STM32F1xx_HAL_Driver\Src\stm32f1xx_hal_rcc_ex.o
 .comment       0x0000007c       0x7d Drivers\STM32F1xx_HAL_Driver\Src\stm32f1xx_hal_tim.o
 .comment       0x0000007c       0x7d Drivers\STM32F1xx_HAL_Driver\Src\stm32f1xx_hal_tim_ex.o
 .comment       0x0000007c       0x7d Src\adc.o
 .comment       0x0000007c       0x7d Src\can.o
 .comment       0x0000007c       0x7d Src\dma.o
 .comment       0x0000007c       0x7d Src\gpio.o
 .comment       0x0000007c       0x7d Src\i2c.o
 .comment       0x0000007c       0x7d Src\main.o
 .comment       0x0000007c       0x7d Src\mpu6050.o
 .comment       0x0000007c       0x7d Src\steering.o
 .comment       0x0000007c       0x7d Src\stm32f1xx_hal_msp.o
 .comment       0x0000007c       0x7d Src\stm32f1xx_it.o
 .comment       0x0000007c       0x7d Src\system_stm32f1xx.o
 .comment       0x0000007c       0x7d Src\tim.o

.debug_frame    0x00000000     0x2304
 .debug_frame   0x00000000      0x1b0 Drivers\STM32F1xx_HAL_Driver\Src\stm32f1xx_hal.o
 .debug_frame   0x000001b0      0x298 Drivers\STM32F1xx_HAL_Driver\Src\stm32f1xx_hal_adc.o
 .debug_frame   0x00000448      0x1bc Drivers\STM32F1xx_HAL_Driver\Src\stm32f1xx_hal_can.o
 .debug_frame   0x00000604      0x120 Drivers\STM32F1xx_HAL_Driver\Src\stm32f1xx_hal_cortex.o
 .debug_frame   0x00000724      0x144 Drivers\STM32F1xx_HAL_Driver\Src\stm32f1xx_hal_dma.o
 .debug_frame   0x00000868       0xd4 Drivers\STM32F1xx_HAL_Driver\Src\stm32f1xx_hal_gpio.o
 .debug_frame   0x0000093c      0x684 Drivers\STM32F1xx_HAL_Driver\Src\stm32f1xx_hal_i2c.o
 .debug_frame   0x00000fc0      0x150 Drivers\STM32F1xx_HAL_Driver\Src\stm32f1xx_hal_rcc.o
 .debug_frame   0x00001110       0x6c Drivers\STM32F1xx_HAL_Driver\Src\stm32f1xx_hal_rcc_ex.o
 .debug_frame   0x0000117c      0x854 Drivers\STM32F1xx_HAL_Driver\Src\stm32f1xx_hal_tim.o
 .debug_frame   0x000019d0      0x320 Drivers\STM32F1xx_HAL_Driver\Src\stm32f1xx_hal_tim_ex.o
 .debug_frame   0x00001cf0       0x70 Src\adc.o
 .debug_frame   0x00001d60       0x58 Src\can.o
 .debug_frame   0x00001db8       0x28 Src\dma.o
 .debug_frame   0x00001de0       0x30 Src\gpio.o
 .debug_frame   0x00001e10       0x58 Src\i2c.o
 .debug_frame   0x00001e68       0x8c Src\main.o
 .debug_frame   0x00001ef4       0x60 Src\mpu6050.o
 .debug_frame   0x00001f54       0x64 Src\steering.o
 .debug_frame   0x00001fb8       0x2c Src\stm32f1xx_hal_msp.o
 .debug_frame   0x00001fe4       0xfc Src\stm32f1xx_it.o
 .debug_frame   0x000020e0       0x30 Src\system_stm32f1xx.o
 .debug_frame   0x00002110       0xa8 Src\tim.o
 .debug_frame   0x000021b8       0x2c c:/program files (x86)/atollic/truestudio for stm32 9.1.0/armtools/bin/../lib/gcc/arm-atollic-eabi/6.3.1/../../../../arm-atollic-eabi/lib/armv7-m\libc_nano.a(lib_a-init.o)
 .debug_frame   0x000021e4       0xac c:/program files (x86)/atollic/truestudio for stm32 9.1.0/armtools/bin/../lib/gcc/arm-atollic-eabi/6.3.1/armv7-m\libgcc.a(_arm_addsubdf3.o)
 .debug_frame   0x00002290       0x50 c:/program files (x86)/atollic/truestudio for stm32 9.1.0/armtools/bin/../lib/gcc/arm-atollic-eabi/6.3.1/armv7-m\libgcc.a(_arm_muldivdf3.o)
 .debug_frame   0x000022e0       0x24 c:/program files (x86)/atollic/truestudio for stm32 9.1.0/armtools/bin/../lib/gcc/arm-atollic-eabi/6.3.1/armv7-m\libgcc.a(_arm_truncdfsf2.o)
