Archive member included to satisfy reference by file (symbol)

c:/program files (x86)/atollic/truestudio for stm32 9.1.0/armtools/bin/../lib/gcc/arm-atollic-eabi/6.3.1/../../../../arm-atollic-eabi/lib/armv7-m\libc_nano.a(lib_a-init.o)
                              startup\startup_stm32f103xb.o (__libc_init_array)
c:/program files (x86)/atollic/truestudio for stm32 9.1.0/armtools/bin/../lib/gcc/arm-atollic-eabi/6.3.1/../../../../arm-atollic-eabi/lib/armv7-m\libc_nano.a(lib_a-memset.o)
                              Drivers\STM32F1xx_HAL_Driver\Src\stm32f1xx_hal_rcc.o (memset)
c:/program files (x86)/atollic/truestudio for stm32 9.1.0/armtools/bin/../lib/gcc/arm-atollic-eabi/6.3.1/armv7-m\libgcc.a(_lshrdi3.o)
                              Drivers\STM32F1xx_HAL_Driver\Src\stm32f1xx_hal_flash.o (__aeabi_llsr)
c:/program files (x86)/atollic/truestudio for stm32 9.1.0/armtools/bin/../lib/gcc/arm-atollic-eabi/6.3.1/armv7-m\libgcc.a(_arm_addsubdf3.o)
                              Src\main.o (__aeabi_i2d)
c:/program files (x86)/atollic/truestudio for stm32 9.1.0/armtools/bin/../lib/gcc/arm-atollic-eabi/6.3.1/armv7-m\libgcc.a(_arm_muldivdf3.o)
                              Src\wheel_speed.o (__aeabi_dmul)
c:/program files (x86)/atollic/truestudio for stm32 9.1.0/armtools/bin/../lib/gcc/arm-atollic-eabi/6.3.1/armv7-m\libgcc.a(_arm_truncdfsf2.o)
                              Src\main.o (__aeabi_d2f)
c:/program files (x86)/atollic/truestudio for stm32 9.1.0/armtools/bin/../lib/gcc/arm-atollic-eabi/6.3.1/armv7-m\libgcc.a(_arm_addsubsf3.o)
                              Src\wheel_speed.o (__aeabi_fadd)
c:/program files (x86)/atollic/truestudio for stm32 9.1.0/armtools/bin/../lib/gcc/arm-atollic-eabi/6.3.1/armv7-m\libgcc.a(_arm_muldivsf3.o)
                              Src\wheel_speed.o (__aeabi_fmul)
c:/program files (x86)/atollic/truestudio for stm32 9.1.0/armtools/bin/../lib/gcc/arm-atollic-eabi/6.3.1/armv7-m\libgcc.a(_arm_fixunssfsi.o)
                              Src\wheel_speed.o (__aeabi_f2uiz)

Allocating common symbols
Common symbol       size              file

measured_distance   0x10              Src\main.o
lastValue           0x4               Src\steering.o
hi2c2               0x54              Src\i2c.o
adc_reading         0x8               Src\main.o
steering_final_reading
                    0x4               Src\main.o
uwTick              0x4               Drivers\STM32F1xx_HAL_Driver\Src\stm32f1xx_hal.o
pFlash              0x20              Drivers\STM32F1xx_HAL_Driver\Src\stm32f1xx_hal_flash.o
steering_decimal_reading
                    0x4               Src\main.o
htim3               0x40              Src\tim.o
hadc1               0x30              Src\adc.o
hdma_adc1           0x44              Src\adc.o
htim1               0x40              Src\tim.o
htim2               0x40              Src\tim.o
steering_graycode_reading
                    0x4               Src\main.o
mpu1                0xc               Src\main.o

Discarded input sections

 .text          0x00000000        0x0 c:/program files (x86)/atollic/truestudio for stm32 9.1.0/armtools/bin/../lib/gcc/arm-atollic-eabi/6.3.1/armv7-m/crti.o
 .data          0x00000000        0x0 c:/program files (x86)/atollic/truestudio for stm32 9.1.0/armtools/bin/../lib/gcc/arm-atollic-eabi/6.3.1/armv7-m/crti.o
 .bss           0x00000000        0x0 c:/program files (x86)/atollic/truestudio for stm32 9.1.0/armtools/bin/../lib/gcc/arm-atollic-eabi/6.3.1/armv7-m/crti.o
 .data          0x00000000        0x4 c:/program files (x86)/atollic/truestudio for stm32 9.1.0/armtools/bin/../lib/gcc/arm-atollic-eabi/6.3.1/armv7-m/crtbegin.o
 .text          0x00000000        0x0 Drivers\STM32F1xx_HAL_Driver\Src\stm32f1xx_hal.o
 .data          0x00000000        0x0 Drivers\STM32F1xx_HAL_Driver\Src\stm32f1xx_hal.o
 .bss           0x00000000        0x0 Drivers\STM32F1xx_HAL_Driver\Src\stm32f1xx_hal.o
 .text.HAL_MspInit
                0x00000000        0x2 Drivers\STM32F1xx_HAL_Driver\Src\stm32f1xx_hal.o
 .text.HAL_MspDeInit
                0x00000000        0x2 Drivers\STM32F1xx_HAL_Driver\Src\stm32f1xx_hal.o
 .text.HAL_DeInit
                0x00000000       0x20 Drivers\STM32F1xx_HAL_Driver\Src\stm32f1xx_hal.o
 .text.HAL_GetTickPrio
                0x00000000        0xc Drivers\STM32F1xx_HAL_Driver\Src\stm32f1xx_hal.o
 .text.HAL_SetTickFreq
                0x00000000       0x24 Drivers\STM32F1xx_HAL_Driver\Src\stm32f1xx_hal.o
 .text.HAL_GetTickFreq
                0x00000000        0xc Drivers\STM32F1xx_HAL_Driver\Src\stm32f1xx_hal.o
 .text.HAL_SuspendTick
                0x00000000       0x10 Drivers\STM32F1xx_HAL_Driver\Src\stm32f1xx_hal.o
 .text.HAL_ResumeTick
                0x00000000       0x10 Drivers\STM32F1xx_HAL_Driver\Src\stm32f1xx_hal.o
 .text.HAL_GetHalVersion
                0x00000000        0x8 Drivers\STM32F1xx_HAL_Driver\Src\stm32f1xx_hal.o
 .text.HAL_GetREVID
                0x00000000        0xc Drivers\STM32F1xx_HAL_Driver\Src\stm32f1xx_hal.o
[...]
Memory Configuration

Name             Origin             Length             Attributes
RAM              0x20000000         0x00005000         xrw
FLASH            0x08000000         0x00010000         xr
*default*        0x00000000         0xffffffff

Linker script and memory map

LOAD c:/program files (x86)/atollic/truestudio for stm32 9.1.0/armtools/bin/../lib/gcc/arm-atollic-eabi/6.3.1/armv7-m/crti.o
LOAD c:/program files (x86)/atollic/truestudio for stm32 9.1.0/armtools/bin/../lib/gcc/arm-atollic-eabi/6.3.1/armv7-m/crtbegin.o
LOAD Drivers\STM32F1xx_HAL_Driver\Src\stm32f1xx_hal.o
LOAD Drivers\STM32F1xx_HAL_Driver\Src\stm32f1xx_hal_adc.o
LOAD Drivers\STM32F1xx_HAL_Driver\Src\stm32f1xx_hal_adc_ex.o
LOAD Drivers\STM32F1xx_HAL_Driver\Src\stm32f1xx_hal_cortex.o
LOAD Drivers\STM32F1xx_HAL_Driver\Src\stm32f1xx_hal_dma.o
LOAD Drivers\STM32F1xx_HAL_Driver\Src\stm32f1xx_hal_flash.o
LOAD Drivers\STM32F1xx_HAL_Driver\Src\stm32f1xx_hal_flash_ex.o
LOAD Drivers\STM32F1xx_HAL_Driver\Src\stm32f1xx_hal_gpio.o
LOAD Drivers\STM32F1xx_HAL_Driver\Src\stm32f1xx_hal_gpio_ex.o
LOAD Drivers\STM32F1xx_HAL_Driver\Src\stm32f1xx_hal_i2c.o
LOAD Drivers\STM32F1xx_HAL_Driver\Src\stm32f1xx_hal_pwr.o
LOAD Drivers\STM32F1xx_HAL_Driver\Src\stm32f1xx_hal_rcc.o
LOAD Drivers\STM32F1xx_HAL_Driver\Src\stm32f1xx_hal_rcc_ex.o
LOAD Drivers\STM32F1xx_HAL_Driver\Src\stm32f1xx_hal_tim.o
LOAD Drivers\STM32F1xx_HAL_Driver\Src\stm32f1xx_hal_tim_ex.o
LOAD Src\adc.o
LOAD Src\dma.o
LOAD Src\gpio.o
LOAD Src\i2c.o
LOAD Src\main.o
LOAD Src\mpu6050.o
LOAD Src\steering.o
LOAD Src\stm32f1xx_hal_msp.o
LOAD Src\stm32f1xx_it.o
LOAD Src\system_stm32f1xx.o
LOAD Src\tim.o
LOAD Src\wheel_speed.o
LOAD startup\startup_stm32f103xb.o
                0x00000080                malloc_getpagesize_P = 0x80
START GROUP
LOAD c:/program files (x86)/atollic/truestudio for stm32 9.1.0/armtools/bin/../lib/gcc/arm-atollic-eabi/6.3.1/../../../../arm-atollic-eabi/lib/armv7-m\libc_nano.a
LOAD c:/program files (x86)/atollic/truestudio for stm32 9.1.0/armtools/bin/../lib/gcc/arm-atollic-eabi/6.3.1/../../../../arm-atollic-eabi/lib/armv7-m\libm.a
END GROUP
START GROUP
LOAD c:/program files (x86)/atollic/truestudio for stm32 9.1.0/armtools/bin/../lib/gcc/arm-atollic-eabi/6.3.1/armv7-m\libgcc.a
LOAD c:/program files (x86)/atollic/truestudio for stm32 9.1.0/armtools/bin/../lib/gcc/arm-atollic-eabi/6.3.1/../../../../arm-atollic-eabi/lib/armv7-m\libc_nano.a
END GROUP
START GROUP
LOAD c:/program files (x86)/atollic/truestudio for stm32 9.1.0/armtools/bin/../lib/gcc/arm-atollic-eabi/6.3.1/armv7-m\libgcc.a
LOAD c:/program files (x86)/atollic/truestudio for stm32 9.1.0/armtools/bin/../lib/gcc/arm-atollic-eabi/6.3.1/../../../../arm-atollic-eabi/lib/armv7-m\libc_nano.a
LOAD c:/program files (x86)/atollic/truestudio for stm32 9.1.0/armtools/bin/../lib/gcc/arm-atollic-eabi/6.3.1/../../../../arm-atollic-eabi/lib/armv7-m\libnosys.a
END GROUP
START GROUP
LOAD c:/program files (x86)/atollic/truestudio for stm32 9.1.0/armtools/bin/../lib/gcc/arm-atollic-eabi/6.3.1/armv7-m\libgcc.a
LOAD c:/program files (x86)/atollic/truestudio for stm32 9.1.0/armtools/bin/../lib/gcc/arm-atollic-eabi/6.3.1/../../../../arm-atollic-eabi/lib/armv7-m\libc_nano.a
LOAD c:/program files (x86)/atollic/truestudio for stm32 9.1.0/armtools/bin/../lib/gcc/arm-atollic-eabi/6.3.1/../../../../arm-atollic-eabi/lib/armv7-m\libnosys.a
END GROUP
LOAD c:/program files (x86)/atollic/truestudio for stm32 9.1.0/armtools/bin/../lib/gcc/arm-atollic-eabi/6.3.1/armv7-m/crtend.o
LOAD c:/program files (x86)/atollic/truestudio for stm32 9.1.0/armtools/bin/../lib/gcc/arm-atollic-eabi/6.3.1/armv7-m/crtn.o
                0x20005000                _estack = 0x20005000
                0x00000200                _Min_Heap_Size = 0x200
                0x00000400                _Min_Stack_Size = 0x400

.isr_vector     0x08000000      0x10c
                0x08000000                . = ALIGN (0x4)
 *(.isr_vector)
 .isr_vector    0x08000000      0x10c startup\startup_stm32f103xb.o
                0x08000000                g_pfnVectors
                0x0800010c                . = ALIGN (0x4)

.text           0x08000110     0x31a0
                0x08000110                . = ALIGN (0x4)
 *(.text)
 .text          0x08000110       0x40 c:/program files (x86)/atollic/truestudio for stm32 9.1.0/armtools/bin/../lib/gcc/arm-atollic-eabi/6.3.1/armv7-m/crtbegin.o
 .text          0x08000150      0x370 c:/program files (x86)/atollic/truestudio for stm32 9.1.0/armtools/bin/../lib/gcc/arm-atollic-eabi/6.3.1/armv7-m\libgcc.a(_arm_addsubdf3.o)
                0x08000150                __aeabi_drsub
                0x08000158                __aeabi_dsub
                0x08000158                __subdf3
                0x0800015c                __aeabi_dadd
                0x0800015c                __adddf3
                0x080003d4                __floatunsidf
                0x080003d4                __aeabi_ui2d
                0x080003f4                __floatsidf
                0x080003f4                __aeabi_i2d
                0x08000418                __aeabi_f2d
                0x08000418                __extendsfdf2
                0x08000454                __floatundidf
                0x08000454                __aeabi_ul2d
                0x08000464                __floatdidf
                0x08000464                __aeabi_l2d
 .text          0x080004c0      0x424 c:/program files (x86)/atollic/truestudio for stm32 9.1.0/armtools/bin/../lib/gcc/arm-atollic-eabi/6.3.1/armv7-m\libgcc.a(_arm_muldivdf3.o)
                0x080004c0                __aeabi_dmul
                0x080004c0                __muldf3
                0x08000714                __divdf3
                0x08000714                __aeabi_ddiv
 .text          0x080008e4       0xa0 c:/program files (x86)/atollic/truestudio for stm32 9.1.0/armtools/bin/../lib/gcc/arm-atollic-eabi/6.3.1/armv7-m\libgcc.a(_arm_truncdfsf2.o)
                0x080008e4                __truncdfsf2
                0x080008e4                __aeabi_d2f
 *(.text*)
 .text.HAL_InitTick
                0x08000984       0x48 Drivers\STM32F1xx_HAL_Driver\Src\stm32f1xx_hal.o
                0x08000984                HAL_InitTick
 .text.HAL_Init
                0x080009cc       0x24 Drivers\STM32F1xx_HAL_Driver\Src\stm32f1xx_hal.o
                0x080009cc                HAL_Init
 .text.HAL_IncTick
                0x080009f0       0x18 Drivers\STM32F1xx_HAL_Driver\Src\stm32f1xx_hal.o
                0x080009f0                HAL_IncTick
 .text.HAL_GetTick
                0x08000a08        0xc Drivers\STM32F1xx_HAL_Driver\Src\stm32f1xx_hal.o
                0x08000a08                HAL_GetTick
 .text.HAL_Delay
                0x08000a14       0x24 Drivers\STM32F1xx_HAL_Driver\Src\stm32f1xx_hal.o
                0x08000a14                HAL_Delay
 .text.HAL_ADC_ConvCpltCallback
                0x08000a38        0x2 Drivers\STM32F1xx_HAL_Driver\Src\stm32f1xx_hal_adc.o
                0x08000a38                HAL_ADC_ConvCpltCallback
 .text.ADC_DMAConvCplt
                0x08000a3a       0x4e Drivers\STM32F1xx_HAL_Driver\Src\stm32f1xx_hal_adc.o
                0x08000a3a                ADC_DMAConvCplt
 .text.HAL_ADC_ConvHalfCpltCallback
                0x08000a88        0x2 Drivers\STM32F1xx_HAL_Driver\Src\stm32f1xx_hal_adc.o
                0x08000a88                HAL_ADC_ConvHalfCpltCallback
 .text.ADC_DMAHalfConvCplt
                0x08000a8a        0xa Drivers\STM32F1xx_HAL_Driver\Src\stm32f1xx_hal_adc.o
                0x08000a8a                ADC_DMAHalfConvCplt
 .text.HAL_ADC_ErrorCallback
                0x08000a94        0x2 Drivers\STM32F1xx_HAL_Driver\Src\stm32f1xx_hal_adc.o
                0x08000a94                HAL_ADC_ErrorCallback
 .text.ADC_DMAError
                0x08000a96       0x1a Drivers\STM32F1xx_HAL_Driver\Src\stm32f1xx_hal_adc.o
                0x08000a96                ADC_DMAError
 .text.HAL_ADC_ConfigChannel
                0x08000ab0      0x108 Drivers\STM32F1xx_HAL_Driver\Src\stm32f1xx_hal_adc.o
                0x08000ab0                HAL_ADC_ConfigChannel
 .text.ADC_Enable
                0x08000bb8       0x70 Drivers\STM32F1xx_HAL_Driver\Src\stm32f1xx_hal_adc.o
                0x08000bb8                ADC_Enable
 .text.HAL_ADC_Start_DMA
                0x08000c28      0x11c Drivers\STM32F1xx_HAL_Driver\Src\stm32f1xx_hal_adc.o
                0x08000c28                HAL_ADC_Start_DMA
 .text.ADC_ConversionStop_Disable
                0x08000d44       0x44 Drivers\STM32F1xx_HAL_Driver\Src\stm32f1xx_hal_adc.o
                0x08000d44                ADC_ConversionStop_Disable
 .text.HAL_ADC_Init
                0x08000d88      0x100 Drivers\STM32F1xx_HAL_Driver\Src\stm32f1xx_hal_adc.o
                0x08000d88                HAL_ADC_Init
 .text.HAL_NVIC_SetPriorityGrouping
                0x08000e88       0x24 Drivers\STM32F1xx_HAL_Driver\Src\stm32f1xx_hal_cortex.o
                0x08000e88                HAL_NVIC_SetPriorityGrouping
 .text.HAL_NVIC_SetPriority
                0x08000eac       0x68 Drivers\STM32F1xx_HAL_Driver\Src\stm32f1xx_hal_cortex.o
                0x08000eac                HAL_NVIC_SetPriority
 .text.HAL_NVIC_EnableIRQ
                0x08000f14       0x18 Drivers\STM32F1xx_HAL_Driver\Src\stm32f1xx_hal_cortex.o
                0x08000f14                HAL_NVIC_EnableIRQ
 .text.HAL_SYSTICK_Config
                0x08000f2c       0x2c Drivers\STM32F1xx_HAL_Driver\Src\stm32f1xx_hal_cortex.o
                0x08000f2c                HAL_SYSTICK_Config
 .text.HAL_SYSTICK_CLKSourceConfig
                0x08000f58       0x18 Drivers\STM32F1xx_HAL_Driver\Src\stm32f1xx_hal_cortex.o
                0x08000f58                HAL_SYSTICK_CLKSourceConfig
 .text.HAL_SYSTICK_Callback
                0x08000f70        0x2 Drivers\STM32F1xx_HAL_Driver\Src\stm32f1xx_hal_cortex.o
                0x08000f70                HAL_SYSTICK_Callback
 .text.HAL_SYSTICK_IRQHandler
                0x08000f72        0x8 Drivers\STM32F1xx_HAL_Driver\Src\stm32f1xx_hal_cortex.o
                0x08000f72                HAL_SYSTICK_IRQHandler
 *fill*         0x08000f7a        0x2 
 .text.HAL_DMA_Init
                0x08000f7c       0x68 Drivers\STM32F1xx_HAL_Driver\Src\stm32f1xx_hal_dma.o
                0x08000f7c                HAL_DMA_Init
 .text.HAL_DMA_Start_IT
                0x08000fe4       0x7a Drivers\STM32F1xx_HAL_Driver\Src\stm32f1xx_hal_dma.o
                0x08000fe4                HAL_DMA_Start_IT
 *fill*         0x0800105e        0x2 
 .text.HAL_DMA_IRQHandler
                0x08001060      0x128 Drivers\STM32F1xx_HAL_Driver\Src\stm32f1xx_hal_dma.o
                0x08001060                HAL_DMA_IRQHandler
 .text.HAL_GPIO_Init
                0x08001188      0x1c0 Drivers\STM32F1xx_HAL_Driver\Src\stm32f1xx_hal_gpio.o
                0x08001188                HAL_GPIO_Init
 .text.I2C_IsAcknowledgeFailed
                0x08001348       0x2a Drivers\STM32F1xx_HAL_Driver\Src\stm32f1xx_hal_i2c.o
 .text.I2C_WaitOnMasterAddressFlagUntilTimeout
                0x08001372       0x80 Drivers\STM32F1xx_HAL_Driver\Src\stm32f1xx_hal_i2c.o
 .text.I2C_WaitOnFlagUntilTimeout
                0x080013f2       0x5c Drivers\STM32F1xx_HAL_Driver\Src\stm32f1xx_hal_i2c.o
 .text.I2C_WaitOnTXEFlagUntilTimeout
                0x0800144e       0x4c Drivers\STM32F1xx_HAL_Driver\Src\stm32f1xx_hal_i2c.o
 .text.I2C_WaitOnRXNEFlagUntilTimeout
                0x0800149a       0x5a Drivers\STM32F1xx_HAL_Driver\Src\stm32f1xx_hal_i2c.o
 .text.I2C_WaitOnBTFFlagUntilTimeout
                0x080014f4       0x4c Drivers\STM32F1xx_HAL_Driver\Src\stm32f1xx_hal_i2c.o
 .text.HAL_I2C_Init
                0x08001540      0x100 Drivers\STM32F1xx_HAL_Driver\Src\stm32f1xx_hal_i2c.o
                0x08001540                HAL_I2C_Init
 .text.HAL_I2C_Master_Transmit
                0x08001640      0x1ac Drivers\STM32F1xx_HAL_Driver\Src\stm32f1xx_hal_i2c.o
                0x08001640                HAL_I2C_Master_Transmit
 .text.HAL_I2C_Master_Receive
                0x080017ec      0x304 Drivers\STM32F1xx_HAL_Driver\Src\stm32f1xx_hal_i2c.o
                0x080017ec                HAL_I2C_Master_Receive
 .text.HAL_RCC_OscConfig
                0x08001af0      0x318 Drivers\STM32F1xx_HAL_Driver\Src\stm32f1xx_hal_rcc.o
                0x08001af0                HAL_RCC_OscConfig
 .text.HAL_RCC_GetSysClockFreq
                0x08001e08       0x78 Drivers\STM32F1xx_HAL_Driver\Src\stm32f1xx_hal_rcc.o
                0x08001e08                HAL_RCC_GetSysClockFreq
 .text.HAL_RCC_ClockConfig
                0x08001e80      0x148 Drivers\STM32F1xx_HAL_Driver\Src\stm32f1xx_hal_rcc.o
                0x08001e80                HAL_RCC_ClockConfig
 .text.HAL_RCC_GetHCLKFreq
                0x08001fc8        0xc Drivers\STM32F1xx_HAL_Driver\Src\stm32f1xx_hal_rcc.o
                0x08001fc8                HAL_RCC_GetHCLKFreq
 .text.HAL_RCC_GetPCLK1Freq
                0x08001fd4       0x20 Drivers\STM32F1xx_HAL_Driver\Src\stm32f1xx_hal_rcc.o
                0x08001fd4                HAL_RCC_GetPCLK1Freq
 .text.HAL_RCCEx_PeriphCLKConfig
                0x08001ff4       0xf0 Drivers\STM32F1xx_HAL_Driver\Src\stm32f1xx_hal_rcc_ex.o
                0x08001ff4                HAL_RCCEx_PeriphCLKConfig
 .text.HAL_TIM_Base_Start_IT
                0x080020e4       0x16 Drivers\STM32F1xx_HAL_Driver\Src\stm32f1xx_hal_tim.o
                0x080020e4                HAL_TIM_Base_Start_IT
 .text.HAL_TIM_IC_MspInit
                0x080020fa        0x2 Drivers\STM32F1xx_HAL_Driver\Src\stm32f1xx_hal_tim.o
                0x080020fa                HAL_TIM_IC_MspInit
 .text.HAL_TIM_ConfigClockSource
                0x080020fc      0x172 Drivers\STM32F1xx_HAL_Driver\Src\stm32f1xx_hal_tim.o
                0x080020fc                HAL_TIM_ConfigClockSource
 .text.HAL_TIM_OC_DelayElapsedCallback
                0x0800226e        0x2 Drivers\STM32F1xx_HAL_Driver\Src\stm32f1xx_hal_tim.o
                0x0800226e                HAL_TIM_OC_DelayElapsedCallback
 .text.HAL_TIM_PWM_PulseFinishedCallback
                0x08002270        0x2 Drivers\STM32F1xx_HAL_Driver\Src\stm32f1xx_hal_tim.o
                0x08002270                HAL_TIM_PWM_PulseFinishedCallback
 .text.HAL_TIM_TriggerCallback
                0x08002272        0x2 Drivers\STM32F1xx_HAL_Driver\Src\stm32f1xx_hal_tim.o
                0x08002272                HAL_TIM_TriggerCallback
 .text.HAL_TIM_IRQHandler
                0x08002274      0x144 Drivers\STM32F1xx_HAL_Driver\Src\stm32f1xx_hal_tim.o
                0x08002274                HAL_TIM_IRQHandler
 .text.TIM_Base_SetConfig
                0x080023b8       0x70 Drivers\STM32F1xx_HAL_Driver\Src\stm32f1xx_hal_tim.o
                0x080023b8                TIM_Base_SetConfig
 .text.HAL_TIM_Base_Init
                0x08002428       0x34 Drivers\STM32F1xx_HAL_Driver\Src\stm32f1xx_hal_tim.o
                0x08002428                HAL_TIM_Base_Init
 .text.HAL_TIM_IC_Init
                0x0800245c       0x34 Drivers\STM32F1xx_HAL_Driver\Src\stm32f1xx_hal_tim.o
                0x0800245c                HAL_TIM_IC_Init
 .text.TIM_TI1_SetConfig
                0x08002490       0x54 Drivers\STM32F1xx_HAL_Driver\Src\stm32f1xx_hal_tim.o
                0x08002490                TIM_TI1_SetConfig
 .text.HAL_TIM_IC_ConfigChannel
                0x080024e4      0x110 Drivers\STM32F1xx_HAL_Driver\Src\stm32f1xx_hal_tim.o
                0x080024e4                HAL_TIM_IC_ConfigChannel
 .text.TIM_CCxChannelCmd
                0x080025f4       0x18 Drivers\STM32F1xx_HAL_Driver\Src\stm32f1xx_hal_tim.o
                0x080025f4                TIM_CCxChannelCmd
 .text.HAL_TIM_IC_Start_IT
                0x0800260c       0x58 Drivers\STM32F1xx_HAL_Driver\Src\stm32f1xx_hal_tim.o
                0x0800260c                HAL_TIM_IC_Start_IT
 .text.HAL_TIMEx_MasterConfigSynchronization
                0x08002664       0x44 Drivers\STM32F1xx_HAL_Driver\Src\stm32f1xx_hal_tim_ex.o
                0x08002664                HAL_TIMEx_MasterConfigSynchronization
 .text.HAL_TIMEx_CommutationCallback
                0x080026a8        0x2 Drivers\STM32F1xx_HAL_Driver\Src\stm32f1xx_hal_tim_ex.o
                0x080026a8                HAL_TIMEx_CommutationCallback
 .text.HAL_TIMEx_BreakCallback
                0x080026aa        0x2 Drivers\STM32F1xx_HAL_Driver\Src\stm32f1xx_hal_tim_ex.o
                0x080026aa                HAL_TIMEx_BreakCallback
 .text.MX_ADC1_Init
                0x080026ac       0xa4 Src\adc.o
                0x080026ac                MX_ADC1_Init
 .text.HAL_ADC_MspInit
                0x08002750       0x88 Src\adc.o
                0x08002750                HAL_ADC_MspInit
 .text.MX_DMA_Init
                0x080027d8       0x30 Src\dma.o
                0x080027d8                MX_DMA_Init
 .text.MX_GPIO_Init
                0x08002808       0x60 Src\gpio.o
                0x08002808                MX_GPIO_Init
 .text.MX_I2C2_Init
                0x08002868       0x48 Src\i2c.o
                0x08002868                MX_I2C2_Init
 .text.HAL_I2C_MspInit
                0x080028b0       0x48 Src\i2c.o
                0x080028b0                HAL_I2C_MspInit
 .text.SystemClock_Config
                0x080028f8       0x80 Src\main.o
                0x080028f8                SystemClock_Config
 .text.startup.main
                0x08002978       0xcc Src\main.o
                0x08002978                main
 *fill*         0x08002a44        0x4 
 .text.HAL_TIM_PeriodElapsedCallback
                0x08002a48       0x9c Src\main.o
                0x08002a48                HAL_TIM_PeriodElapsedCallback
 .text.HAL_TIM_IC_CaptureCallback
                0x08002ae4      0x148 Src\main.o
                0x08002ae4                HAL_TIM_IC_CaptureCallback
 .text._Error_Handler
                0x08002c2c        0x2 Src\main.o
                0x08002c2c                _Error_Handler
 .text.MPU6050_Init
                0x08002c2e       0x78 Src\mpu6050.o
                0x08002c2e                MPU6050_Init
 .text.MPU6050_ReadRawData
                0x08002ca6       0xba Src\mpu6050.o
                0x08002ca6                MPU6050_ReadRawData
 .text.inputReading
                0x08002d60       0x18 Src\steering.o
                0x08002d60                inputReading
 .text.graytoDecimal
                0x08002d78       0x7c Src\steering.o
                0x08002d78                graytoDecimal
 .text.actualReading
                0x08002df4        0xa Src\steering.o
                0x08002df4                actualReading
 *fill*         0x08002dfe        0x2 
 .text.HAL_MspInit
                0x08002e00       0xa0 Src\stm32f1xx_hal_msp.o
                0x08002e00                HAL_MspInit
 .text.NMI_Handler
                0x08002ea0        0x2 Src\stm32f1xx_it.o
                0x08002ea0                NMI_Handler
 .text.HardFault_Handler
                0x08002ea2        0x2 Src\stm32f1xx_it.o
                0x08002ea2                HardFault_Handler
 .text.MemManage_Handler
                0x08002ea4        0x2 Src\stm32f1xx_it.o
                0x08002ea4                MemManage_Handler
 .text.BusFault_Handler
                0x08002ea6        0x2 Src\stm32f1xx_it.o
                0x08002ea6                BusFault_Handler
 .text.UsageFault_Handler
                0x08002ea8        0x2 Src\stm32f1xx_it.o
                0x08002ea8                UsageFault_Handler
 .text.SVC_Handler
                0x08002eaa        0x2 Src\stm32f1xx_it.o
                0x08002eaa                SVC_Handler
 .text.DebugMon_Handler
                0x08002eac        0x2 Src\stm32f1xx_it.o
                0x08002eac                DebugMon_Handler
 .text.PendSV_Handler
                0x08002eae        0x2 Src\stm32f1xx_it.o
                0x08002eae                PendSV_Handler
 .text.SysTick_Handler
                0x08002eb0        0xe Src\stm32f1xx_it.o
                0x08002eb0                SysTick_Handler
 *fill*         0x08002ebe        0x2 
 .text.DMA1_Channel1_IRQHandler
                0x08002ec0        0xc Src\stm32f1xx_it.o
                0x08002ec0                DMA1_Channel1_IRQHandler
 .text.TIM1_CC_IRQHandler
                0x08002ecc        0xc Src\stm32f1xx_it.o
                0x08002ecc                TIM1_CC_IRQHandler
 .text.TIM1_UP_IRQHandler
                0x08002ed8        0x4 Src\stm32f1xx_it.o
                0x08002ed8                TIM1_UP_IRQHandler
 .text.TIM2_IRQHandler
                0x08002edc        0xc Src\stm32f1xx_it.o
                0x08002edc                TIM2_IRQHandler
 .text.TIM3_IRQHandler
                0x08002ee8        0xc Src\stm32f1xx_it.o
                0x08002ee8                TIM3_IRQHandler
 .text.SystemInit
                0x08002ef4       0x4c Src\system_stm32f1xx.o
                0x08002ef4                SystemInit
 .text.MX_TIM1_Init
                0x08002f40       0xd8 Src\tim.o
                0x08002f40                MX_TIM1_Init
 .text.MX_TIM2_Init
                0x08003018       0x98 Src\tim.o
                0x08003018                MX_TIM2_Init
 .text.MX_TIM3_Init
                0x080030b0       0x70 Src\tim.o
                0x080030b0                MX_TIM3_Init
 .text.HAL_TIM_Base_MspInit
                0x08003120       0xe4 Src\tim.o
                0x08003120                HAL_TIM_Base_MspInit
 .text.Reset_Handler
                0x08003204       0x48 startup\startup_stm32f103xb.o
                0x08003204                Reset_Handler
 .text.Default_Handler
                0x0800324c        0x2 startup\startup_stm32f103xb.o
                0x0800324c                RTC_Alarm_IRQHandler
                0x0800324c                EXTI2_IRQHandler
                0x0800324c                PVD_IRQHandler
                0x0800324c                EXTI3_IRQHandler
                0x0800324c                EXTI0_IRQHandler
                0x0800324c                I2C2_EV_IRQHandler
                0x0800324c                ADC1_2_IRQHandler
                0x0800324c                SPI1_IRQHandler
                0x0800324c                TAMPER_IRQHandler
                0x0800324c                DMA1_Channel4_IRQHandler
                0x0800324c                USART3_IRQHandler
                0x0800324c                RTC_IRQHandler
                0x0800324c                DMA1_Channel7_IRQHandler
                0x0800324c                CAN1_RX1_IRQHandler
                0x0800324c                TIM4_IRQHandler
                0x0800324c                I2C1_EV_IRQHandler
                0x0800324c                DMA1_Channel6_IRQHandler
                0x0800324c                RCC_IRQHandler
                0x0800324c                TIM1_TRG_COM_IRQHandler
                0x0800324c                Default_Handler
                0x0800324c                EXTI15_10_IRQHandler
                0x0800324c                EXTI9_5_IRQHandler
                0x0800324c                SPI2_IRQHandler
                0x0800324c                DMA1_Channel5_IRQHandler
                0x0800324c                EXTI4_IRQHandler
                0x0800324c                USB_LP_CAN1_RX0_IRQHandler
                0x0800324c                USB_HP_CAN1_TX_IRQHandler
                0x0800324c                DMA1_Channel3_IRQHandler
                0x0800324c                WWDG_IRQHandler
                0x0800324c                TIM1_BRK_IRQHandler
                0x0800324c                EXTI1_IRQHandler
                0x0800324c                USART2_IRQHandler
                0x0800324c                I2C2_ER_IRQHandler
                0x0800324c                DMA1_Channel2_IRQHandler
                0x0800324c                CAN1_SCE_IRQHandler
                0x0800324c                FLASH_IRQHandler
                0x0800324c                USART1_IRQHandler
                0x0800324c                I2C1_ER_IRQHandler
                0x0800324c                USBWakeUp_IRQHandler
 *fill*         0x0800324e        0x2 
 .text.__libc_init_array
                0x08003250       0x48 c:/program files (x86)/atollic/truestudio for stm32 9.1.0/armtools/bin/../lib/gcc/arm-atollic-eabi/6.3.1/../../../../arm-atollic-eabi/lib/armv7-m\libc_nano.a(lib_a-init.o)
                0x08003250                __libc_init_array
 *(.glue_7)
 .glue_7        0x08003298        0x0 linker stubs
 *(.glue_7t)
 .glue_7t       0x08003298        0x0 linker stubs
 *(.eh_frame)
 .eh_frame      0x08003298        0x0 c:/program files (x86)/atollic/truestudio for stm32 9.1.0/armtools/bin/../lib/gcc/arm-atollic-eabi/6.3.1/armv7-m/crtbegin.o
 *(.init)
 .init          0x08003298        0x4 c:/program files (x86)/atollic/truestudio for stm32 9.1.0/armtools/bin/../lib/gcc/arm-atollic-eabi/6.3.1/armv7-m/crti.o
                0x08003298                _init
 .init          0x0800329c        0x8 c:/program files (x86)/atollic/truestudio for stm32 9.1.0/armtools/bin/../lib/gcc/arm-atollic-eabi/6.3.1/armv7-m/crtn.o
 *(.fini)
 .fini          0x080032a4        0x4 c:/program files (x86)/atollic/truestudio for stm32 9.1.0/armtools/bin/../lib/gcc/arm-atollic-eabi/6.3.1/armv7-m/crti.o
                0x080032a4                _fini
 .fini          0x080032a8        0x8 c:/program files (x86)/atollic/truestudio for stm32 9.1.0/armtools/bin/../lib/gcc/arm-atollic-eabi/6.3.1/armv7-m/crtn.o
                0x080032b0                . = ALIGN (0x4)
                0x080032b0                _etext = .

.vfp11_veneer   0x080032b0        0x0
 .vfp11_veneer  0x080032b0        0x0 linker stubs

.v4_bx          0x080032b0        0x0
 .v4_bx         0x080032b0        0x0 linker stubs

.iplt           0x080032b0        0x0
 .iplt          0x080032b0        0x0 c:/program files (x86)/atollic/truestudio for stm32 9.1.0/armtools/bin/../lib/gcc/arm-atollic-eabi/6.3.1/armv7-m/crtbegin.o

.rodata         0x080032b0       0x50
                0x080032b0                . = ALIGN (0x4)
 *(.rodata)
 .rodata        0x080032b0       0x10 Drivers\STM32F1xx_HAL_Driver\Src\stm32f1xx_hal_rcc.o
 *(.rodata*)
 .rodata.MX_ADC1_Init.str1.1
                0x080032c0        0xd Src\adc.o
 .rodata.MX_I2C2_Init.str1.1
                0x080032cd        0xd Src\i2c.o
 .rodata.AHBPrescTable
                0x080032da       0x10 Src\system_stm32f1xx.o
                0x080032da                AHBPrescTable
 .rodata.APBPrescTable
                0x080032ea        0x8 Src\system_stm32f1xx.o
                0x080032ea                APBPrescTable
 .rodata.MX_TIM1_Init.str1.1
                0x080032f2        0xd Src\tim.o
                0x08003300                . = ALIGN (0x4)
 *fill*         0x080032ff        0x1 

.rel.dyn        0x08003300        0x0
 .rel.iplt      0x08003300        0x0 c:/program files (x86)/atollic/truestudio for stm32 9.1.0/armtools/bin/../lib/gcc/arm-atollic-eabi/6.3.1/armv7-m/crtbegin.o

.ARM.extab
 *(.ARM.extab* .gnu.linkonce.armextab.*)

.ARM            0x08003300        0x0
                0x08003300                __exidx_start = .
 *(.ARM.exidx*)
                0x08003300                __exidx_end = .

.preinit_array  0x08003300        0x0
                0x08003300                PROVIDE (__preinit_array_start, .)
 *(.preinit_array*)
                0x08003300                PROVIDE (__preinit_array_end, .)

.init_array     0x08003300        0x4
                0x08003300                PROVIDE (__init_array_start, .)
 *(SORT(.init_array.*))
 *(.init_array*)
 .init_array    0x08003300        0x4 c:/program files (x86)/atollic/truestudio for stm32 9.1.0/armtools/bin/../lib/gcc/arm-atollic-eabi/6.3.1/armv7-m/crtbegin.o
                0x08003304                PROVIDE (__init_array_end, .)

.fini_array     0x08003304        0x4
                [!provide]                PROVIDE (__fini_array_start, .)
 *(SORT(.fini_array.*))
 *(.fini_array*)
 .fini_array    0x08003304        0x4 c:/program files (x86)/atollic/truestudio for stm32 9.1.0/armtools/bin/../lib/gcc/arm-atollic-eabi/6.3.1/armv7-m/crtbegin.o
                [!provide]                PROVIDE (__fini_array_end, .)
                0x08003308                _sidata = LOADADDR (.data)

.data           0x20000000        0xc load address 0x08003308
                0x20000000                . = ALIGN (0x4)
                0x20000000                _sdata = .
 *(.data)
 *(.data*)
 .data.uwTickFreq
                0x20000000        0x1 Drivers\STM32F1xx_HAL_Driver\Src\stm32f1xx_hal.o
                0x20000000                uwTickFreq
 *fill*         0x20000001        0x3 
 .data.uwTickPrio
                0x20000004        0x4 Drivers\STM32F1xx_HAL_Driver\Src\stm32f1xx_hal.o
                0x20000004                uwTickPrio
 .data.SystemCoreClock
                0x20000008        0x4 Src\system_stm32f1xx.o
                0x20000008                SystemCoreClock
                0x2000000c                . = ALIGN (0x4)
                0x2000000c                _edata = .

.igot.plt       0x2000000c        0x0 load address 0x08003314
 .igot.plt      0x2000000c        0x0 c:/program files (x86)/atollic/truestudio for stm32 9.1.0/armtools/bin/../lib/gcc/arm-atollic-eabi/6.3.1/armv7-m/crtbegin.o
                0x2000000c                . = ALIGN (0x4)

.bss            0x2000000c      0x218 load address 0x08003314
                0x2000000c                _sbss = .
                0x2000000c                __bss_start__ = _sbss
 *(.bss)
 .bss           0x2000000c       0x1c c:/program files (x86)/atollic/truestudio for stm32 9.1.0/armtools/bin/../lib/gcc/arm-atollic-eabi/6.3.1/armv7-m/crtbegin.o
 *(.bss*)
 .bss.Number_of_over_flows
                0x20000028        0x5 Src\main.o
                0x20000028                Number_of_over_flows
 .bss.flag      0x2000002d        0x5 Src\main.o
                0x2000002d                flag
 *fill*         0x20000032        0x2 
 .bss.g_capture_val
                0x20000034       0x14 Src\main.o
                0x20000034                g_capture_val
 .bss.g_old_capture_val
                0x20000048       0x14 Src\main.o
                0x20000048                g_old_capture_val
 .bss.updateCounter
                0x2000005c        0x5 Src\main.o
                0x2000005c                updateCounter
 *(COMMON)
 *fill*         0x20000061        0x3 
 COMMON         0x20000064        0x4 Drivers\STM32F1xx_HAL_Driver\Src\stm32f1xx_hal.o
                0x20000064                uwTick
 COMMON         0x20000068       0x74 Src\adc.o
                0x20000068                hadc1
                0x20000098                hdma_adc1
 COMMON         0x200000dc       0x54 Src\i2c.o
                0x200000dc                hi2c2
 COMMON         0x20000130       0x30 Src\main.o
                0x20000130                measured_distance
                0x20000140                adc_reading
                0x20000148                steering_final_reading
                0x2000014c                steering_decimal_reading
                0x20000150                steering_graycode_reading
                0x20000154                mpu1
 COMMON         0x20000160        0x4 Src\steering.o
                0x20000160                lastValue
 COMMON         0x20000164       0xc0 Src\tim.o
                0x20000164                htim3
                0x200001a4                htim1
                0x200001e4                htim2
                0x20000224                . = ALIGN (0x4)
                0x20000224                _ebss = .
                0x20000224                __bss_end__ = _ebss

._user_heap_stack
                0x20000224      0x600 load address 0x08003314
                0x20000224                . = ALIGN (0x4)
                [!provide]                PROVIDE (end, .)
                [!provide]                PROVIDE (_end, .)
                0x20000424                . = (. + _Min_Heap_Size)
 *fill*         0x20000224      0x200 
                0x20000824                . = (. + _Min_Stack_Size)
 *fill*         0x20000424      0x400 
                0x20000824                . = ALIGN (0x4)

/DISCARD/
 libc.a(*)
 libm.a(*)
 libgcc.a(*)

.ARM.attributes
                0x00000000       0x29
 *(.ARM.attributes)
 .ARM.attributes
                0x00000000       0x1d c:/program files (x86)/atollic/truestudio for stm32 9.1.0/armtools/bin/../lib/gcc/arm-atollic-eabi/6.3.1/armv7-m/crti.o
 .ARM.attributes
                0x0000001d       0x2d c:/program files (x86)/atollic/truestudio for stm32 9.1.0/armtools/bin/../lib/gcc/arm-atollic-eabi/6.3.1/armv7-m/crtbegin.o
 .ARM.attributes
                0x0000004a       0x33 Drivers\STM32F1xx_HAL_Driver\Src\stm32f1xx_hal.o
 .ARM.attributes
                0x0000007d       0x33 Drivers\STM32F1xx_HAL_Driver\Src\stm32f1xx_hal_adc.o
 .ARM.attributes
                0x000000b0       0x33 Drivers\STM32F1xx_HAL_Driver\Src\stm32f1xx_hal_cortex.o
 .ARM.attributes
                0x000000e3       0x33 Drivers\STM32F1xx_HAL_Driver\Src\stm32f1xx_hal_dma.o
 .ARM.attributes
                0x00000116       0x33 Drivers\STM32F1xx_HAL_Driver\Src\stm32f1xx_hal_gpio.o
 .ARM.attributes
                0x00000149       0x33 Drivers\STM32F1xx_HAL_Driver\Src\stm32f1xx_hal_i2c.o
 .ARM.attributes
                0x0000017c       0x33 Drivers\STM32F1xx_HAL_Driver\Src\stm32f1xx_hal_rcc.o
 .ARM.attributes
                0x000001af       0x33 Drivers\STM32F1xx_HAL_Driver\Src\stm32f1xx_hal_rcc_ex.o
 .ARM.attributes
                0x000001e2       0x33 Drivers\STM32F1xx_HAL_Driver\Src\stm32f1xx_hal_tim.o
 .ARM.attributes
                0x00000215       0x33 Drivers\STM32F1xx_HAL_Driver\Src\stm32f1xx_hal_tim_ex.o
 .ARM.attributes
                0x00000248       0x33 Src\adc.o
 .ARM.attributes
                0x0000027b       0x33 Src\dma.o
 .ARM.attributes
                0x000002ae       0x33 Src\gpio.o
 .ARM.attributes
                0x000002e1       0x33 Src\i2c.o
 .ARM.attributes
                0x00000314       0x33 Src\main.o
 .ARM.attributes
                0x00000347       0x33 Src\mpu6050.o
 .ARM.attributes
                0x0000037a       0x33 Src\steering.o
 .ARM.attributes
                0x000003ad       0x33 Src\stm32f1xx_hal_msp.o
 .ARM.attributes
                0x000003e0       0x33 Src\stm32f1xx_it.o
 .ARM.attributes
                0x00000413       0x33 Src\system_stm32f1xx.o
 .ARM.attributes
                0x00000446       0x33 Src\tim.o
 .ARM.attributes
                0x00000479       0x21 startup\startup_stm32f103xb.o
 .ARM.attributes
                0x0000049a       0x2d c:/program files (x86)/atollic/truestudio for stm32 9.1.0/armtools/bin/../lib/gcc/arm-atollic-eabi/6.3.1/../../../../arm-atollic-eabi/lib/armv7-m\libc_nano.a(lib_a-init.o)
 .ARM.attributes
                0x000004c7       0x1d c:/program files (x86)/atollic/truestudio for stm32 9.1.0/armtools/bin/../lib/gcc/arm-atollic-eabi/6.3.1/armv7-m\libgcc.a(_arm_addsubdf3.o)
 .ARM.attributes
                0x000004e4       0x1d c:/program files (x86)/atollic/truestudio for stm32 9.1.0/armtools/bin/../lib/gcc/arm-atollic-eabi/6.3.1/armv7-m\libgcc.a(_arm_muldivdf3.o)
 .ARM.attributes
                0x00000501       0x1d c:/program files (x86)/atollic/truestudio for stm32 9.1.0/armtools/bin/../lib/gcc/arm-atollic-eabi/6.3.1/armv7-m\libgcc.a(_arm_truncdfsf2.o)
 .ARM.attributes
                0x0000051e       0x1d c:/program files (x86)/atollic/truestudio for stm32 9.1.0/armtools/bin/../lib/gcc/arm-atollic-eabi/6.3.1/armv7-m/crtn.o
OUTPUT(DAQ.elf elf32-littlearm)

.debug_info     0x00000000    0x1b5ef
 .debug_info    0x00000000      0xfba Drivers\STM32F1xx_HAL_Driver\Src\stm32f1xx_hal.o
 .debug_info    0x00000fba     0x165b Drivers\STM32F1xx_HAL_Driver\Src\stm32f1xx_hal_adc.o
 .debug_info    0x00002615     0x1463 Drivers\STM32F1xx_HAL_Driver\Src\stm32f1xx_hal_cortex.o
 .debug_info    0x00003a78     0x1001 Drivers\STM32F1xx_HAL_Driver\Src\stm32f1xx_hal_dma.o
 .debug_info    0x00004a79      0xe7c Drivers\STM32F1xx_HAL_Driver\Src\stm32f1xx_hal_gpio.o
 .debug_info    0x000058f5     0x38a4 Drivers\STM32F1xx_HAL_Driver\Src\stm32f1xx_hal_i2c.o
 .debug_info    0x00009199     0x11f7 Drivers\STM32F1xx_HAL_Driver\Src\stm32f1xx_hal_rcc.o
 .debug_info    0x0000a390      0xc57 Drivers\STM32F1xx_HAL_Driver\Src\stm32f1xx_hal_rcc_ex.o
 .debug_info    0x0000afe7     0x3b73 Drivers\STM32F1xx_HAL_Driver\Src\stm32f1xx_hal_tim.o
 .debug_info    0x0000eb5a     0x1943 Drivers\STM32F1xx_HAL_Driver\Src\stm32f1xx_hal_tim_ex.o
 .debug_info    0x0001049d     0x117a Src\adc.o
 .debug_info    0x00011617      0xb82 Src\dma.o
 .debug_info    0x00012199      0xb2a Src\gpio.o
 .debug_info    0x00012cc3     0x107d Src\i2c.o
 .debug_info    0x00013d40     0x1b09 Src\main.o
 .debug_info    0x00015849     0x11aa Src\mpu6050.o
 .debug_info    0x000169f3      0xad9 Src\steering.o
 .debug_info    0x000174cc      0xcda Src\stm32f1xx_hal_msp.o
 .debug_info    0x000181a6      0xf23 Src\stm32f1xx_it.o
 .debug_info    0x000190c9      0xc07 Src\system_stm32f1xx.o
 .debug_info    0x00019cd0     0x1885 Src\tim.o
 .debug_info    0x0001b555       0x9a startup\startup_stm32f103xb.o

.debug_abbrev   0x00000000     0x36f9
 .debug_abbrev  0x00000000      0x308 Drivers\STM32F1xx_HAL_Driver\Src\stm32f1xx_hal.o
 .debug_abbrev  0x00000308      0x2fb Drivers\STM32F1xx_HAL_Driver\Src\stm32f1xx_hal_adc.o
 .debug_abbrev  0x00000603      0x399 Drivers\STM32F1xx_HAL_Driver\Src\stm32f1xx_hal_cortex.o
 .debug_abbrev  0x0000099c      0x29e Drivers\STM32F1xx_HAL_Driver\Src\stm32f1xx_hal_dma.o
 .debug_abbrev  0x00000c3a      0x268 Drivers\STM32F1xx_HAL_Driver\Src\stm32f1xx_hal_gpio.o
 .debug_abbrev  0x00000ea2      0x3c1 Drivers\STM32F1xx_HAL_Driver\Src\stm32f1xx_hal_i2c.o
 .debug_abbrev  0x00001263      0x367 Drivers\STM32F1xx_HAL_Driver\Src\stm32f1xx_hal_rcc.o
 .debug_abbrev  0x000015ca      0x277 Drivers\STM32F1xx_HAL_Driver\Src\stm32f1xx_hal_rcc_ex.o
 .debug_abbrev  0x00001841      0x3bb Drivers\STM32F1xx_HAL_Driver\Src\stm32f1xx_hal_tim.o
 .debug_abbrev  0x00001bfc      0x30d Drivers\STM32F1xx_HAL_Driver\Src\stm32f1xx_hal_tim_ex.o
 .debug_abbrev  0x00001f09      0x238 Src\adc.o
 .debug_abbrev  0x00002141      0x1f5 Src\dma.o
 .debug_abbrev  0x00002336      0x1d2 Src\gpio.o
 .debug_abbrev  0x00002508      0x229 Src\i2c.o
 .debug_abbrev  0x00002731      0x2da Src\main.o
 .debug_abbrev  0x00002a0b      0x210 Src\mpu6050.o
 .debug_abbrev  0x00002c1b      0x216 Src\steering.o
 .debug_abbrev  0x00002e31      0x200 Src\stm32f1xx_hal_msp.o
 .debug_abbrev  0x00003031      0x23a Src\stm32f1xx_it.o
 .debug_abbrev  0x0000326b      0x1eb Src\system_stm32f1xx.o
 .debug_abbrev  0x00003456      0x291 Src\tim.o
 .debug_abbrev  0x000036e7       0x12 startup\startup_stm32f103xb.o

.debug_loc      0x00000000     0x8773
 .debug_loc     0x00000000      0x11b Drivers\STM32F1xx_HAL_Driver\Src\stm32f1xx_hal.o
 .debug_loc     0x0000011b      0x873 Drivers\STM32F1xx_HAL_Driver\Src\stm32f1xx_hal_adc.o
 .debug_loc     0x0000098e      0x46b Drivers\STM32F1xx_HAL_Driver\Src\stm32f1xx_hal_cortex.o
 .debug_loc     0x00000df9      0x5d1 Drivers\STM32F1xx_HAL_Driver\Src\stm32f1xx_hal_dma.o
 .debug_loc     0x000013ca      0x36a Drivers\STM32F1xx_HAL_Driver\Src\stm32f1xx_hal_gpio.o
 .debug_loc     0x00001734     0x2bdf Drivers\STM32F1xx_HAL_Driver\Src\stm32f1xx_hal_i2c.o
 .debug_loc     0x00004313      0x4c3 Drivers\STM32F1xx_HAL_Driver\Src\stm32f1xx_hal_rcc.o
 .debug_loc     0x000047d6      0x29d Drivers\STM32F1xx_HAL_Driver\Src\stm32f1xx_hal_rcc_ex.o
 .debug_loc     0x00004a73     0x300c Drivers\STM32F1xx_HAL_Driver\Src\stm32f1xx_hal_tim.o
 .debug_loc     0x00007a7f      0x822 Drivers\STM32F1xx_HAL_Driver\Src\stm32f1xx_hal_tim_ex.o
 .debug_loc     0x000082a1       0x63 Src\adc.o
 .debug_loc     0x00008304       0x4d Src\i2c.o
 .debug_loc     0x00008351       0x41 Src\main.o
 .debug_loc     0x00008392       0xde Src\mpu6050.o
 .debug_loc     0x00008470      0x156 Src\steering.o
 .debug_loc     0x000085c6       0xcd Src\system_stm32f1xx.o
 .debug_loc     0x00008693       0xe0 Src\tim.o

.debug_aranges  0x00000000      0xac0
 .debug_aranges
                0x00000000       0xc8 Drivers\STM32F1xx_HAL_Driver\Src\stm32f1xx_hal.o
 .debug_aranges
                0x000000c8       0xc8 Drivers\STM32F1xx_HAL_Driver\Src\stm32f1xx_hal_adc.o
 .debug_aranges
                0x00000190       0x90 Drivers\STM32F1xx_HAL_Driver\Src\stm32f1xx_hal_cortex.o
 .debug_aranges
                0x00000220       0x78 Drivers\STM32F1xx_HAL_Driver\Src\stm32f1xx_hal_dma.o
 .debug_aranges
                0x00000298       0x58 Drivers\STM32F1xx_HAL_Driver\Src\stm32f1xx_hal_gpio.o
 .debug_aranges
                0x000002f0      0x190 Drivers\STM32F1xx_HAL_Driver\Src\stm32f1xx_hal_i2c.o
 .debug_aranges
                0x00000480       0x88 Drivers\STM32F1xx_HAL_Driver\Src\stm32f1xx_hal_rcc.o
 .debug_aranges
                0x00000508       0x30 Drivers\STM32F1xx_HAL_Driver\Src\stm32f1xx_hal_rcc_ex.o
 .debug_aranges
                0x00000538      0x250 Drivers\STM32F1xx_HAL_Driver\Src\stm32f1xx_hal_tim.o
 .debug_aranges
                0x00000788       0xe8 Drivers\STM32F1xx_HAL_Driver\Src\stm32f1xx_hal_tim_ex.o
 .debug_aranges
                0x00000870       0x30 Src\adc.o
 .debug_aranges
                0x000008a0       0x20 Src\dma.o
 .debug_aranges
                0x000008c0       0x20 Src\gpio.o
 .debug_aranges
                0x000008e0       0x30 Src\i2c.o
 .debug_aranges
                0x00000910       0x40 Src\main.o
 .debug_aranges
                0x00000950       0x28 Src\mpu6050.o
 .debug_aranges
                0x00000978       0x30 Src\steering.o
 .debug_aranges
                0x000009a8       0x20 Src\stm32f1xx_hal_msp.o
 .debug_aranges
                0x000009c8       0x68 Src\stm32f1xx_it.o
 .debug_aranges
                0x00000a30       0x28 Src\system_stm32f1xx.o
 .debug_aranges
                0x00000a58       0x40 Src\tim.o
 .debug_aranges
                0x00000a98       0x28 startup\startup_stm32f103xb.o

.debug_ranges   0x00000000     0x1018
 .debug_ranges  0x00000000       0xb8 Drivers\STM32F1xx_HAL_Driver\Src\stm32f1xx_hal.o
 .debug_ranges  0x000000b8       0xb8 Drivers\STM32F1xx_HAL_Driver\Src\stm32f1xx_hal_adc.o
 .debug_ranges  0x00000170      0x128 Drivers\STM32F1xx_HAL_Driver\Src\stm32f1xx_hal_cortex.o
 .debug_ranges  0x00000298       0xa8 Drivers\STM32F1xx_HAL_Driver\Src\stm32f1xx_hal_dma.o
 .debug_ranges  0x00000340       0x60 Drivers\STM32F1xx_HAL_Driver\Src\stm32f1xx_hal_gpio.o
 .debug_ranges  0x000003a0      0x438 Drivers\STM32F1xx_HAL_Driver\Src\stm32f1xx_hal_i2c.o
 .debug_ranges  0x000007d8       0xa0 Drivers\STM32F1xx_HAL_Driver\Src\stm32f1xx_hal_rcc.o
 .debug_ranges  0x00000878       0x40 Drivers\STM32F1xx_HAL_Driver\Src\stm32f1xx_hal_rcc_ex.o
 .debug_ranges  0x000008b8      0x340 Drivers\STM32F1xx_HAL_Driver\Src\stm32f1xx_hal_tim.o
 .debug_ranges  0x00000bf8       0xd8 Drivers\STM32F1xx_HAL_Driver\Src\stm32f1xx_hal_tim_ex.o
 .debug_ranges  0x00000cd0       0x40 Src\adc.o
 .debug_ranges  0x00000d10       0x40 Src\dma.o
 .debug_ranges  0x00000d50       0x50 Src\gpio.o
 .debug_ranges  0x00000da0       0x20 Src\i2c.o
 .debug_ranges  0x00000dc0       0x48 Src\main.o
 .debug_ranges  0x00000e08       0x18 Src\mpu6050.o
 .debug_ranges  0x00000e20       0x78 Src\steering.o
 .debug_ranges  0x00000e98       0x30 Src\stm32f1xx_hal_msp.o
 .debug_ranges  0x00000ec8       0x58 Src\stm32f1xx_it.o
 .debug_ranges  0x00000f20       0x18 Src\system_stm32f1xx.o
 .debug_ranges  0x00000f38       0xc0 Src\tim.o
 .debug_ranges  0x00000ff8       0x20 startup\startup_stm32f103xb.o

.debug_line     0x00000000     0x7b5c
 .debug_line    0x00000000      0x45f Drivers\STM32F1xx_HAL_Driver\Src\stm32f1xx_hal.o
 .debug_line    0x0000045f      0x86c Drivers\STM32F1xx_HAL_Driver\Src\stm32f1xx_hal_adc.o
 .debug_line    0x00000ccb      0x432 Drivers\STM32F1xx_HAL_Driver\Src\stm32f1xx_hal_cortex.o
 .debug_line    0x000010fd      0x699 Drivers\STM32F1xx_HAL_Driver\Src\stm32f1xx_hal_dma.o
 .debug_line    0x00001796      0x44b Drivers\STM32F1xx_HAL_Driver\Src\stm32f1xx_hal_gpio.o
 .debug_line    0x00001be1     0x1a8b Drivers\STM32F1xx_HAL_Driver\Src\stm32f1xx_hal_i2c.o
 .debug_line    0x0000366c      0x633 Drivers\STM32F1xx_HAL_Driver\Src\stm32f1xx_hal_rcc.o
 .debug_line    0x00003c9f      0x3cc Drivers\STM32F1xx_HAL_Driver\Src\stm32f1xx_hal_rcc_ex.o
 .debug_line    0x0000406b     0x114c Drivers\STM32F1xx_HAL_Driver\Src\stm32f1xx_hal_tim.o
 .debug_line    0x000051b7      0x6ee Drivers\STM32F1xx_HAL_Driver\Src\stm32f1xx_hal_tim_ex.o
 .debug_line    0x000058a5      0x360 Src\adc.o
 .debug_line    0x00005c05      0x27d Src\dma.o
 .debug_line    0x00005e82      0x288 Src\gpio.o
 .debug_line    0x0000610a      0x309 Src\i2c.o
 .debug_line    0x00006413      0x47b Src\main.o
 .debug_line    0x0000688e      0x317 Src\mpu6050.o
 .debug_line    0x00006ba5      0x2ba Src\steering.o
 .debug_line    0x00006e5f      0x28f Src\stm32f1xx_hal_msp.o
 .debug_line    0x000070ee      0x36b Src\stm32f1xx_it.o
 .debug_line    0x00007459      0x288 Src\system_stm32f1xx.o
 .debug_line    0x000076e1      0x3fe Src\tim.o
 .debug_line    0x00007adf       0x7d startup\startup_stm32f103xb.o

.debug_str      0x00000000     0x418c
 .debug_str     0x00000000      0xbef Drivers\STM32F1xx_HAL_Driver\Src\stm32f1xx_hal.o
                                0xc90 (size before relaxing)
 .debug_str     0x00000bef      0x65e Drivers\STM32F1xx_HAL_Driver\Src\stm32f1xx_hal_adc.o
                                0xd32 (size before relaxing)
 .debug_str     0x0000124d      0x2e1 Drivers\STM32F1xx_HAL_Driver\Src\stm32f1xx_hal_cortex.o
                                0xd3e (size before relaxing)
 .debug_str     0x0000152e      0x220 Drivers\STM32F1xx_HAL_Driver\Src\stm32f1xx_hal_dma.o
                                0xaa2 (size before relaxing)
 .debug_str     0x0000174e      0x1cb Drivers\STM32F1xx_HAL_Driver\Src\stm32f1xx_hal_gpio.o
                                0x8ab (size before relaxing)
 .debug_str     0x00001919      0xa7d Drivers\STM32F1xx_HAL_Driver\Src\stm32f1xx_hal_i2c.o
                               0x1341 (size before relaxing)
 .debug_str     0x00002396      0x2f7 Drivers\STM32F1xx_HAL_Driver\Src\stm32f1xx_hal_rcc.o
                                0xa89 (size before relaxing)
 .debug_str     0x0000268d      0x110 Drivers\STM32F1xx_HAL_Driver\Src\stm32f1xx_hal_rcc_ex.o
                                0x866 (size before relaxing)
 .debug_str     0x0000279d      0xf05 Drivers\STM32F1xx_HAL_Driver\Src\stm32f1xx_hal_tim.o
                               0x17da (size before relaxing)
 .debug_str     0x000036a2      0x4f1 Drivers\STM32F1xx_HAL_Driver\Src\stm32f1xx_hal_tim_ex.o
                               0x107c (size before relaxing)
 .debug_str     0x00003b93       0x53 Src\adc.o
                                0xac2 (size before relaxing)
 .debug_str     0x00003be6       0x19 Src\dma.o
                                0x980 (size before relaxing)
 .debug_str     0x00003bff       0x1b Src\gpio.o
                                0x6ef (size before relaxing)
 .debug_str     0x00003c1a       0x2a Src\i2c.o
                                0xbc3 (size before relaxing)
 .debug_str     0x00003c44      0x2fb Src\main.o
                               0x1651 (size before relaxing)
 .debug_str     0x00003f3f       0x83 Src\mpu6050.o
                                0xd18 (size before relaxing)
 .debug_str     0x00003fc2       0x37 Src\steering.o
                                0x6c6 (size before relaxing)
 .debug_str     0x00003ff9       0x1b Src\stm32f1xx_hal_msp.o
                                0x9c6 (size before relaxing)
 .debug_str     0x00004014      0x105 Src\stm32f1xx_it.o
                                0xb40 (size before relaxing)
 .debug_str     0x00004119       0x4d Src\system_stm32f1xx.o
                                0x714 (size before relaxing)
 .debug_str     0x00004166       0x26 Src\tim.o
                                0xff3 (size before relaxing)

.comment        0x00000000       0x7c
 .comment       0x00000000       0x7c Drivers\STM32F1xx_HAL_Driver\Src\stm32f1xx_hal.o
                                 0x7d (size before relaxing)
 .comment       0x0000007c       0x7d Drivers\STM32F1xx_HAL_Driver\Src\stm32f1xx_hal_adc.o
 .comment       0x0000007c       0x7d Drivers\STM32F1xx_HAL_Driver\Src\stm32f1xx_hal_cortex.o
 .comment       0x0000007c       0x7d Drivers\STM32F1xx_HAL_Driver\Src\stm32f1xx_hal_dma.o
 .comment       0x0000007c       0x7d Drivers\STM32F1xx_HAL_Driver\Src\stm32f1xx_hal_gpio.o
 .comment       0x0000007c       0x7d Drivers\STM32F1xx_HAL_Driver\Src\stm32f1xx_hal_i2c.o
 .comment       0x0000007c       0x7d Drivers\STM32F1xx_HAL_Driver\Src\stm32f1xx_hal_rcc.o
 .comment       0x0000007c       0x7d Drivers\STM32F1xx_HAL_Driver\Src\stm32f1xx_hal_rcc_ex.o
 .comment       0x0000007c       0x7d Drivers\STM32F1xx_HAL_Driver\Src\stm32f1xx_hal_tim.o
 .comment       0x0000007c       0x7d Drivers\STM32F1xx_HAL_Driver\Src\stm32f1xx_hal_tim_ex.o
 .comment       0x0000007c       0x7d Src\adc.o
 .comment       0x0000007c       0x7d Src\dma.o
 .comment       0x0000007c       0x7d Src\gpio.o
 .comment       0x0000007c       0x7d Src\i2c.o
 .comment       0x0000007c       0x7d Src\main.o
 .comment       0x0000007c       0x7d Src\mpu6050.o
 .comment       0x0000007c       0x7d Src\steering.o
 .comment       0x0000007c       0x7d Src\stm32f1xx_hal_msp.o
 .comment       0x0000007c       0x7d Src\stm32f1xx_it.o
 .comment       0x0000007c       0x7d Src\system_stm32f1xx.o
 .comment       0x0000007c       0x7d Src\tim.o

.debug_frame    0x00000000     0x20d8
 .debug_frame   0x00000000      0x1b0 Drivers\STM32F1xx_HAL_Driver\Src\stm32f1xx_hal.o
 .debug_frame   0x000001b0      0x298 Drivers\STM32F1xx_HAL_Driver\Src\stm32f1xx_hal_adc.o
 .debug_frame   0x00000448      0x120 Drivers\STM32F1xx_HAL_Driver\Src\stm32f1xx_hal_cortex.o
 .debug_frame   0x00000568      0x144 Drivers\STM32F1xx_HAL_Driver\Src\stm32f1xx_hal_dma.o
 .debug_frame   0x000006ac       0xd4 Drivers\STM32F1xx_HAL_Driver\Src\stm32f1xx_hal_gpio.o
 .debug_frame   0x00000780      0x684 Drivers\STM32F1xx_HAL_Driver\Src\stm32f1xx_hal_i2c.o
 .debug_frame   0x00000e04      0x150 Drivers\STM32F1xx_HAL_Driver\Src\stm32f1xx_hal_rcc.o
 .debug_frame   0x00000f54       0x6c Drivers\STM32F1xx_HAL_Driver\Src\stm32f1xx_hal_rcc_ex.o
 .debug_frame   0x00000fc0      0x854 Drivers\STM32F1xx_HAL_Driver\Src\stm32f1xx_hal_tim.o
 .debug_frame   0x00001814      0x320 Drivers\STM32F1xx_HAL_Driver\Src\stm32f1xx_hal_tim_ex.o
 .debug_frame   0x00001b34       0x70 Src\adc.o
 .debug_frame   0x00001ba4       0x28 Src\dma.o
 .debug_frame   0x00001bcc       0x2c Src\gpio.o
 .debug_frame   0x00001bf8       0x58 Src\i2c.o
 .debug_frame   0x00001c50       0x8c Src\main.o
 .debug_frame   0x00001cdc       0x58 Src\mpu6050.o
 .debug_frame   0x00001d34       0x58 Src\steering.o
 .debug_frame   0x00001d8c       0x2c Src\stm32f1xx_hal_msp.o
 .debug_frame   0x00001db8       0xfc Src\stm32f1xx_it.o
 .debug_frame   0x00001eb4       0x30 Src\system_stm32f1xx.o
 .debug_frame   0x00001ee4       0xa8 Src\tim.o
 .debug_frame   0x00001f8c       0x2c c:/program files (x86)/atollic/truestudio for stm32 9.1.0/armtools/bin/../lib/gcc/arm-atollic-eabi/6.3.1/../../../../arm-atollic-eabi/lib/armv7-m\libc_nano.a(lib_a-init.o)
 .debug_frame   0x00001fb8       0xac c:/program files (x86)/atollic/truestudio for stm32 9.1.0/armtools/bin/../lib/gcc/arm-atollic-eabi/6.3.1/armv7-m\libgcc.a(_arm_addsubdf3.o)
 .debug_frame   0x00002064       0x50 c:/program files (x86)/atollic/truestudio for stm32 9.1.0/armtools/bin/../lib/gcc/arm-atollic-eabi/6.3.1/armv7-m\libgcc.a(_arm_muldivdf3.o)
 .debug_frame   0x000020b4       0x24 c:/program files (x86)/atollic/truestudio for stm32 9.1.0/armtools/bin/../lib/gcc/arm-atollic-eabi/6.3.1/armv7-m\libgcc.a(_arm_truncdfsf2.o)
