Archive member included to satisfy reference by file (symbol)

c:/program files (x86)/atollic/truestudio for stm32 9.1.0/armtools/bin/../lib/gcc/arm-atollic-eabi/6.3.1/../../../../arm-atollic-eabi/lib/armv7-m\libc_nano.a(lib_a-init.o)
                              startup\startup_stm32f103xb.o (__libc_init_array)
c:/program files (x86)/atollic/truestudio for stm32 9.1.0/armtools/bin/../lib/gcc/arm-atollic-eabi/6.3.1/../../../../arm-atollic-eabi/lib/armv7-m\libc_nano.a(lib_a-memset.o)
                              Drivers\STM32F1xx_HAL_Driver\Src\stm32f1xx_hal_rcc.o (memset)
c:/program files (x86)/atollic/truestudio for stm32 9.1.0/armtools/bin/../lib/gcc/arm-atollic-eabi/6.3.1/armv7-m\libgcc.a(_lshrdi3.o)
                              Drivers\STM32F1xx_HAL_Driver\Src\stm32f1xx_hal_flash.o (__aeabi_llsr)
c:/program files (x86)/atollic/truestudio for stm32 9.1.0/armtools/bin/../lib/gcc/arm-atollic-eabi/6.3.1/armv7-m\libgcc.a(_arm_addsubdf3.o)
                              Src\main.o (__aeabi_dadd)
c:/program files (x86)/atollic/truestudio for stm32 9.1.0/armtools/bin/../lib/gcc/arm-atollic-eabi/6.3.1/armv7-m\libgcc.a(_arm_muldivdf3.o)
                              Src\main.o (__aeabi_dmul)
c:/program files (x86)/atollic/truestudio for stm32 9.1.0/armtools/bin/../lib/gcc/arm-atollic-eabi/6.3.1/armv7-m\libgcc.a(_arm_fixunsdfsi.o)
                              Src\main.o (__aeabi_d2uiz)
c:/program files (x86)/atollic/truestudio for stm32 9.1.0/armtools/bin/../lib/gcc/arm-atollic-eabi/6.3.1/armv7-m\libgcc.a(_arm_addsubsf3.o)
                              Src\main.o (__aeabi_fadd)
c:/program files (x86)/atollic/truestudio for stm32 9.1.0/armtools/bin/../lib/gcc/arm-atollic-eabi/6.3.1/armv7-m\libgcc.a(_arm_muldivsf3.o)
                              Src\main.o (__aeabi_fmul)
c:/program files (x86)/atollic/truestudio for stm32 9.1.0/armtools/bin/../lib/gcc/arm-atollic-eabi/6.3.1/armv7-m\libgcc.a(_arm_fixunssfsi.o)
                              Src\main.o (__aeabi_f2uiz)

Allocating common symbols
Common symbol       size              file

d1                  0x200             Src\main.o
hi2c2               0x54              Src\i2c.o
hcan                0x44              Src\can.o
uwTick              0x4               Drivers\STM32F1xx_HAL_Driver\Src\stm32f1xx_hal.o
pFlash              0x20              Drivers\STM32F1xx_HAL_Driver\Src\stm32f1xx_hal_flash.o
htim3               0x40              Src\tim.o
TxMessage1          0x1c              Src\main.o
hadc1               0x30              Src\adc.o
hdma_adc1           0x44              Src\adc.o
htim1               0x40              Src\tim.o
SD_hspi             0x4               Src\SD_card.o
hspi1               0x58              Src\spi.o
SD_CS_pin           0x2               Src\SD_card.o
htim2               0x40              Src\tim.o
mpu1                0x18              Src\main.o
SD_CS_port          0x4               Src\SD_card.o

Discarded input sections

 .text          0x00000000        0x0 c:/program files (x86)/atollic/truestudio for stm32 9.1.0/armtools/bin/../lib/gcc/arm-atollic-eabi/6.3.1/armv7-m/crti.o
 .data          0x00000000        0x0 c:/program files (x86)/atollic/truestudio for stm32 9.1.0/armtools/bin/../lib/gcc/arm-atollic-eabi/6.3.1/armv7-m/crti.o
 .bss           0x00000000        0x0 c:/program files (x86)/atollic/truestudio for stm32 9.1.0/armtools/bin/../lib/gcc/arm-atollic-eabi/6.3.1/armv7-m/crti.o
 .data          0x00000000        0x4 c:/program files (x86)/atollic/truestudio for stm32 9.1.0/armtools/bin/../lib/gcc/arm-atollic-eabi/6.3.1/armv7-m/crtbegin.o
 .text          0x00000000        0x0 Drivers\STM32F1xx_HAL_Driver\Src\stm32f1xx_hal.o
 .data          0x00000000        0x0 Drivers\STM32F1xx_HAL_Driver\Src\stm32f1xx_hal.o
 .bss           0x00000000        0x0 Drivers\STM32F1xx_HAL_Driver\Src\stm32f1xx_hal.o
 .text.HAL_MspInit
                0x00000000        0x2 Drivers\STM32F1xx_HAL_Driver\Src\stm32f1xx_hal.o
 .text.HAL_MspDeInit
                0x00000000        0x2 Drivers\STM32F1xx_HAL_Driver\Src\stm32f1xx_hal.o
 .text.HAL_DeInit
                0x00000000       0x20 Drivers\STM32F1xx_HAL_Driver\Src\stm32f1xx_hal.o
 .text.HAL_GetTickPrio
                0x00000000        0xc Drivers\STM32F1xx_HAL_Driver\Src\stm32f1xx_hal.o
 .text.HAL_SetTickFreq
                0x00000000       0x24 Drivers\STM32F1xx_HAL_Driver\Src\stm32f1xx_hal.o
 .text.HAL_GetTickFreq
                0x00000000        0xc Drivers\STM32F1xx_HAL_Driver\Src\stm32f1xx_hal.o
 .text.HAL_SuspendTick
                0x00000000       0x10 Drivers\STM32F1xx_HAL_Driver\Src\stm32f1xx_hal.o
 .text.HAL_ResumeTick
                0x00000000       0x10 Drivers\STM32F1xx_HAL_Driver\Src\stm32f1xx_hal.o
 .text.HAL_GetHalVersion
                0x00000000        0x8 Drivers\STM32F1xx_HAL_Driver\Src\stm32f1xx_hal.o
 .text.HAL_GetREVID
                0x00000000        0xc Drivers\STM32F1xx_HAL_Driver\Src\stm32f1xx_hal.o
 .text.HAL_GetDEVID
[...]
Memory Configuration

Name             Origin             Length             Attributes
RAM              0x20000000         0x00005000         xrw
FLASH            0x08000000         0x00010000         xr
*default*        0x00000000         0xffffffff

Linker script and memory map

LOAD c:/program files (x86)/atollic/truestudio for stm32 9.1.0/armtools/bin/../lib/gcc/arm-atollic-eabi/6.3.1/armv7-m/crti.o
LOAD c:/program files (x86)/atollic/truestudio for stm32 9.1.0/armtools/bin/../lib/gcc/arm-atollic-eabi/6.3.1/armv7-m/crtbegin.o
LOAD Drivers\STM32F1xx_HAL_Driver\Src\stm32f1xx_hal.o
LOAD Drivers\STM32F1xx_HAL_Driver\Src\stm32f1xx_hal_adc.o
LOAD Drivers\STM32F1xx_HAL_Driver\Src\stm32f1xx_hal_adc_ex.o
LOAD Drivers\STM32F1xx_HAL_Driver\Src\stm32f1xx_hal_can.o
LOAD Drivers\STM32F1xx_HAL_Driver\Src\stm32f1xx_hal_cortex.o
LOAD Drivers\STM32F1xx_HAL_Driver\Src\stm32f1xx_hal_dma.o
LOAD Drivers\STM32F1xx_HAL_Driver\Src\stm32f1xx_hal_flash.o
LOAD Drivers\STM32F1xx_HAL_Driver\Src\stm32f1xx_hal_flash_ex.o
LOAD Drivers\STM32F1xx_HAL_Driver\Src\stm32f1xx_hal_gpio.o
LOAD Drivers\STM32F1xx_HAL_Driver\Src\stm32f1xx_hal_gpio_ex.o
LOAD Drivers\STM32F1xx_HAL_Driver\Src\stm32f1xx_hal_i2c.o
LOAD Drivers\STM32F1xx_HAL_Driver\Src\stm32f1xx_hal_pwr.o
LOAD Drivers\STM32F1xx_HAL_Driver\Src\stm32f1xx_hal_rcc.o
LOAD Drivers\STM32F1xx_HAL_Driver\Src\stm32f1xx_hal_rcc_ex.o
LOAD Drivers\STM32F1xx_HAL_Driver\Src\stm32f1xx_hal_spi.o
LOAD Drivers\STM32F1xx_HAL_Driver\Src\stm32f1xx_hal_spi_ex.o
LOAD Drivers\STM32F1xx_HAL_Driver\Src\stm32f1xx_hal_tim.o
LOAD Drivers\STM32F1xx_HAL_Driver\Src\stm32f1xx_hal_tim_ex.o
LOAD Src\SD_card.o
LOAD Src\adc.o
LOAD Src\can.o
LOAD Src\dma.o
LOAD Src\gpio.o
LOAD Src\i2c.o
LOAD Src\main.o
LOAD Src\mpu6050.o
LOAD Src\spi.o
LOAD Src\stm32f1xx_hal_msp.o
LOAD Src\stm32f1xx_it.o
LOAD Src\system_stm32f1xx.o
LOAD Src\tim.o
LOAD startup\startup_stm32f103xb.o
                0x00000080                malloc_getpagesize_P = 0x80
START GROUP
LOAD c:/program files (x86)/atollic/truestudio for stm32 9.1.0/armtools/bin/../lib/gcc/arm-atollic-eabi/6.3.1/../../../../arm-atollic-eabi/lib/armv7-m\libc_nano.a
LOAD c:/program files (x86)/atollic/truestudio for stm32 9.1.0/armtools/bin/../lib/gcc/arm-atollic-eabi/6.3.1/../../../../arm-atollic-eabi/lib/armv7-m\libm.a
END GROUP
START GROUP
LOAD c:/program files (x86)/atollic/truestudio for stm32 9.1.0/armtools/bin/../lib/gcc/arm-atollic-eabi/6.3.1/armv7-m\libgcc.a
LOAD c:/program files (x86)/atollic/truestudio for stm32 9.1.0/armtools/bin/../lib/gcc/arm-atollic-eabi/6.3.1/../../../../arm-atollic-eabi/lib/armv7-m\libc_nano.a
END GROUP
START GROUP
LOAD c:/program files (x86)/atollic/truestudio for stm32 9.1.0/armtools/bin/../lib/gcc/arm-atollic-eabi/6.3.1/armv7-m\libgcc.a
LOAD c:/program files (x86)/atollic/truestudio for stm32 9.1.0/armtools/bin/../lib/gcc/arm-atollic-eabi/6.3.1/../../../../arm-atollic-eabi/lib/armv7-m\libc_nano.a
LOAD c:/program files (x86)/atollic/truestudio for stm32 9.1.0/armtools/bin/../lib/gcc/arm-atollic-eabi/6.3.1/../../../../arm-atollic-eabi/lib/armv7-m\libnosys.a
END GROUP
START GROUP
LOAD c:/program files (x86)/atollic/truestudio for stm32 9.1.0/armtools/bin/../lib/gcc/arm-atollic-eabi/6.3.1/armv7-m\libgcc.a
LOAD c:/program files (x86)/atollic/truestudio for stm32 9.1.0/armtools/bin/../lib/gcc/arm-atollic-eabi/6.3.1/../../../../arm-atollic-eabi/lib/armv7-m\libc_nano.a
LOAD c:/program files (x86)/atollic/truestudio for stm32 9.1.0/armtools/bin/../lib/gcc/arm-atollic-eabi/6.3.1/../../../../arm-atollic-eabi/lib/armv7-m\libnosys.a
END GROUP
LOAD c:/program files (x86)/atollic/truestudio for stm32 9.1.0/armtools/bin/../lib/gcc/arm-atollic-eabi/6.3.1/armv7-m/crtend.o
LOAD c:/program files (x86)/atollic/truestudio for stm32 9.1.0/armtools/bin/../lib/gcc/arm-atollic-eabi/6.3.1/armv7-m/crtn.o
                0x20005000                _estack = 0x20005000
                0x00000200                _Min_Heap_Size = 0x200
                0x00000400                _Min_Stack_Size = 0x400

.isr_vector     0x08000000      0x10c
                0x08000000                . = ALIGN (0x4)
 *(.isr_vector)
 .isr_vector    0x08000000      0x10c startup\startup_stm32f103xb.o
                0x08000000                g_pfnVectors
                0x0800010c                . = ALIGN (0x4)

.text           0x08000110     0x40f4
                0x08000110                . = ALIGN (0x4)
 *(.text)
 .text          0x08000110       0x40 c:/program files (x86)/atollic/truestudio for stm32 9.1.0/armtools/bin/../lib/gcc/arm-atollic-eabi/6.3.1/armv7-m/crtbegin.o
 .text          0x08000150      0x370 c:/program files (x86)/atollic/truestudio for stm32 9.1.0/armtools/bin/../lib/gcc/arm-atollic-eabi/6.3.1/armv7-m\libgcc.a(_arm_addsubdf3.o)
                0x08000150                __aeabi_drsub
                0x08000158                __aeabi_dsub
                0x08000158                __subdf3
                0x0800015c                __aeabi_dadd
                0x0800015c                __adddf3
                0x080003d4                __floatunsidf
                0x080003d4                __aeabi_ui2d
                0x080003f4                __floatsidf
                0x080003f4                __aeabi_i2d
                0x08000418                __aeabi_f2d
                0x08000418                __extendsfdf2
                0x08000454                __floatundidf
                0x08000454                __aeabi_ul2d
                0x08000464                __floatdidf
                0x08000464                __aeabi_l2d
 .text          0x080004c0      0x424 c:/program files (x86)/atollic/truestudio for stm32 9.1.0/armtools/bin/../lib/gcc/arm-atollic-eabi/6.3.1/armv7-m\libgcc.a(_arm_muldivdf3.o)
                0x080004c0                __aeabi_dmul
                0x080004c0                __muldf3
                0x08000714                __divdf3
                0x08000714                __aeabi_ddiv
 .text          0x080008e4       0x40 c:/program files (x86)/atollic/truestudio for stm32 9.1.0/armtools/bin/../lib/gcc/arm-atollic-eabi/6.3.1/armv7-m\libgcc.a(_arm_fixunsdfsi.o)
                0x080008e4                __aeabi_d2uiz
                0x080008e4                __fixunsdfsi
 .text          0x08000924      0x21c c:/program files (x86)/atollic/truestudio for stm32 9.1.0/armtools/bin/../lib/gcc/arm-atollic-eabi/6.3.1/armv7-m\libgcc.a(_arm_addsubsf3.o)
                0x08000924                __aeabi_frsub
                0x0800092c                __subsf3
                0x0800092c                __aeabi_fsub
                0x08000930                __aeabi_fadd
                0x08000930                __addsf3
                0x08000a90                __aeabi_ui2f
                0x08000a90                __floatunsisf
                0x08000a98                __aeabi_i2f
                0x08000a98                __floatsisf
                0x08000ab4                __aeabi_ul2f
                0x08000ab4                __floatundisf
                0x08000ac4                __aeabi_l2f
                0x08000ac4                __floatdisf
 .text          0x08000b40      0x2a0 c:/program files (x86)/atollic/truestudio for stm32 9.1.0/armtools/bin/../lib/gcc/arm-atollic-eabi/6.3.1/armv7-m\libgcc.a(_arm_muldivsf3.o)
                0x08000b40                __mulsf3
                0x08000b40                __aeabi_fmul
                0x08000ca8                __aeabi_fdiv
                0x08000ca8                __divsf3
 .text          0x08000de0       0x40 c:/program files (x86)/atollic/truestudio for stm32 9.1.0/armtools/bin/../lib/gcc/arm-atollic-eabi/6.3.1/armv7-m\libgcc.a(_arm_fixunssfsi.o)
                0x08000de0                __fixunssfsi
                0x08000de0                __aeabi_f2uiz
 *(.text*)
 .text.HAL_InitTick
                0x08000e20       0x48 Drivers\STM32F1xx_HAL_Driver\Src\stm32f1xx_hal.o
                0x08000e20                HAL_InitTick
 .text.HAL_Init
                0x08000e68       0x24 Drivers\STM32F1xx_HAL_Driver\Src\stm32f1xx_hal.o
                0x08000e68                HAL_Init
 .text.HAL_IncTick
                0x08000e8c       0x18 Drivers\STM32F1xx_HAL_Driver\Src\stm32f1xx_hal.o
                0x08000e8c                HAL_IncTick
 .text.HAL_GetTick
                0x08000ea4        0xc Drivers\STM32F1xx_HAL_Driver\Src\stm32f1xx_hal.o
                0x08000ea4                HAL_GetTick
 .text.HAL_Delay
                0x08000eb0       0x24 Drivers\STM32F1xx_HAL_Driver\Src\stm32f1xx_hal.o
                0x08000eb0                HAL_Delay
 .text.ADC_DMAConvCplt
                0x08000ed4       0x4e Drivers\STM32F1xx_HAL_Driver\Src\stm32f1xx_hal_adc.o
                0x08000ed4                ADC_DMAConvCplt
 .text.HAL_ADC_ConvHalfCpltCallback
                0x08000f22        0x2 Drivers\STM32F1xx_HAL_Driver\Src\stm32f1xx_hal_adc.o
                0x08000f22                HAL_ADC_ConvHalfCpltCallback
 .text.ADC_DMAHalfConvCplt
                0x08000f24        0xa Drivers\STM32F1xx_HAL_Driver\Src\stm32f1xx_hal_adc.o
                0x08000f24                ADC_DMAHalfConvCplt
 .text.HAL_ADC_LevelOutOfWindowCallback
                0x08000f2e        0x2 Drivers\STM32F1xx_HAL_Driver\Src\stm32f1xx_hal_adc.o
                0x08000f2e                HAL_ADC_LevelOutOfWindowCallback
 .text.HAL_ADC_IRQHandler
                0x08000f30       0xec Drivers\STM32F1xx_HAL_Driver\Src\stm32f1xx_hal_adc.o
                0x08000f30                HAL_ADC_IRQHandler
 .text.HAL_ADC_ErrorCallback
                0x0800101c        0x2 Drivers\STM32F1xx_HAL_Driver\Src\stm32f1xx_hal_adc.o
                0x0800101c                HAL_ADC_ErrorCallback
 .text.ADC_DMAError
                0x0800101e       0x1a Drivers\STM32F1xx_HAL_Driver\Src\stm32f1xx_hal_adc.o
                0x0800101e                ADC_DMAError
 .text.HAL_ADC_ConfigChannel
                0x08001038      0x108 Drivers\STM32F1xx_HAL_Driver\Src\stm32f1xx_hal_adc.o
                0x08001038                HAL_ADC_ConfigChannel
 .text.ADC_Enable
                0x08001140       0x70 Drivers\STM32F1xx_HAL_Driver\Src\stm32f1xx_hal_adc.o
                0x08001140                ADC_Enable
 .text.HAL_ADC_Start_DMA
                0x080011b0      0x11c Drivers\STM32F1xx_HAL_Driver\Src\stm32f1xx_hal_adc.o
                0x080011b0                HAL_ADC_Start_DMA
 .text.ADC_ConversionStop_Disable
                0x080012cc       0x44 Drivers\STM32F1xx_HAL_Driver\Src\stm32f1xx_hal_adc.o
                0x080012cc                ADC_ConversionStop_Disable
 .text.HAL_ADC_Init
                0x08001310      0x100 Drivers\STM32F1xx_HAL_Driver\Src\stm32f1xx_hal_adc.o
                0x08001310                HAL_ADC_Init
 .text.HAL_ADCEx_InjectedConvCpltCallback
                0x08001410        0x2 Drivers\STM32F1xx_HAL_Driver\Src\stm32f1xx_hal_adc_ex.o
                0x08001410                HAL_ADCEx_InjectedConvCpltCallback
 .text.HAL_CAN_Init
                0x08001412      0x118 Drivers\STM32F1xx_HAL_Driver\Src\stm32f1xx_hal_can.o
                0x08001412                HAL_CAN_Init
 *fill*         0x0800152a        0x2 
 .text.HAL_CAN_Transmit
                0x0800152c      0x1a0 Drivers\STM32F1xx_HAL_Driver\Src\stm32f1xx_hal_can.o
                0x0800152c                HAL_CAN_Transmit
 .text.HAL_NVIC_SetPriorityGrouping
                0x080016cc       0x24 Drivers\STM32F1xx_HAL_Driver\Src\stm32f1xx_hal_cortex.o
                0x080016cc                HAL_NVIC_SetPriorityGrouping
 .text.HAL_NVIC_SetPriority
                0x080016f0       0x68 Drivers\STM32F1xx_HAL_Driver\Src\stm32f1xx_hal_cortex.o
                0x080016f0                HAL_NVIC_SetPriority
 .text.HAL_NVIC_EnableIRQ
                0x08001758       0x18 Drivers\STM32F1xx_HAL_Driver\Src\stm32f1xx_hal_cortex.o
                0x08001758                HAL_NVIC_EnableIRQ
 .text.HAL_SYSTICK_Config
                0x08001770       0x2c Drivers\STM32F1xx_HAL_Driver\Src\stm32f1xx_hal_cortex.o
                0x08001770                HAL_SYSTICK_Config
 .text.HAL_SYSTICK_CLKSourceConfig
                0x0800179c       0x18 Drivers\STM32F1xx_HAL_Driver\Src\stm32f1xx_hal_cortex.o
                0x0800179c                HAL_SYSTICK_CLKSourceConfig
 .text.HAL_SYSTICK_Callback
                0x080017b4        0x2 Drivers\STM32F1xx_HAL_Driver\Src\stm32f1xx_hal_cortex.o
                0x080017b4                HAL_SYSTICK_Callback
 .text.HAL_SYSTICK_IRQHandler
                0x080017b6        0x8 Drivers\STM32F1xx_HAL_Driver\Src\stm32f1xx_hal_cortex.o
                0x080017b6                HAL_SYSTICK_IRQHandler
 *fill*         0x080017be        0x2 
 .text.HAL_DMA_Init
                0x080017c0       0x68 Drivers\STM32F1xx_HAL_Driver\Src\stm32f1xx_hal_dma.o
                0x080017c0                HAL_DMA_Init
 .text.HAL_DMA_Start_IT
                0x08001828       0x7a Drivers\STM32F1xx_HAL_Driver\Src\stm32f1xx_hal_dma.o
                0x08001828                HAL_DMA_Start_IT
 *fill*         0x080018a2        0x2 
 .text.HAL_DMA_Abort_IT
                0x080018a4       0x90 Drivers\STM32F1xx_HAL_Driver\Src\stm32f1xx_hal_dma.o
                0x080018a4                HAL_DMA_Abort_IT
 .text.HAL_DMA_IRQHandler
                0x08001934      0x128 Drivers\STM32F1xx_HAL_Driver\Src\stm32f1xx_hal_dma.o
                0x08001934                HAL_DMA_IRQHandler
 .text.HAL_GPIO_Init
                0x08001a5c      0x1c0 Drivers\STM32F1xx_HAL_Driver\Src\stm32f1xx_hal_gpio.o
                0x08001a5c                HAL_GPIO_Init
 .text.HAL_GPIO_WritePin
                0x08001c1c        0xa Drivers\STM32F1xx_HAL_Driver\Src\stm32f1xx_hal_gpio.o
                0x08001c1c                HAL_GPIO_WritePin
 .text.I2C_IsAcknowledgeFailed
                0x08001c26       0x2a Drivers\STM32F1xx_HAL_Driver\Src\stm32f1xx_hal_i2c.o
 .text.I2C_WaitOnMasterAddressFlagUntilTimeout
                0x08001c50       0x80 Drivers\STM32F1xx_HAL_Driver\Src\stm32f1xx_hal_i2c.o
 .text.I2C_WaitOnFlagUntilTimeout
                0x08001cd0       0x5c Drivers\STM32F1xx_HAL_Driver\Src\stm32f1xx_hal_i2c.o
 .text.I2C_WaitOnTXEFlagUntilTimeout
                0x08001d2c       0x4c Drivers\STM32F1xx_HAL_Driver\Src\stm32f1xx_hal_i2c.o
 .text.I2C_WaitOnRXNEFlagUntilTimeout
                0x08001d78       0x5a Drivers\STM32F1xx_HAL_Driver\Src\stm32f1xx_hal_i2c.o
 .text.I2C_WaitOnBTFFlagUntilTimeout
                0x08001dd2       0x4c Drivers\STM32F1xx_HAL_Driver\Src\stm32f1xx_hal_i2c.o
 *fill*         0x08001e1e        0x2 
 .text.HAL_I2C_Init
                0x08001e20      0x100 Drivers\STM32F1xx_HAL_Driver\Src\stm32f1xx_hal_i2c.o
                0x08001e20                HAL_I2C_Init
 .text.HAL_I2C_Master_Transmit
                0x08001f20      0x1ac Drivers\STM32F1xx_HAL_Driver\Src\stm32f1xx_hal_i2c.o
                0x08001f20                HAL_I2C_Master_Transmit
 .text.HAL_I2C_Master_Receive
                0x080020cc      0x304 Drivers\STM32F1xx_HAL_Driver\Src\stm32f1xx_hal_i2c.o
                0x080020cc                HAL_I2C_Master_Receive
 .text.HAL_RCC_OscConfig
                0x080023d0      0x318 Drivers\STM32F1xx_HAL_Driver\Src\stm32f1xx_hal_rcc.o
                0x080023d0                HAL_RCC_OscConfig
 .text.HAL_RCC_GetSysClockFreq
                0x080026e8       0x78 Drivers\STM32F1xx_HAL_Driver\Src\stm32f1xx_hal_rcc.o
                0x080026e8                HAL_RCC_GetSysClockFreq
 .text.HAL_RCC_ClockConfig
                0x08002760      0x148 Drivers\STM32F1xx_HAL_Driver\Src\stm32f1xx_hal_rcc.o
                0x08002760                HAL_RCC_ClockConfig
 .text.HAL_RCC_GetHCLKFreq
                0x080028a8        0xc Drivers\STM32F1xx_HAL_Driver\Src\stm32f1xx_hal_rcc.o
                0x080028a8                HAL_RCC_GetHCLKFreq
 .text.HAL_RCC_GetPCLK1Freq
                0x080028b4       0x20 Drivers\STM32F1xx_HAL_Driver\Src\stm32f1xx_hal_rcc.o
                0x080028b4                HAL_RCC_GetPCLK1Freq
 .text.HAL_RCCEx_PeriphCLKConfig
                0x080028d4       0xf0 Drivers\STM32F1xx_HAL_Driver\Src\stm32f1xx_hal_rcc_ex.o
                0x080028d4                HAL_RCCEx_PeriphCLKConfig
 .text.HAL_SPI_ErrorCallback
                0x080029c4        0x2 Drivers\STM32F1xx_HAL_Driver\Src\stm32f1xx_hal_spi.o
                0x080029c4                HAL_SPI_ErrorCallback
 *fill*         0x080029c6        0x2 
 .text.HAL_SPI_IRQHandler
                0x080029c8       0xd0 Drivers\STM32F1xx_HAL_Driver\Src\stm32f1xx_hal_spi.o
                0x080029c8                HAL_SPI_IRQHandler
 .text.SPI_DMAAbortOnError
                0x08002a98       0x10 Drivers\STM32F1xx_HAL_Driver\Src\stm32f1xx_hal_spi.o
 .text.HAL_SPI_Init
                0x08002aa8       0x76 Drivers\STM32F1xx_HAL_Driver\Src\stm32f1xx_hal_spi_ex.o
                0x08002aa8                HAL_SPI_Init
 .text.HAL_TIM_Base_Start_IT
                0x08002b1e       0x16 Drivers\STM32F1xx_HAL_Driver\Src\stm32f1xx_hal_tim.o
                0x08002b1e                HAL_TIM_Base_Start_IT
 .text.HAL_TIM_IC_MspInit
                0x08002b34        0x2 Drivers\STM32F1xx_HAL_Driver\Src\stm32f1xx_hal_tim.o
                0x08002b34                HAL_TIM_IC_MspInit
 .text.HAL_TIM_ConfigClockSource
                0x08002b36      0x172 Drivers\STM32F1xx_HAL_Driver\Src\stm32f1xx_hal_tim.o
                0x08002b36                HAL_TIM_ConfigClockSource
 .text.HAL_TIM_ReadCapturedValue
                0x08002ca8       0x46 Drivers\STM32F1xx_HAL_Driver\Src\stm32f1xx_hal_tim.o
                0x08002ca8                HAL_TIM_ReadCapturedValue
 .text.HAL_TIM_OC_DelayElapsedCallback
                0x08002cee        0x2 Drivers\STM32F1xx_HAL_Driver\Src\stm32f1xx_hal_tim.o
                0x08002cee                HAL_TIM_OC_DelayElapsedCallback
 .text.HAL_TIM_PWM_PulseFinishedCallback
                0x08002cf0        0x2 Drivers\STM32F1xx_HAL_Driver\Src\stm32f1xx_hal_tim.o
                0x08002cf0                HAL_TIM_PWM_PulseFinishedCallback
 .text.HAL_TIM_TriggerCallback
                0x08002cf2        0x2 Drivers\STM32F1xx_HAL_Driver\Src\stm32f1xx_hal_tim.o
                0x08002cf2                HAL_TIM_TriggerCallback
 .text.HAL_TIM_IRQHandler
                0x08002cf4      0x144 Drivers\STM32F1xx_HAL_Driver\Src\stm32f1xx_hal_tim.o
                0x08002cf4                HAL_TIM_IRQHandler
 .text.TIM_Base_SetConfig
                0x08002e38       0x70 Drivers\STM32F1xx_HAL_Driver\Src\stm32f1xx_hal_tim.o
                0x08002e38                TIM_Base_SetConfig
 .text.HAL_TIM_Base_Init
                0x08002ea8       0x34 Drivers\STM32F1xx_HAL_Driver\Src\stm32f1xx_hal_tim.o
                0x08002ea8                HAL_TIM_Base_Init
 .text.HAL_TIM_IC_Init
                0x08002edc       0x34 Drivers\STM32F1xx_HAL_Driver\Src\stm32f1xx_hal_tim.o
                0x08002edc                HAL_TIM_IC_Init
 .text.TIM_TI1_SetConfig
                0x08002f10       0x54 Drivers\STM32F1xx_HAL_Driver\Src\stm32f1xx_hal_tim.o
                0x08002f10                TIM_TI1_SetConfig
 .text.HAL_TIM_IC_ConfigChannel
                0x08002f64      0x110 Drivers\STM32F1xx_HAL_Driver\Src\stm32f1xx_hal_tim.o
                0x08002f64                HAL_TIM_IC_ConfigChannel
 .text.TIM_CCxChannelCmd
                0x08003074       0x18 Drivers\STM32F1xx_HAL_Driver\Src\stm32f1xx_hal_tim.o
                0x08003074                TIM_CCxChannelCmd
 .text.HAL_TIM_IC_Start_IT
                0x0800308c       0x58 Drivers\STM32F1xx_HAL_Driver\Src\stm32f1xx_hal_tim.o
                0x0800308c                HAL_TIM_IC_Start_IT
 .text.HAL_TIMEx_MasterConfigSynchronization
                0x080030e4       0x44 Drivers\STM32F1xx_HAL_Driver\Src\stm32f1xx_hal_tim_ex.o
                0x080030e4                HAL_TIMEx_MasterConfigSynchronization
 .text.HAL_TIMEx_CommutationCallback
                0x08003128        0x2 Drivers\STM32F1xx_HAL_Driver\Src\stm32f1xx_hal_tim_ex.o
                0x08003128                HAL_TIMEx_CommutationCallback
 .text.HAL_TIMEx_BreakCallback
                0x0800312a        0x2 Drivers\STM32F1xx_HAL_Driver\Src\stm32f1xx_hal_tim_ex.o
                0x0800312a                HAL_TIMEx_BreakCallback
 .text.MX_ADC1_Init
                0x0800312c       0xa4 Src\adc.o
                0x0800312c                MX_ADC1_Init
 .text.HAL_ADC_MspInit
                0x080031d0       0x98 Src\adc.o
                0x080031d0                HAL_ADC_MspInit
 .text.MX_CAN_Init
                0x08003268       0x4c Src\can.o
                0x08003268                MX_CAN_Init
 .text.HAL_CAN_MspInit
                0x080032b4       0x70 Src\can.o
                0x080032b4                HAL_CAN_MspInit
 .text.MX_DMA_Init
                0x08003324       0x30 Src\dma.o
                0x08003324                MX_DMA_Init
 .text.MX_GPIO_Init
                0x08003354       0x6c Src\gpio.o
                0x08003354                MX_GPIO_Init
 .text.MX_I2C2_Init
                0x080033c0       0x48 Src\i2c.o
                0x080033c0                MX_I2C2_Init
 .text.HAL_I2C_MspInit
                0x08003408       0x48 Src\i2c.o
                0x08003408                HAL_I2C_MspInit
 .text.HAL_TIM_PeriodElapsedCallback
                0x08003450       0x30 Src\main.o
                0x08003450                HAL_TIM_PeriodElapsedCallback
 .text.HAL_ADC_ConvCpltCallback
                0x08003480       0x34 Src\main.o
                0x08003480                HAL_ADC_ConvCpltCallback
 *fill*         0x080034b4        0x4 
 .text.HAL_TIM_IC_CaptureCallback
                0x080034b8      0x28c Src\main.o
                0x080034b8                HAL_TIM_IC_CaptureCallback
 .text.SystemClock_Config
                0x08003744       0x80 Src\main.o
                0x08003744                SystemClock_Config
 .text.startup.main
                0x080037c4      0x250 Src\main.o
                0x080037c4                main
 .text._Error_Handler
                0x08003a14        0x2 Src\main.o
                0x08003a14                _Error_Handler
 *fill*         0x08003a16        0x2 
 .text.MPU6050_Init
                0x08003a18      0x13c Src\mpu6050.o
                0x08003a18                MPU6050_Init
 .text.MPU6050_ReadRawData
                0x08003b54      0x128 Src\mpu6050.o
                0x08003b54                MPU6050_ReadRawData
 .text.MX_SPI1_Init
                0x08003c7c       0x4c Src\spi.o
                0x08003c7c                MX_SPI1_Init
 .text.HAL_SPI_MspInit
                0x08003cc8       0x68 Src\spi.o
                0x08003cc8                HAL_SPI_MspInit
 .text.HAL_MspInit
                0x08003d30       0xa0 Src\stm32f1xx_hal_msp.o
                0x08003d30                HAL_MspInit
 .text.NMI_Handler
                0x08003dd0        0x2 Src\stm32f1xx_it.o
                0x08003dd0                NMI_Handler
 .text.HardFault_Handler
                0x08003dd2        0x2 Src\stm32f1xx_it.o
                0x08003dd2                HardFault_Handler
 .text.MemManage_Handler
                0x08003dd4        0x2 Src\stm32f1xx_it.o
                0x08003dd4                MemManage_Handler
 .text.BusFault_Handler
                0x08003dd6        0x2 Src\stm32f1xx_it.o
                0x08003dd6                BusFault_Handler
 .text.UsageFault_Handler
                0x08003dd8        0x2 Src\stm32f1xx_it.o
                0x08003dd8                UsageFault_Handler
 .text.SVC_Handler
                0x08003dda        0x2 Src\stm32f1xx_it.o
                0x08003dda                SVC_Handler
 .text.DebugMon_Handler
                0x08003ddc        0x2 Src\stm32f1xx_it.o
                0x08003ddc                DebugMon_Handler
 .text.PendSV_Handler
                0x08003dde        0x2 Src\stm32f1xx_it.o
                0x08003dde                PendSV_Handler
 .text.SysTick_Handler
                0x08003de0        0xe Src\stm32f1xx_it.o
                0x08003de0                SysTick_Handler
 *fill*         0x08003dee        0x2 
 .text.DMA1_Channel1_IRQHandler
                0x08003df0        0xc Src\stm32f1xx_it.o
                0x08003df0                DMA1_Channel1_IRQHandler
 .text.ADC1_2_IRQHandler
                0x08003dfc        0xc Src\stm32f1xx_it.o
                0x08003dfc                ADC1_2_IRQHandler
 .text.TIM1_CC_IRQHandler
                0x08003e08        0xc Src\stm32f1xx_it.o
                0x08003e08                TIM1_CC_IRQHandler
 .text.TIM1_UP_IRQHandler
                0x08003e14        0x4 Src\stm32f1xx_it.o
                0x08003e14                TIM1_UP_IRQHandler
 .text.TIM2_IRQHandler
                0x08003e18        0xc Src\stm32f1xx_it.o
                0x08003e18                TIM2_IRQHandler
 .text.TIM3_IRQHandler
                0x08003e24        0xc Src\stm32f1xx_it.o
                0x08003e24                TIM3_IRQHandler
 .text.SPI1_IRQHandler
                0x08003e30        0xc Src\stm32f1xx_it.o
                0x08003e30                SPI1_IRQHandler
 .text.SystemInit
                0x08003e3c       0x4c Src\system_stm32f1xx.o
                0x08003e3c                SystemInit
 .text.MX_TIM1_Init
                0x08003e88       0xdc Src\tim.o
                0x08003e88                MX_TIM1_Init
 .text.MX_TIM2_Init
                0x08003f64       0x9c Src\tim.o
                0x08003f64                MX_TIM2_Init
 .text.MX_TIM3_Init
                0x08004000       0x70 Src\tim.o
                0x08004000                MX_TIM3_Init
 .text.HAL_TIM_Base_MspInit
                0x08004070       0xe8 Src\tim.o
                0x08004070                HAL_TIM_Base_MspInit
 .text.Reset_Handler
                0x08004158       0x48 startup\startup_stm32f103xb.o
                0x08004158                Reset_Handler
 .text.Default_Handler
                0x080041a0        0x2 startup\startup_stm32f103xb.o
                0x080041a0                RTC_Alarm_IRQHandler
                0x080041a0                EXTI2_IRQHandler
                0x080041a0                PVD_IRQHandler
                0x080041a0                EXTI3_IRQHandler
                0x080041a0                EXTI0_IRQHandler
                0x080041a0                I2C2_EV_IRQHandler
                0x080041a0                TAMPER_IRQHandler
                0x080041a0                DMA1_Channel4_IRQHandler
                0x080041a0                USART3_IRQHandler
                0x080041a0                RTC_IRQHandler
                0x080041a0                DMA1_Channel7_IRQHandler
                0x080041a0                CAN1_RX1_IRQHandler
                0x080041a0                TIM4_IRQHandler
                0x080041a0                I2C1_EV_IRQHandler
                0x080041a0                DMA1_Channel6_IRQHandler
                0x080041a0                RCC_IRQHandler
                0x080041a0                TIM1_TRG_COM_IRQHandler
                0x080041a0                Default_Handler
                0x080041a0                EXTI15_10_IRQHandler
                0x080041a0                EXTI9_5_IRQHandler
                0x080041a0                SPI2_IRQHandler
                0x080041a0                DMA1_Channel5_IRQHandler
                0x080041a0                EXTI4_IRQHandler
                0x080041a0                USB_LP_CAN1_RX0_IRQHandler
                0x080041a0                USB_HP_CAN1_TX_IRQHandler
                0x080041a0                DMA1_Channel3_IRQHandler
                0x080041a0                WWDG_IRQHandler
                0x080041a0                TIM1_BRK_IRQHandler
                0x080041a0                EXTI1_IRQHandler
                0x080041a0                USART2_IRQHandler
                0x080041a0                I2C2_ER_IRQHandler
                0x080041a0                DMA1_Channel2_IRQHandler
                0x080041a0                CAN1_SCE_IRQHandler
                0x080041a0                FLASH_IRQHandler
                0x080041a0                USART1_IRQHandler
                0x080041a0                I2C1_ER_IRQHandler
                0x080041a0                USBWakeUp_IRQHandler
 *fill*         0x080041a2        0x2 
 .text.__libc_init_array
                0x080041a4       0x48 c:/program files (x86)/atollic/truestudio for stm32 9.1.0/armtools/bin/../lib/gcc/arm-atollic-eabi/6.3.1/../../../../arm-atollic-eabi/lib/armv7-m\libc_nano.a(lib_a-init.o)
                0x080041a4                __libc_init_array
 *(.glue_7)
 .glue_7        0x080041ec        0x0 linker stubs
 *(.glue_7t)
 .glue_7t       0x080041ec        0x0 linker stubs
 *(.eh_frame)
 .eh_frame      0x080041ec        0x0 c:/program files (x86)/atollic/truestudio for stm32 9.1.0/armtools/bin/../lib/gcc/arm-atollic-eabi/6.3.1/armv7-m/crtbegin.o
 *(.init)
 .init          0x080041ec        0x4 c:/program files (x86)/atollic/truestudio for stm32 9.1.0/armtools/bin/../lib/gcc/arm-atollic-eabi/6.3.1/armv7-m/crti.o
                0x080041ec                _init
 .init          0x080041f0        0x8 c:/program files (x86)/atollic/truestudio for stm32 9.1.0/armtools/bin/../lib/gcc/arm-atollic-eabi/6.3.1/armv7-m/crtn.o
 *(.fini)
 .fini          0x080041f8        0x4 c:/program files (x86)/atollic/truestudio for stm32 9.1.0/armtools/bin/../lib/gcc/arm-atollic-eabi/6.3.1/armv7-m/crti.o
                0x080041f8                _fini
 .fini          0x080041fc        0x8 c:/program files (x86)/atollic/truestudio for stm32 9.1.0/armtools/bin/../lib/gcc/arm-atollic-eabi/6.3.1/armv7-m/crtn.o
                0x08004204                . = ALIGN (0x4)
                0x08004204                _etext = .

.vfp11_veneer   0x08004204        0x0
 .vfp11_veneer  0x08004204        0x0 linker stubs

.v4_bx          0x08004204        0x0
 .v4_bx         0x08004204        0x0 linker stubs

.iplt           0x08004204        0x0
 .iplt          0x08004204        0x0 c:/program files (x86)/atollic/truestudio for stm32 9.1.0/armtools/bin/../lib/gcc/arm-atollic-eabi/6.3.1/armv7-m/crtbegin.o

.rodata         0x08004204       0x6c
                0x08004204                . = ALIGN (0x4)
 *(.rodata)
 .rodata        0x08004204       0x10 Drivers\STM32F1xx_HAL_Driver\Src\stm32f1xx_hal_rcc.o
 *(.rodata*)
 .rodata.MX_ADC1_Init.str1.1
                0x08004214        0xd Src\adc.o
 .rodata.MX_CAN_Init.str1.1
                0x08004221        0xd Src\can.o
 .rodata.MX_I2C2_Init.str1.1
                0x0800422e        0xd Src\i2c.o
 .rodata.MX_SPI1_Init.str1.1
                0x0800423b        0xd Src\spi.o
 .rodata.AHBPrescTable
                0x08004248       0x10 Src\system_stm32f1xx.o
                0x08004248                AHBPrescTable
 .rodata.APBPrescTable
                0x08004258        0x8 Src\system_stm32f1xx.o
                0x08004258                APBPrescTable
 .rodata.MX_TIM1_Init.str1.1
                0x08004260        0xd Src\tim.o
                0x08004270                . = ALIGN (0x4)
 *fill*         0x0800426d        0x3 

.rel.dyn        0x08004270        0x0
 .rel.iplt      0x08004270        0x0 c:/program files (x86)/atollic/truestudio for stm32 9.1.0/armtools/bin/../lib/gcc/arm-atollic-eabi/6.3.1/armv7-m/crtbegin.o

.ARM.extab
 *(.ARM.extab* .gnu.linkonce.armextab.*)

.ARM            0x08004270        0x0
                0x08004270                __exidx_start = .
 *(.ARM.exidx*)
                0x08004270                __exidx_end = .

.preinit_array  0x08004270        0x0
                0x08004270                PROVIDE (__preinit_array_start, .)
 *(.preinit_array*)
                0x08004270                PROVIDE (__preinit_array_end, .)

.init_array     0x08004270        0x4
                0x08004270                PROVIDE (__init_array_start, .)
 *(SORT(.init_array.*))
 *(.init_array*)
 .init_array    0x08004270        0x4 c:/program files (x86)/atollic/truestudio for stm32 9.1.0/armtools/bin/../lib/gcc/arm-atollic-eabi/6.3.1/armv7-m/crtbegin.o
                0x08004274                PROVIDE (__init_array_end, .)

.fini_array     0x08004274        0x4
                [!provide]                PROVIDE (__fini_array_start, .)
 *(SORT(.fini_array.*))
 *(.fini_array*)
 .fini_array    0x08004274        0x4 c:/program files (x86)/atollic/truestudio for stm32 9.1.0/armtools/bin/../lib/gcc/arm-atollic-eabi/6.3.1/armv7-m/crtbegin.o
                [!provide]                PROVIDE (__fini_array_end, .)
                0x08004278                _sidata = LOADADDR (.data)

.data           0x20000000        0xc load address 0x08004278
                0x20000000                . = ALIGN (0x4)
                0x20000000                _sdata = .
 *(.data)
 *(.data*)
 .data.uwTickFreq
                0x20000000        0x1 Drivers\STM32F1xx_HAL_Driver\Src\stm32f1xx_hal.o
                0x20000000                uwTickFreq
 *fill*         0x20000001        0x3 
 .data.uwTickPrio
                0x20000004        0x4 Drivers\STM32F1xx_HAL_Driver\Src\stm32f1xx_hal.o
                0x20000004                uwTickPrio
 .data.SystemCoreClock
                0x20000008        0x4 Src\system_stm32f1xx.o
                0x20000008                SystemCoreClock
                0x2000000c                . = ALIGN (0x4)
                0x2000000c                _edata = .

.igot.plt       0x2000000c        0x0 load address 0x08004284
 .igot.plt      0x2000000c        0x0 c:/program files (x86)/atollic/truestudio for stm32 9.1.0/armtools/bin/../lib/gcc/arm-atollic-eabi/6.3.1/armv7-m/crtbegin.o
                0x2000000c                . = ALIGN (0x4)

.bss            0x20000010      0x4fc load address 0x08004284
                0x20000010                _sbss = .
                0x20000010                __bss_start__ = _sbss
 *(.bss)
 .bss           0x20000010       0x1c c:/program files (x86)/atollic/truestudio for stm32 9.1.0/armtools/bin/../lib/gcc/arm-atollic-eabi/6.3.1/armv7-m/crtbegin.o
 *(.bss*)
 *fill*         0x2000002c        0x4 
 .bss.Trev      0x20000030       0x28 Src\main.o
                0x20000030                Trev
 .bss.adc_reading
                0x20000058        0x8 Src\main.o
                0x20000058                adc_reading
 .bss.measured_distance
                0x20000060        0x4 Src\main.o
                0x20000060                measured_distance
 .bss.no_counts
                0x20000064       0x14 Src\main.o
                0x20000064                no_counts
 .bss.tim1_ch1_capture.7520
                0x20000078        0x4 Src\main.o
 .bss.tim1_ch1_last_capture.7515
                0x2000007c        0x4 Src\main.o
 .bss.tim1_ch2_capture.7521
                0x20000080        0x4 Src\main.o
 .bss.tim1_ch2_last_capture.7516
                0x20000084        0x4 Src\main.o
 .bss.tim1_ch3_capture.7522
                0x20000088        0x4 Src\main.o
 .bss.tim1_ch3_last_capture.7517
                0x2000008c        0x4 Src\main.o
 .bss.tim1_ch4_capture.7523
                0x20000090        0x4 Src\main.o
 .bss.tim1_ch4_last_capture.7518
                0x20000094        0x4 Src\main.o
 .bss.tim1_overflow_counter
                0x20000098        0x4 Src\main.o
                0x20000098                tim1_overflow_counter
 .bss.tim2_ch1_capture.7524
                0x2000009c        0x4 Src\main.o
 .bss.tim2_ch1_last_capture.7519
                0x200000a0        0x4 Src\main.o
 .bss.tim2_overflow_counter
                0x200000a4        0x4 Src\main.o
                0x200000a4                tim2_overflow_counter
 .bss.accel_divider
                0x200000a8        0x4 Src\mpu6050.o
 .bss.gyro_divider
                0x200000ac        0x4 Src\mpu6050.o
 *(COMMON)
 COMMON         0x200000b0        0x4 Drivers\STM32F1xx_HAL_Driver\Src\stm32f1xx_hal.o
                0x200000b0                uwTick
 COMMON         0x200000b4       0x74 Src\adc.o
                0x200000b4                hadc1
                0x200000e4                hdma_adc1
 COMMON         0x20000128       0x44 Src\can.o
                0x20000128                hcan
 COMMON         0x2000016c       0x54 Src\i2c.o
                0x2000016c                hi2c2
 COMMON         0x200001c0      0x234 Src\main.o
                0x200001c0                d1
                0x200003c0                TxMessage1
                0x200003dc                mpu1
 COMMON         0x200003f4       0x58 Src\spi.o
                0x200003f4                hspi1
 COMMON         0x2000044c       0xc0 Src\tim.o
                0x2000044c                htim3
                0x2000048c                htim1
                0x200004cc                htim2
                0x2000050c                . = ALIGN (0x4)
                0x2000050c                _ebss = .
                0x2000050c                __bss_end__ = _ebss

._user_heap_stack
                0x2000050c      0x600 load address 0x08004284
                0x2000050c                . = ALIGN (0x4)
                [!provide]                PROVIDE (end, .)
                [!provide]                PROVIDE (_end, .)
                0x2000070c                . = (. + _Min_Heap_Size)
 *fill*         0x2000050c      0x200 
                0x20000b0c                . = (. + _Min_Stack_Size)
 *fill*         0x2000070c      0x400 
                0x20000b0c                . = ALIGN (0x4)

/DISCARD/
 libc.a(*)
 libm.a(*)
 libgcc.a(*)

.ARM.attributes
                0x00000000       0x29
 *(.ARM.attributes)
 .ARM.attributes
                0x00000000       0x1d c:/program files (x86)/atollic/truestudio for stm32 9.1.0/armtools/bin/../lib/gcc/arm-atollic-eabi/6.3.1/armv7-m/crti.o
 .ARM.attributes
                0x0000001d       0x2d c:/program files (x86)/atollic/truestudio for stm32 9.1.0/armtools/bin/../lib/gcc/arm-atollic-eabi/6.3.1/armv7-m/crtbegin.o
 .ARM.attributes
                0x0000004a       0x33 Drivers\STM32F1xx_HAL_Driver\Src\stm32f1xx_hal.o
 .ARM.attributes
                0x0000007d       0x33 Drivers\STM32F1xx_HAL_Driver\Src\stm32f1xx_hal_adc.o
 .ARM.attributes
                0x000000b0       0x33 Drivers\STM32F1xx_HAL_Driver\Src\stm32f1xx_hal_adc_ex.o
 .ARM.attributes
                0x000000e3       0x33 Drivers\STM32F1xx_HAL_Driver\Src\stm32f1xx_hal_can.o
 .ARM.attributes
                0x00000116       0x33 Drivers\STM32F1xx_HAL_Driver\Src\stm32f1xx_hal_cortex.o
 .ARM.attributes
                0x00000149       0x33 Drivers\STM32F1xx_HAL_Driver\Src\stm32f1xx_hal_dma.o
 .ARM.attributes
                0x0000017c       0x33 Drivers\STM32F1xx_HAL_Driver\Src\stm32f1xx_hal_gpio.o
 .ARM.attributes
                0x000001af       0x33 Drivers\STM32F1xx_HAL_Driver\Src\stm32f1xx_hal_i2c.o
 .ARM.attributes
                0x000001e2       0x33 Drivers\STM32F1xx_HAL_Driver\Src\stm32f1xx_hal_rcc.o
 .ARM.attributes
                0x00000215       0x33 Drivers\STM32F1xx_HAL_Driver\Src\stm32f1xx_hal_rcc_ex.o
 .ARM.attributes
                0x00000248       0x33 Drivers\STM32F1xx_HAL_Driver\Src\stm32f1xx_hal_spi.o
 .ARM.attributes
                0x0000027b       0x33 Drivers\STM32F1xx_HAL_Driver\Src\stm32f1xx_hal_spi_ex.o
 .ARM.attributes
                0x000002ae       0x33 Drivers\STM32F1xx_HAL_Driver\Src\stm32f1xx_hal_tim.o
 .ARM.attributes
                0x000002e1       0x33 Drivers\STM32F1xx_HAL_Driver\Src\stm32f1xx_hal_tim_ex.o
 .ARM.attributes
                0x00000314       0x33 Src\adc.o
 .ARM.attributes
                0x00000347       0x33 Src\can.o
 .ARM.attributes
                0x0000037a       0x33 Src\dma.o
 .ARM.attributes
                0x000003ad       0x33 Src\gpio.o
 .ARM.attributes
                0x000003e0       0x33 Src\i2c.o
 .ARM.attributes
                0x00000413       0x33 Src\main.o
 .ARM.attributes
                0x00000446       0x33 Src\mpu6050.o
 .ARM.attributes
                0x00000479       0x33 Src\spi.o
 .ARM.attributes
                0x000004ac       0x33 Src\stm32f1xx_hal_msp.o
 .ARM.attributes
                0x000004df       0x33 Src\stm32f1xx_it.o
 .ARM.attributes
                0x00000512       0x33 Src\system_stm32f1xx.o
 .ARM.attributes
                0x00000545       0x33 Src\tim.o
 .ARM.attributes
                0x00000578       0x21 startup\startup_stm32f103xb.o
 .ARM.attributes
                0x00000599       0x2d c:/program files (x86)/atollic/truestudio for stm32 9.1.0/armtools/bin/../lib/gcc/arm-atollic-eabi/6.3.1/../../../../arm-atollic-eabi/lib/armv7-m\libc_nano.a(lib_a-init.o)
 .ARM.attributes
                0x000005c6       0x1d c:/program files (x86)/atollic/truestudio for stm32 9.1.0/armtools/bin/../lib/gcc/arm-atollic-eabi/6.3.1/armv7-m\libgcc.a(_arm_addsubdf3.o)
 .ARM.attributes
                0x000005e3       0x1d c:/program files (x86)/atollic/truestudio for stm32 9.1.0/armtools/bin/../lib/gcc/arm-atollic-eabi/6.3.1/armv7-m\libgcc.a(_arm_muldivdf3.o)
 .ARM.attributes
                0x00000600       0x1d c:/program files (x86)/atollic/truestudio for stm32 9.1.0/armtools/bin/../lib/gcc/arm-atollic-eabi/6.3.1/armv7-m\libgcc.a(_arm_fixunsdfsi.o)
 .ARM.attributes
                0x0000061d       0x1d c:/program files (x86)/atollic/truestudio for stm32 9.1.0/armtools/bin/../lib/gcc/arm-atollic-eabi/6.3.1/armv7-m\libgcc.a(_arm_addsubsf3.o)
 .ARM.attributes
                0x0000063a       0x1d c:/program files (x86)/atollic/truestudio for stm32 9.1.0/armtools/bin/../lib/gcc/arm-atollic-eabi/6.3.1/armv7-m\libgcc.a(_arm_muldivsf3.o)
 .ARM.attributes
                0x00000657       0x1d c:/program files (x86)/atollic/truestudio for stm32 9.1.0/armtools/bin/../lib/gcc/arm-atollic-eabi/6.3.1/armv7-m\libgcc.a(_arm_fixunssfsi.o)
 .ARM.attributes
                0x00000674       0x1d c:/program files (x86)/atollic/truestudio for stm32 9.1.0/armtools/bin/../lib/gcc/arm-atollic-eabi/6.3.1/armv7-m/crtn.o
OUTPUT(final_DAQ.elf elf32-littlearm)

.debug_info     0x00000000    0x238f4
 .debug_info    0x00000000      0xfba Drivers\STM32F1xx_HAL_Driver\Src\stm32f1xx_hal.o
 .debug_info    0x00000fba     0x165b Drivers\STM32F1xx_HAL_Driver\Src\stm32f1xx_hal_adc.o
 .debug_info    0x00002615     0x1345 Drivers\STM32F1xx_HAL_Driver\Src\stm32f1xx_hal_adc_ex.o
 .debug_info    0x0000395a     0x1474 Drivers\STM32F1xx_HAL_Driver\Src\stm32f1xx_hal_can.o
 .debug_info    0x00004dce     0x1463 Drivers\STM32F1xx_HAL_Driver\Src\stm32f1xx_hal_cortex.o
 .debug_info    0x00006231     0x1001 Drivers\STM32F1xx_HAL_Driver\Src\stm32f1xx_hal_dma.o
 .debug_info    0x00007232      0xe7c Drivers\STM32F1xx_HAL_Driver\Src\stm32f1xx_hal_gpio.o
 .debug_info    0x000080ae     0x38a4 Drivers\STM32F1xx_HAL_Driver\Src\stm32f1xx_hal_i2c.o
 .debug_info    0x0000b952     0x11f7 Drivers\STM32F1xx_HAL_Driver\Src\stm32f1xx_hal_rcc.o
 .debug_info    0x0000cb49      0xc57 Drivers\STM32F1xx_HAL_Driver\Src\stm32f1xx_hal_rcc_ex.o
 .debug_info    0x0000d7a0     0x2318 Drivers\STM32F1xx_HAL_Driver\Src\stm32f1xx_hal_spi.o
 .debug_info    0x0000fab8      0xe1b Drivers\STM32F1xx_HAL_Driver\Src\stm32f1xx_hal_spi_ex.o
 .debug_info    0x000108d3     0x3b73 Drivers\STM32F1xx_HAL_Driver\Src\stm32f1xx_hal_tim.o
 .debug_info    0x00014446     0x1943 Drivers\STM32F1xx_HAL_Driver\Src\stm32f1xx_hal_tim_ex.o
 .debug_info    0x00015d89     0x1322 Src\adc.o
 .debug_info    0x000170ab     0x118a Src\can.o
 .debug_info    0x00018235      0xb82 Src\dma.o
 .debug_info    0x00018db7      0xb65 Src\gpio.o
 .debug_info    0x0001991c     0x107d Src\i2c.o
 .debug_info    0x0001a999     0x24d7 Src\main.o
 .debug_info    0x0001ce70     0x12d0 Src\mpu6050.o
 .debug_info    0x0001e140     0x1212 Src\spi.o
 .debug_info    0x0001f352      0xcda Src\stm32f1xx_hal_msp.o
 .debug_info    0x0002002c     0x13c2 Src\stm32f1xx_it.o
 .debug_info    0x000213ee      0xc07 Src\system_stm32f1xx.o
 .debug_info    0x00021ff5     0x1885 Src\tim.o
 .debug_info    0x0002387a       0x7a startup\startup_stm32f103xb.o

.debug_abbrev   0x00000000     0x454d
 .debug_abbrev  0x00000000      0x308 Drivers\STM32F1xx_HAL_Driver\Src\stm32f1xx_hal.o
 .debug_abbrev  0x00000308      0x2fb Drivers\STM32F1xx_HAL_Driver\Src\stm32f1xx_hal_adc.o
 .debug_abbrev  0x00000603      0x296 Drivers\STM32F1xx_HAL_Driver\Src\stm32f1xx_hal_adc_ex.o
 .debug_abbrev  0x00000899      0x30d Drivers\STM32F1xx_HAL_Driver\Src\stm32f1xx_hal_can.o
 .debug_abbrev  0x00000ba6      0x399 Drivers\STM32F1xx_HAL_Driver\Src\stm32f1xx_hal_cortex.o
 .debug_abbrev  0x00000f3f      0x29e Drivers\STM32F1xx_HAL_Driver\Src\stm32f1xx_hal_dma.o
 .debug_abbrev  0x000011dd      0x268 Drivers\STM32F1xx_HAL_Driver\Src\stm32f1xx_hal_gpio.o
 .debug_abbrev  0x00001445      0x3c1 Drivers\STM32F1xx_HAL_Driver\Src\stm32f1xx_hal_i2c.o
 .debug_abbrev  0x00001806      0x367 Drivers\STM32F1xx_HAL_Driver\Src\stm32f1xx_hal_rcc.o
 .debug_abbrev  0x00001b6d      0x277 Drivers\STM32F1xx_HAL_Driver\Src\stm32f1xx_hal_rcc_ex.o
 .debug_abbrev  0x00001de4      0x39b Drivers\STM32F1xx_HAL_Driver\Src\stm32f1xx_hal_spi.o
 .debug_abbrev  0x0000217f      0x1d8 Drivers\STM32F1xx_HAL_Driver\Src\stm32f1xx_hal_spi_ex.o
 .debug_abbrev  0x00002357      0x3bb Drivers\STM32F1xx_HAL_Driver\Src\stm32f1xx_hal_tim.o
 .debug_abbrev  0x00002712      0x30d Drivers\STM32F1xx_HAL_Driver\Src\stm32f1xx_hal_tim_ex.o
 .debug_abbrev  0x00002a1f      0x24c Src\adc.o
 .debug_abbrev  0x00002c6b      0x26c Src\can.o
 .debug_abbrev  0x00002ed7      0x1f5 Src\dma.o
 .debug_abbrev  0x000030cc      0x1ec Src\gpio.o
 .debug_abbrev  0x000032b8      0x229 Src\i2c.o
 .debug_abbrev  0x000034e1      0x34a Src\main.o
 .debug_abbrev  0x0000382b      0x22a Src\mpu6050.o
 .debug_abbrev  0x00003a55      0x230 Src\spi.o
 .debug_abbrev  0x00003c85      0x200 Src\stm32f1xx_hal_msp.o
 .debug_abbrev  0x00003e85      0x23a Src\stm32f1xx_it.o
 .debug_abbrev  0x000040bf      0x1eb Src\system_stm32f1xx.o
 .debug_abbrev  0x000042aa      0x291 Src\tim.o
 .debug_abbrev  0x0000453b       0x12 startup\startup_stm32f103xb.o

.debug_loc      0x00000000     0xaf3d
 .debug_loc     0x00000000      0x11b Drivers\STM32F1xx_HAL_Driver\Src\stm32f1xx_hal.o
 .debug_loc     0x0000011b      0x873 Drivers\STM32F1xx_HAL_Driver\Src\stm32f1xx_hal_adc.o
 .debug_loc     0x0000098e      0x769 Drivers\STM32F1xx_HAL_Driver\Src\stm32f1xx_hal_adc_ex.o
 .debug_loc     0x000010f7      0x973 Drivers\STM32F1xx_HAL_Driver\Src\stm32f1xx_hal_can.o
 .debug_loc     0x00001a6a      0x46b Drivers\STM32F1xx_HAL_Driver\Src\stm32f1xx_hal_cortex.o
 .debug_loc     0x00001ed5      0x5d1 Drivers\STM32F1xx_HAL_Driver\Src\stm32f1xx_hal_dma.o
 .debug_loc     0x000024a6      0x36a Drivers\STM32F1xx_HAL_Driver\Src\stm32f1xx_hal_gpio.o
 .debug_loc     0x00002810     0x2bdf Drivers\STM32F1xx_HAL_Driver\Src\stm32f1xx_hal_i2c.o
 .debug_loc     0x000053ef      0x4c3 Drivers\STM32F1xx_HAL_Driver\Src\stm32f1xx_hal_rcc.o
 .debug_loc     0x000058b2      0x29d Drivers\STM32F1xx_HAL_Driver\Src\stm32f1xx_hal_rcc_ex.o
 .debug_loc     0x00005b4f     0x1525 Drivers\STM32F1xx_HAL_Driver\Src\stm32f1xx_hal_spi.o
 .debug_loc     0x00007074       0x34 Drivers\STM32F1xx_HAL_Driver\Src\stm32f1xx_hal_spi_ex.o
 .debug_loc     0x000070a8     0x300c Drivers\STM32F1xx_HAL_Driver\Src\stm32f1xx_hal_tim.o
 .debug_loc     0x0000a0b4      0x822 Drivers\STM32F1xx_HAL_Driver\Src\stm32f1xx_hal_tim_ex.o
 .debug_loc     0x0000a8d6       0x63 Src\adc.o
 .debug_loc     0x0000a939       0x7c Src\can.o
 .debug_loc     0x0000a9b5       0x4d Src\i2c.o
 .debug_loc     0x0000aa02       0xc6 Src\main.o
 .debug_loc     0x0000aac8      0x27b Src\mpu6050.o
 .debug_loc     0x0000ad43       0x4d Src\spi.o
 .debug_loc     0x0000ad90       0xcd Src\system_stm32f1xx.o
 .debug_loc     0x0000ae5d       0xe0 Src\tim.o

.debug_aranges  0x00000000      0xdb8
 .debug_aranges
                0x00000000       0xc8 Drivers\STM32F1xx_HAL_Driver\Src\stm32f1xx_hal.o
 .debug_aranges
                0x000000c8       0xc8 Drivers\STM32F1xx_HAL_Driver\Src\stm32f1xx_hal_adc.o
 .debug_aranges
                0x00000190       0x80 Drivers\STM32F1xx_HAL_Driver\Src\stm32f1xx_hal_adc_ex.o
 .debug_aranges
                0x00000210       0x88 Drivers\STM32F1xx_HAL_Driver\Src\stm32f1xx_hal_can.o
 .debug_aranges
                0x00000298       0x90 Drivers\STM32F1xx_HAL_Driver\Src\stm32f1xx_hal_cortex.o
 .debug_aranges
                0x00000328       0x78 Drivers\STM32F1xx_HAL_Driver\Src\stm32f1xx_hal_dma.o
 .debug_aranges
                0x000003a0       0x58 Drivers\STM32F1xx_HAL_Driver\Src\stm32f1xx_hal_gpio.o
 .debug_aranges
                0x000003f8      0x190 Drivers\STM32F1xx_HAL_Driver\Src\stm32f1xx_hal_i2c.o
 .debug_aranges
                0x00000588       0x88 Drivers\STM32F1xx_HAL_Driver\Src\stm32f1xx_hal_rcc.o
 .debug_aranges
                0x00000610       0x30 Drivers\STM32F1xx_HAL_Driver\Src\stm32f1xx_hal_rcc_ex.o
 .debug_aranges
                0x00000640      0x188 Drivers\STM32F1xx_HAL_Driver\Src\stm32f1xx_hal_spi.o
 .debug_aranges
                0x000007c8       0x20 Drivers\STM32F1xx_HAL_Driver\Src\stm32f1xx_hal_spi_ex.o
 .debug_aranges
                0x000007e8      0x250 Drivers\STM32F1xx_HAL_Driver\Src\stm32f1xx_hal_tim.o
 .debug_aranges
                0x00000a38       0xe8 Drivers\STM32F1xx_HAL_Driver\Src\stm32f1xx_hal_tim_ex.o
 .debug_aranges
                0x00000b20       0x30 Src\adc.o
 .debug_aranges
                0x00000b50       0x30 Src\can.o
 .debug_aranges
                0x00000b80       0x20 Src\dma.o
 .debug_aranges
                0x00000ba0       0x20 Src\gpio.o
 .debug_aranges
                0x00000bc0       0x30 Src\i2c.o
 .debug_aranges
                0x00000bf0       0x48 Src\main.o
 .debug_aranges
                0x00000c38       0x28 Src\mpu6050.o
 .debug_aranges
                0x00000c60       0x30 Src\spi.o
 .debug_aranges
                0x00000c90       0x20 Src\stm32f1xx_hal_msp.o
 .debug_aranges
                0x00000cb0       0x78 Src\stm32f1xx_it.o
 .debug_aranges
                0x00000d28       0x28 Src\system_stm32f1xx.o
 .debug_aranges
                0x00000d50       0x40 Src\tim.o
 .debug_aranges
                0x00000d90       0x28 startup\startup_stm32f103xb.o

.debug_ranges   0x00000000     0x1328
 .debug_ranges  0x00000000       0xb8 Drivers\STM32F1xx_HAL_Driver\Src\stm32f1xx_hal.o
 .debug_ranges  0x000000b8       0xb8 Drivers\STM32F1xx_HAL_Driver\Src\stm32f1xx_hal_adc.o
 .debug_ranges  0x00000170       0x70 Drivers\STM32F1xx_HAL_Driver\Src\stm32f1xx_hal_adc_ex.o
 .debug_ranges  0x000001e0       0x90 Drivers\STM32F1xx_HAL_Driver\Src\stm32f1xx_hal_can.o
 .debug_ranges  0x00000270      0x128 Drivers\STM32F1xx_HAL_Driver\Src\stm32f1xx_hal_cortex.o
 .debug_ranges  0x00000398       0xa8 Drivers\STM32F1xx_HAL_Driver\Src\stm32f1xx_hal_dma.o
 .debug_ranges  0x00000440       0x60 Drivers\STM32F1xx_HAL_Driver\Src\stm32f1xx_hal_gpio.o
 .debug_ranges  0x000004a0      0x438 Drivers\STM32F1xx_HAL_Driver\Src\stm32f1xx_hal_i2c.o
 .debug_ranges  0x000008d8       0xa0 Drivers\STM32F1xx_HAL_Driver\Src\stm32f1xx_hal_rcc.o
 .debug_ranges  0x00000978       0x40 Drivers\STM32F1xx_HAL_Driver\Src\stm32f1xx_hal_rcc_ex.o
 .debug_ranges  0x000009b8      0x1d8 Drivers\STM32F1xx_HAL_Driver\Src\stm32f1xx_hal_spi.o
 .debug_ranges  0x00000b90       0x10 Drivers\STM32F1xx_HAL_Driver\Src\stm32f1xx_hal_spi_ex.o
 .debug_ranges  0x00000ba0      0x340 Drivers\STM32F1xx_HAL_Driver\Src\stm32f1xx_hal_tim.o
 .debug_ranges  0x00000ee0       0xd8 Drivers\STM32F1xx_HAL_Driver\Src\stm32f1xx_hal_tim_ex.o
 .debug_ranges  0x00000fb8       0x40 Src\adc.o
 .debug_ranges  0x00000ff8       0x40 Src\can.o
 .debug_ranges  0x00001038       0x40 Src\dma.o
 .debug_ranges  0x00001078       0x70 Src\gpio.o
 .debug_ranges  0x000010e8       0x20 Src\i2c.o
 .debug_ranges  0x00001108       0x38 Src\main.o
 .debug_ranges  0x00001140       0x18 Src\mpu6050.o
 .debug_ranges  0x00001158       0x40 Src\spi.o
 .debug_ranges  0x00001198       0x30 Src\stm32f1xx_hal_msp.o
 .debug_ranges  0x000011c8       0x68 Src\stm32f1xx_it.o
 .debug_ranges  0x00001230       0x18 Src\system_stm32f1xx.o
 .debug_ranges  0x00001248       0xc0 Src\tim.o
 .debug_ranges  0x00001308       0x20 startup\startup_stm32f103xb.o

.debug_line     0x00000000     0x9ff1
 .debug_line    0x00000000      0x45f Drivers\STM32F1xx_HAL_Driver\Src\stm32f1xx_hal.o
 .debug_line    0x0000045f      0x86c Drivers\STM32F1xx_HAL_Driver\Src\stm32f1xx_hal_adc.o
 .debug_line    0x00000ccb      0x72b Drivers\STM32F1xx_HAL_Driver\Src\stm32f1xx_hal_adc_ex.o
 .debug_line    0x000013f6      0x8a3 Drivers\STM32F1xx_HAL_Driver\Src\stm32f1xx_hal_can.o
 .debug_line    0x00001c99      0x432 Drivers\STM32F1xx_HAL_Driver\Src\stm32f1xx_hal_cortex.o
 .debug_line    0x000020cb      0x699 Drivers\STM32F1xx_HAL_Driver\Src\stm32f1xx_hal_dma.o
 .debug_line    0x00002764      0x44b Drivers\STM32F1xx_HAL_Driver\Src\stm32f1xx_hal_gpio.o
 .debug_line    0x00002baf     0x1a8b Drivers\STM32F1xx_HAL_Driver\Src\stm32f1xx_hal_i2c.o
 .debug_line    0x0000463a      0x633 Drivers\STM32F1xx_HAL_Driver\Src\stm32f1xx_hal_rcc.o
 .debug_line    0x00004c6d      0x3cc Drivers\STM32F1xx_HAL_Driver\Src\stm32f1xx_hal_rcc_ex.o
 .debug_line    0x00005039      0xbeb Drivers\STM32F1xx_HAL_Driver\Src\stm32f1xx_hal_spi.o
 .debug_line    0x00005c24      0x2f2 Drivers\STM32F1xx_HAL_Driver\Src\stm32f1xx_hal_spi_ex.o
 .debug_line    0x00005f16     0x114c Drivers\STM32F1xx_HAL_Driver\Src\stm32f1xx_hal_tim.o
 .debug_line    0x00007062      0x6ee Drivers\STM32F1xx_HAL_Driver\Src\stm32f1xx_hal_tim_ex.o
 .debug_line    0x00007750      0x37f Src\adc.o
 .debug_line    0x00007acf      0x315 Src\can.o
 .debug_line    0x00007de4      0x27d Src\dma.o
 .debug_line    0x00008061      0x288 Src\gpio.o
 .debug_line    0x000082e9      0x309 Src\i2c.o
 .debug_line    0x000085f2      0x607 Src\main.o
 .debug_line    0x00008bf9      0x36c Src\mpu6050.o
 .debug_line    0x00008f65      0x33f Src\spi.o
 .debug_line    0x000092a4      0x28f Src\stm32f1xx_hal_msp.o
 .debug_line    0x00009533      0x3bb Src\stm32f1xx_it.o
 .debug_line    0x000098ee      0x288 Src\system_stm32f1xx.o
 .debug_line    0x00009b76      0x3fe Src\tim.o
 .debug_line    0x00009f74       0x7d startup\startup_stm32f103xb.o

.debug_str      0x00000000     0x501c
 .debug_str     0x00000000      0xbca Drivers\STM32F1xx_HAL_Driver\Src\stm32f1xx_hal.o
                                0xc70 (size before relaxing)
 .debug_str     0x00000bca      0x626 Drivers\STM32F1xx_HAL_Driver\Src\stm32f1xx_hal_adc.o
                                0xd12 (size before relaxing)
 .debug_str     0x000011f0      0x291 Drivers\STM32F1xx_HAL_Driver\Src\stm32f1xx_hal_adc_ex.o
                                0xcc5 (size before relaxing)
 .debug_str     0x00001481      0x50b Drivers\STM32F1xx_HAL_Driver\Src\stm32f1xx_hal_can.o
                                0xc04 (size before relaxing)
 .debug_str     0x0000198c      0x2af Drivers\STM32F1xx_HAL_Driver\Src\stm32f1xx_hal_cortex.o
                                0xd1e (size before relaxing)
 .debug_str     0x00001c3b      0x220 Drivers\STM32F1xx_HAL_Driver\Src\stm32f1xx_hal_dma.o
                                0xa82 (size before relaxing)
 .debug_str     0x00001e5b      0x1cb Drivers\STM32F1xx_HAL_Driver\Src\stm32f1xx_hal_gpio.o
                                0x88b (size before relaxing)
 .debug_str     0x00002026      0xa5b Drivers\STM32F1xx_HAL_Driver\Src\stm32f1xx_hal_i2c.o
                               0x1321 (size before relaxing)
 .debug_str     0x00002a81      0x2f7 Drivers\STM32F1xx_HAL_Driver\Src\stm32f1xx_hal_rcc.o
                                0xa69 (size before relaxing)
 .debug_str     0x00002d78      0x110 Drivers\STM32F1xx_HAL_Driver\Src\stm32f1xx_hal_rcc_ex.o
                                0x846 (size before relaxing)
 .debug_str     0x00002e88      0x688 Drivers\STM32F1xx_HAL_Driver\Src\stm32f1xx_hal_spi.o
                                0xf5e (size before relaxing)
 .debug_str     0x00003510       0x3b Drivers\STM32F1xx_HAL_Driver\Src\stm32f1xx_hal_spi_ex.o
                                0xa46 (size before relaxing)
 .debug_str     0x0000354b      0xf05 Drivers\STM32F1xx_HAL_Driver\Src\stm32f1xx_hal_tim.o
                               0x17ba (size before relaxing)
 .debug_str     0x00004450      0x4f1 Drivers\STM32F1xx_HAL_Driver\Src\stm32f1xx_hal_tim_ex.o
                               0x105c (size before relaxing)
 .debug_str     0x00004941       0x53 Src\adc.o
                                0xdb3 (size before relaxing)
 .debug_str     0x00004994       0x23 Src\can.o
                                0xa8b (size before relaxing)
 .debug_str     0x000049b7       0x19 Src\dma.o
                                0x960 (size before relaxing)
 .debug_str     0x000049d0       0x1b Src\gpio.o
                                0x6fd (size before relaxing)
 .debug_str     0x000049eb       0x2a Src\i2c.o
                                0xba3 (size before relaxing)
 .debug_str     0x00004a15      0x386 Src\main.o
                               0x1ba7 (size before relaxing)
 .debug_str     0x00004d9b       0xb5 Src\mpu6050.o
                                0xd25 (size before relaxing)
 .debug_str     0x00004e50       0x17 Src\spi.o
                                0xdf7 (size before relaxing)
 .debug_str     0x00004e67       0x1b Src\stm32f1xx_hal_msp.o
                                0x9a6 (size before relaxing)
 .debug_str     0x00004e82      0x127 Src\stm32f1xx_it.o
                                0xe44 (size before relaxing)
 .debug_str     0x00004fa9       0x4d Src\system_stm32f1xx.o
                                0x6f4 (size before relaxing)
 .debug_str     0x00004ff6       0x26 Src\tim.o
                                0xfd3 (size before relaxing)

.comment        0x00000000       0x7c
 .comment       0x00000000       0x7c Drivers\STM32F1xx_HAL_Driver\Src\stm32f1xx_hal.o
                                 0x7d (size before relaxing)
 .comment       0x0000007c       0x7d Drivers\STM32F1xx_HAL_Driver\Src\stm32f1xx_hal_adc.o
 .comment       0x0000007c       0x7d Drivers\STM32F1xx_HAL_Driver\Src\stm32f1xx_hal_adc_ex.o
 .comment       0x0000007c       0x7d Drivers\STM32F1xx_HAL_Driver\Src\stm32f1xx_hal_can.o
 .comment       0x0000007c       0x7d Drivers\STM32F1xx_HAL_Driver\Src\stm32f1xx_hal_cortex.o
 .comment       0x0000007c       0x7d Drivers\STM32F1xx_HAL_Driver\Src\stm32f1xx_hal_dma.o
 .comment       0x0000007c       0x7d Drivers\STM32F1xx_HAL_Driver\Src\stm32f1xx_hal_gpio.o
 .comment       0x0000007c       0x7d Drivers\STM32F1xx_HAL_Driver\Src\stm32f1xx_hal_i2c.o
 .comment       0x0000007c       0x7d Drivers\STM32F1xx_HAL_Driver\Src\stm32f1xx_hal_rcc.o
 .comment       0x0000007c       0x7d Drivers\STM32F1xx_HAL_Driver\Src\stm32f1xx_hal_rcc_ex.o
 .comment       0x0000007c       0x7d Drivers\STM32F1xx_HAL_Driver\Src\stm32f1xx_hal_spi.o
 .comment       0x0000007c       0x7d Drivers\STM32F1xx_HAL_Driver\Src\stm32f1xx_hal_spi_ex.o
 .comment       0x0000007c       0x7d Drivers\STM32F1xx_HAL_Driver\Src\stm32f1xx_hal_tim.o
 .comment       0x0000007c       0x7d Drivers\STM32F1xx_HAL_Driver\Src\stm32f1xx_hal_tim_ex.o
 .comment       0x0000007c       0x7d Src\adc.o
 .comment       0x0000007c       0x7d Src\can.o
 .comment       0x0000007c       0x7d Src\dma.o
 .comment       0x0000007c       0x7d Src\gpio.o
 .comment       0x0000007c       0x7d Src\i2c.o
 .comment       0x0000007c       0x7d Src\main.o
 .comment       0x0000007c       0x7d Src\mpu6050.o
 .comment       0x0000007c       0x7d Src\spi.o
 .comment       0x0000007c       0x7d Src\stm32f1xx_hal_msp.o
 .comment       0x0000007c       0x7d Src\stm32f1xx_it.o
 .comment       0x0000007c       0x7d Src\system_stm32f1xx.o
 .comment       0x0000007c       0x7d Src\tim.o

.debug_frame    0x00000000     0x2af8
 .debug_frame   0x00000000      0x1b0 Drivers\STM32F1xx_HAL_Driver\Src\stm32f1xx_hal.o
 .debug_frame   0x000001b0      0x298 Drivers\STM32F1xx_HAL_Driver\Src\stm32f1xx_hal_adc.o
 .debug_frame   0x00000448      0x170 Drivers\STM32F1xx_HAL_Driver\Src\stm32f1xx_hal_adc_ex.o
 .debug_frame   0x000005b8      0x1bc Drivers\STM32F1xx_HAL_Driver\Src\stm32f1xx_hal_can.o
 .debug_frame   0x00000774      0x120 Drivers\STM32F1xx_HAL_Driver\Src\stm32f1xx_hal_cortex.o
 .debug_frame   0x00000894      0x144 Drivers\STM32F1xx_HAL_Driver\Src\stm32f1xx_hal_dma.o
 .debug_frame   0x000009d8       0xd4 Drivers\STM32F1xx_HAL_Driver\Src\stm32f1xx_hal_gpio.o
 .debug_frame   0x00000aac      0x684 Drivers\STM32F1xx_HAL_Driver\Src\stm32f1xx_hal_i2c.o
 .debug_frame   0x00001130      0x150 Drivers\STM32F1xx_HAL_Driver\Src\stm32f1xx_hal_rcc.o
 .debug_frame   0x00001280       0x6c Drivers\STM32F1xx_HAL_Driver\Src\stm32f1xx_hal_rcc_ex.o
 .debug_frame   0x000012ec      0x570 Drivers\STM32F1xx_HAL_Driver\Src\stm32f1xx_hal_spi.o
 .debug_frame   0x0000185c       0x28 Drivers\STM32F1xx_HAL_Driver\Src\stm32f1xx_hal_spi_ex.o
 .debug_frame   0x00001884      0x854 Drivers\STM32F1xx_HAL_Driver\Src\stm32f1xx_hal_tim.o
 .debug_frame   0x000020d8      0x320 Drivers\STM32F1xx_HAL_Driver\Src\stm32f1xx_hal_tim_ex.o
 .debug_frame   0x000023f8       0x70 Src\adc.o
 .debug_frame   0x00002468       0x58 Src\can.o
 .debug_frame   0x000024c0       0x28 Src\dma.o
 .debug_frame   0x000024e8       0x30 Src\gpio.o
 .debug_frame   0x00002518       0x58 Src\i2c.o
 .debug_frame   0x00002570       0x9c Src\main.o
 .debug_frame   0x0000260c       0x68 Src\mpu6050.o
 .debug_frame   0x00002674       0x70 Src\spi.o
 .debug_frame   0x000026e4       0x2c Src\stm32f1xx_hal_msp.o
 .debug_frame   0x00002710      0x11c Src\stm32f1xx_it.o
 .debug_frame   0x0000282c       0x30 Src\system_stm32f1xx.o
 .debug_frame   0x0000285c       0xa8 Src\tim.o
 .debug_frame   0x00002904       0x2c c:/program files (x86)/atollic/truestudio for stm32 9.1.0/armtools/bin/../lib/gcc/arm-atollic-eabi/6.3.1/../../../../arm-atollic-eabi/lib/armv7-m\libc_nano.a(lib_a-init.o)
 .debug_frame   0x00002930       0xac c:/program files (x86)/atollic/truestudio for stm32 9.1.0/armtools/bin/../lib/gcc/arm-atollic-eabi/6.3.1/armv7-m\libgcc.a(_arm_addsubdf3.o)
 .debug_frame   0x000029dc       0x50 c:/program files (x86)/atollic/truestudio for stm32 9.1.0/armtools/bin/../lib/gcc/arm-atollic-eabi/6.3.1/armv7-m\libgcc.a(_arm_muldivdf3.o)
 .debug_frame   0x00002a2c       0x24 c:/program files (x86)/atollic/truestudio for stm32 9.1.0/armtools/bin/../lib/gcc/arm-atollic-eabi/6.3.1/armv7-m\libgcc.a(_arm_fixunsdfsi.o)
 .debug_frame   0x00002a50       0x4c c:/program files (x86)/atollic/truestudio for stm32 9.1.0/armtools/bin/../lib/gcc/arm-atollic-eabi/6.3.1/armv7-m\libgcc.a(_arm_addsubsf3.o)
 .debug_frame   0x00002a9c       0x38 c:/program files (x86)/atollic/truestudio for stm32 9.1.0/armtools/bin/../lib/gcc/arm-atollic-eabi/6.3.1/armv7-m\libgcc.a(_arm_muldivsf3.o)
 .debug_frame   0x00002ad4       0x24 c:/program files (x86)/atollic/truestudio for stm32 9.1.0/armtools/bin/../lib/gcc/arm-atollic-eabi/6.3.1/armv7-m\libgcc.a(_arm_fixunssfsi.o)
