stm32f1xx_hal_can.c:364:19:HAL_CAN_ConfigFilter	16	static
stm32f1xx_hal_can.c:500:13:HAL_CAN_MspInit	0	static
stm32f1xx_hal_can.c:171:19:HAL_CAN_Init	16	static
stm32f1xx_hal_can.c:515:13:HAL_CAN_MspDeInit	0	static
stm32f1xx_hal_can.c:467:19:HAL_CAN_DeInit	8	static
stm32f1xx_hal_can.c:552:19:HAL_CAN_Transmit	32	static
stm32f1xx_hal_can.c:694:19:HAL_CAN_Transmit_IT	20	static
stm32f1xx_hal_can.c:815:19:HAL_CAN_Receive	24	static
stm32f1xx_hal_can.c:1002:19:HAL_CAN_Receive_IT	8	static
stm32f1xx_hal_can.c:1107:19:HAL_CAN_Sleep	16	static
stm32f1xx_hal_can.c:1168:19:HAL_CAN_WakeUp	16	static
stm32f1xx_hal_can.c:1415:13:HAL_CAN_TxCpltCallback	0	static
stm32f1xx_hal_can.c:1430:13:HAL_CAN_RxCpltCallback	0	static
stm32f1xx_hal_can.c:1565:26:CAN_Receive_IT	16	static
stm32f1xx_hal_can.c:1445:13:HAL_CAN_ErrorCallback	0	static
stm32f1xx_hal_can.c:1220:6:HAL_CAN_IRQHandler	16	static
stm32f1xx_hal_can.c:1480:22:HAL_CAN_GetState	0	static
stm32f1xx_hal_can.c:1492:10:HAL_CAN_GetError	0	static
